Archive member included to satisfy reference by file (symbol)

c:/users/marko micovic/desktop/gnu mcu/arm-none-eabi-gcc-9.3.1-1.1/bin/../lib/gcc/arm-none-eabi/9.3.1/../../../../arm-none-eabi/lib/thumb/v7-m/nofp\libc_nano.a(lib_a-exit.o)
                              c:/users/marko micovic/desktop/gnu mcu/arm-none-eabi-gcc-9.3.1-1.1/bin/../lib/gcc/arm-none-eabi/9.3.1/../../../../arm-none-eabi/lib/thumb/v7-m/nofp/crt0.o (exit)
c:/users/marko micovic/desktop/gnu mcu/arm-none-eabi-gcc-9.3.1-1.1/bin/../lib/gcc/arm-none-eabi/9.3.1/../../../../arm-none-eabi/lib/thumb/v7-m/nofp\libc_nano.a(lib_a-impure.o)
                              c:/users/marko micovic/desktop/gnu mcu/arm-none-eabi-gcc-9.3.1-1.1/bin/../lib/gcc/arm-none-eabi/9.3.1/../../../../arm-none-eabi/lib/thumb/v7-m/nofp\libc_nano.a(lib_a-exit.o) (_global_impure_ptr)
c:/users/marko micovic/desktop/gnu mcu/arm-none-eabi-gcc-9.3.1-1.1/bin/../lib/gcc/arm-none-eabi/9.3.1/../../../../arm-none-eabi/lib/thumb/v7-m/nofp\libc_nano.a(lib_a-init.o)
                              c:/users/marko micovic/desktop/gnu mcu/arm-none-eabi-gcc-9.3.1-1.1/bin/../lib/gcc/arm-none-eabi/9.3.1/../../../../arm-none-eabi/lib/thumb/v7-m/nofp/crt0.o (__libc_init_array)
c:/users/marko micovic/desktop/gnu mcu/arm-none-eabi-gcc-9.3.1-1.1/bin/../lib/gcc/arm-none-eabi/9.3.1/../../../../arm-none-eabi/lib/thumb/v7-m/nofp\libc_nano.a(lib_a-memcpy-stub.o)
                              build/queue.o (memcpy)
c:/users/marko micovic/desktop/gnu mcu/arm-none-eabi-gcc-9.3.1-1.1/bin/../lib/gcc/arm-none-eabi/9.3.1/../../../../arm-none-eabi/lib/thumb/v7-m/nofp\libc_nano.a(lib_a-memset.o)
                              c:/users/marko micovic/desktop/gnu mcu/arm-none-eabi-gcc-9.3.1-1.1/bin/../lib/gcc/arm-none-eabi/9.3.1/../../../../arm-none-eabi/lib/thumb/v7-m/nofp/crt0.o (memset)
c:/users/marko micovic/desktop/gnu mcu/arm-none-eabi-gcc-9.3.1-1.1/bin/../lib/gcc/arm-none-eabi/9.3.1/../../../../arm-none-eabi/lib/thumb/v7-m/nofp\libc_nano.a(lib_a-strlen.o)
                              build/uart_driver.o (strlen)
c:/users/marko micovic/desktop/gnu mcu/arm-none-eabi-gcc-9.3.1-1.1/bin/../lib/gcc/arm-none-eabi/9.3.1/../../../../arm-none-eabi/lib/thumb/v7-m/nofp\libnosys.a(_exit.o)
                              c:/users/marko micovic/desktop/gnu mcu/arm-none-eabi-gcc-9.3.1-1.1/bin/../lib/gcc/arm-none-eabi/9.3.1/../../../../arm-none-eabi/lib/thumb/v7-m/nofp\libc_nano.a(lib_a-exit.o) (_exit)

Allocating common symbols
Common symbol       size              file

defaultTaskHandle   0x4               build/freertos.o
uwTick              0x4               build/stm32f1xx_hal.o
xQueueRegistry      0x40              build/queue.o
pFlash              0x20              build/stm32f1xx_hal_flash.o
huart1              0x40              build/usart.o
htim1               0x48              build/stm32f1xx_hal_timebase_tim.o
huart2              0x40              build/usart.o

Discarded input sections

 .text          0x0000000000000000        0x0 c:/users/marko micovic/desktop/gnu mcu/arm-none-eabi-gcc-9.3.1-1.1/bin/../lib/gcc/arm-none-eabi/9.3.1/thumb/v7-m/nofp/crti.o
 .data          0x0000000000000000        0x0 c:/users/marko micovic/desktop/gnu mcu/arm-none-eabi-gcc-9.3.1-1.1/bin/../lib/gcc/arm-none-eabi/9.3.1/thumb/v7-m/nofp/crti.o
 .bss           0x0000000000000000        0x0 c:/users/marko micovic/desktop/gnu mcu/arm-none-eabi-gcc-9.3.1-1.1/bin/../lib/gcc/arm-none-eabi/9.3.1/thumb/v7-m/nofp/crti.o
 .text          0x0000000000000000        0x0 c:/users/marko micovic/desktop/gnu mcu/arm-none-eabi-gcc-9.3.1-1.1/bin/../lib/gcc/arm-none-eabi/9.3.1/thumb/v7-m/nofp/crtbegin.o
 .data          0x0000000000000000        0x0 c:/users/marko micovic/desktop/gnu mcu/arm-none-eabi-gcc-9.3.1-1.1/bin/../lib/gcc/arm-none-eabi/9.3.1/thumb/v7-m/nofp/crtbegin.o
 .bss           0x0000000000000000        0x0 c:/users/marko micovic/desktop/gnu mcu/arm-none-eabi-gcc-9.3.1-1.1/bin/../lib/gcc/arm-none-eabi/9.3.1/thumb/v7-m/nofp/crtbegin.o
 .data.__dso_handle
                0x0000000000000000        0x4 c:/users/marko micovic/desktop/gnu mcu/arm-none-eabi-gcc-9.3.1-1.1/bin/../lib/gcc/arm-none-eabi/9.3.1/thumb/v7-m/nofp/crtbegin.o
 .text          0x0000000000000000       0x7c c:/users/marko micovic/desktop/gnu mcu/arm-none-eabi-gcc-9.3.1-1.1/bin/../lib/gcc/arm-none-eabi/9.3.1/../../../../arm-none-eabi/lib/thumb/v7-m/nofp/crt0.o
 .data          0x0000000000000000        0x0 c:/users/marko micovic/desktop/gnu mcu/arm-none-eabi-gcc-9.3.1-1.1/bin/../lib/gcc/arm-none-eabi/9.3.1/../../../../arm-none-eabi/lib/thumb/v7-m/nofp/crt0.o
 .bss           0x0000000000000000        0x0 c:/users/marko micovic/desktop/gnu mcu/arm-none-eabi-gcc-9.3.1-1.1/bin/../lib/gcc/arm-none-eabi/9.3.1/../../../../arm-none-eabi/lib/thumb/v7-m/nofp/crt0.o
 .ARM.extab     0x0000000000000000        0x0 c:/users/marko micovic/desktop/gnu mcu/arm-none-eabi-gcc-9.3.1-1.1/bin/../lib/gcc/arm-none-eabi/9.3.1/../../../../arm-none-eabi/lib/thumb/v7-m/nofp/crt0.o
[...]
Memory Configuration

Name             Origin             Length             Attributes
RAM              0x0000000020000000 0x0000000000002800 xrw
FLASH            0x0000000008000000 0x0000000000008000 xr
*default*        0x0000000000000000 0xffffffffffffffff

Linker script and memory map

LOAD c:/users/marko micovic/desktop/gnu mcu/arm-none-eabi-gcc-9.3.1-1.1/bin/../lib/gcc/arm-none-eabi/9.3.1/thumb/v7-m/nofp/crti.o
LOAD c:/users/marko micovic/desktop/gnu mcu/arm-none-eabi-gcc-9.3.1-1.1/bin/../lib/gcc/arm-none-eabi/9.3.1/thumb/v7-m/nofp/crtbegin.o
LOAD c:/users/marko micovic/desktop/gnu mcu/arm-none-eabi-gcc-9.3.1-1.1/bin/../lib/gcc/arm-none-eabi/9.3.1/../../../../arm-none-eabi/lib/thumb/v7-m/nofp/crt0.o
LOAD build/main.o
LOAD build/stm32f1xx_it.o
LOAD build/stm32f1xx_hal_msp.o
LOAD build/stm32f1xx_hal_gpio_ex.o
LOAD build/stm32f1xx_hal_tim.o
LOAD build/stm32f1xx_hal_tim_ex.o
LOAD build/stm32f1xx_hal.o
LOAD build/stm32f1xx_hal_rcc.o
LOAD build/stm32f1xx_hal_rcc_ex.o
LOAD build/stm32f1xx_hal_gpio.o
LOAD build/stm32f1xx_hal_dma.o
LOAD build/stm32f1xx_hal_cortex.o
LOAD build/stm32f1xx_hal_pwr.o
LOAD build/stm32f1xx_hal_flash.o
LOAD build/stm32f1xx_hal_flash_ex.o
LOAD build/stm32f1xx_hal_exti.o
LOAD build/system_stm32f1xx.o
LOAD build/gpio.o
LOAD build/freertos.o
LOAD build/usart.o
LOAD build/uart_driver.o
LOAD build/work.o
LOAD build/stm32f1xx_hal_timebase_tim.o
LOAD build/stm32f1xx_hal_uart.o
LOAD build/croutine.o
LOAD build/event_groups.o
LOAD build/list.o
LOAD build/queue.o
LOAD build/stream_buffer.o
LOAD build/tasks.o
LOAD build/timers.o
LOAD build/cmsis_os2.o
LOAD build/heap_4.o
LOAD build/port.o
LOAD build/startup_stm32f103x6_init.o
LOAD c:/users/marko micovic/desktop/gnu mcu/arm-none-eabi-gcc-9.3.1-1.1/bin/../lib/gcc/arm-none-eabi/9.3.1/../../../../arm-none-eabi/lib/thumb/v7-m/nofp\libc_nano.a
LOAD c:/users/marko micovic/desktop/gnu mcu/arm-none-eabi-gcc-9.3.1-1.1/bin/../lib/gcc/arm-none-eabi/9.3.1/../../../../arm-none-eabi/lib/thumb/v7-m/nofp\libm.a
LOAD c:/users/marko micovic/desktop/gnu mcu/arm-none-eabi-gcc-9.3.1-1.1/bin/../lib/gcc/arm-none-eabi/9.3.1/../../../../arm-none-eabi/lib/thumb/v7-m/nofp\libnosys.a
START GROUP
LOAD c:/users/marko micovic/desktop/gnu mcu/arm-none-eabi-gcc-9.3.1-1.1/bin/../lib/gcc/arm-none-eabi/9.3.1/thumb/v7-m/nofp\libgcc.a
LOAD c:/users/marko micovic/desktop/gnu mcu/arm-none-eabi-gcc-9.3.1-1.1/bin/../lib/gcc/arm-none-eabi/9.3.1/../../../../arm-none-eabi/lib/thumb/v7-m/nofp\libc_nano.a
END GROUP
START GROUP
LOAD c:/users/marko micovic/desktop/gnu mcu/arm-none-eabi-gcc-9.3.1-1.1/bin/../lib/gcc/arm-none-eabi/9.3.1/thumb/v7-m/nofp\libgcc.a
LOAD c:/users/marko micovic/desktop/gnu mcu/arm-none-eabi-gcc-9.3.1-1.1/bin/../lib/gcc/arm-none-eabi/9.3.1/../../../../arm-none-eabi/lib/thumb/v7-m/nofp\libc_nano.a
END GROUP
LOAD c:/users/marko micovic/desktop/gnu mcu/arm-none-eabi-gcc-9.3.1-1.1/bin/../lib/gcc/arm-none-eabi/9.3.1/thumb/v7-m/nofp/crtend.o
LOAD c:/users/marko micovic/desktop/gnu mcu/arm-none-eabi-gcc-9.3.1-1.1/bin/../lib/gcc/arm-none-eabi/9.3.1/thumb/v7-m/nofp/crtn.o
                0x0000000020002800                _estack = 0x20002800
                0x0000000000000200                _Min_Heap_Size = 0x200
                0x0000000000000400                _Min_Stack_Size = 0x400

.isr_vector     0x0000000008000000      0x10c
                0x0000000008000000                . = ALIGN (0x4)
 *(.isr_vector)
 .isr_vector    0x0000000008000000      0x10c build/startup_stm32f103x6_init.o
                0x0000000008000000                g_pfnVectors
                0x000000000800010c                . = ALIGN (0x4)

.text           0x0000000008000110     0x3c90
                0x0000000008000110                . = ALIGN (0x4)
 *(.text)
 .text          0x0000000008000110       0x10 c:/users/marko micovic/desktop/gnu mcu/arm-none-eabi-gcc-9.3.1-1.1/bin/../lib/gcc/arm-none-eabi/9.3.1/../../../../arm-none-eabi/lib/thumb/v7-m/nofp\libc_nano.a(lib_a-strlen.o)
                0x0000000008000110                strlen
 *(.text*)
 .text.__do_global_dtors_aux
                0x0000000008000120       0x24 c:/users/marko micovic/desktop/gnu mcu/arm-none-eabi-gcc-9.3.1-1.1/bin/../lib/gcc/arm-none-eabi/9.3.1/thumb/v7-m/nofp/crtbegin.o
 .text.frame_dummy
                0x0000000008000144       0x1c c:/users/marko micovic/desktop/gnu mcu/arm-none-eabi-gcc-9.3.1-1.1/bin/../lib/gcc/arm-none-eabi/9.3.1/thumb/v7-m/nofp/crtbegin.o
 .text.SystemClock_Config
                0x0000000008000160       0x54 build/main.o
                0x0000000008000160                SystemClock_Config
 .text.main     0x00000000080001b4       0x4c build/main.o
                0x00000000080001b4                main
 .text.HAL_TIM_PeriodElapsedCallback
                0x0000000008000200       0x1c build/main.o
                0x0000000008000200                HAL_TIM_PeriodElapsedCallback
 .text.Error_Handler
                0x000000000800021c        0x2 build/main.o
                0x000000000800021c                Error_Handler
 .text.NMI_Handler
                0x000000000800021e        0x2 build/stm32f1xx_it.o
                0x000000000800021e                NMI_Handler
 .text.HardFault_Handler
                0x0000000008000220        0x2 build/stm32f1xx_it.o
                0x0000000008000220                HardFault_Handler
 .text.MemManage_Handler
                0x0000000008000222        0x2 build/stm32f1xx_it.o
                0x0000000008000222                MemManage_Handler
 .text.BusFault_Handler
                0x0000000008000224        0x2 build/stm32f1xx_it.o
                0x0000000008000224                BusFault_Handler
 .text.UsageFault_Handler
                0x0000000008000226        0x2 build/stm32f1xx_it.o
                0x0000000008000226                UsageFault_Handler
 .text.DebugMon_Handler
                0x0000000008000228        0x2 build/stm32f1xx_it.o
                0x0000000008000228                DebugMon_Handler
 *fill*         0x000000000800022a        0x2 
 .text.TIM1_UP_IRQHandler
                0x000000000800022c       0x14 build/stm32f1xx_it.o
                0x000000000800022c                TIM1_UP_IRQHandler
 .text.USART1_IRQHandler
                0x0000000008000240       0x14 build/stm32f1xx_it.o
                0x0000000008000240                USART1_IRQHandler
 .text.USART2_IRQHandler
                0x0000000008000254       0x14 build/stm32f1xx_it.o
                0x0000000008000254                USART2_IRQHandler
 .text.HAL_MspInit
                0x0000000008000268       0x44 build/stm32f1xx_hal_msp.o
                0x0000000008000268                HAL_MspInit
 .text.HAL_TIM_Base_MspInit
                0x00000000080002ac        0x2 build/stm32f1xx_hal_tim.o
                0x00000000080002ac                HAL_TIM_Base_MspInit
 *fill*         0x00000000080002ae        0x2 
 .text.HAL_TIM_Base_Start_IT
                0x00000000080002b0       0x60 build/stm32f1xx_hal_tim.o
                0x00000000080002b0                HAL_TIM_Base_Start_IT
 .text.HAL_TIM_OC_DelayElapsedCallback
                0x0000000008000310        0x2 build/stm32f1xx_hal_tim.o
                0x0000000008000310                HAL_TIM_OC_DelayElapsedCallback
 .text.HAL_TIM_IC_CaptureCallback
                0x0000000008000312        0x2 build/stm32f1xx_hal_tim.o
                0x0000000008000312                HAL_TIM_IC_CaptureCallback
 .text.HAL_TIM_PWM_PulseFinishedCallback
                0x0000000008000314        0x2 build/stm32f1xx_hal_tim.o
                0x0000000008000314                HAL_TIM_PWM_PulseFinishedCallback
 .text.HAL_TIM_TriggerCallback
                0x0000000008000316        0x2 build/stm32f1xx_hal_tim.o
                0x0000000008000316                HAL_TIM_TriggerCallback
 .text.HAL_TIM_IRQHandler
                0x0000000008000318      0x198 build/stm32f1xx_hal_tim.o
                0x0000000008000318                HAL_TIM_IRQHandler
 .text.TIM_Base_SetConfig
                0x00000000080004b0       0x64 build/stm32f1xx_hal_tim.o
                0x00000000080004b0                TIM_Base_SetConfig
 .text.HAL_TIM_Base_Init
                0x0000000008000514       0x60 build/stm32f1xx_hal_tim.o
                0x0000000008000514                HAL_TIM_Base_Init
 .text.HAL_TIMEx_CommutCallback
                0x0000000008000574        0x2 build/stm32f1xx_hal_tim_ex.o
                0x0000000008000574                HAL_TIMEx_CommutCallback
 .text.HAL_TIMEx_BreakCallback
                0x0000000008000576        0x2 build/stm32f1xx_hal_tim_ex.o
                0x0000000008000576                HAL_TIMEx_BreakCallback
 .text.HAL_Init
                0x0000000008000578       0x30 build/stm32f1xx_hal.o
                0x0000000008000578                HAL_Init
 .text.HAL_IncTick
                0x00000000080005a8       0x18 build/stm32f1xx_hal.o
                0x00000000080005a8                HAL_IncTick
 .text.HAL_GetTick
                0x00000000080005c0        0xc build/stm32f1xx_hal.o
                0x00000000080005c0                HAL_GetTick
 .text.RCC_Delay
                0x00000000080005cc       0x2c build/stm32f1xx_hal_rcc.o
 .text.HAL_RCC_OscConfig
                0x00000000080005f8      0x41c build/stm32f1xx_hal_rcc.o
                0x00000000080005f8                HAL_RCC_OscConfig
 .text.HAL_RCC_GetSysClockFreq
                0x0000000008000a14       0x6c build/stm32f1xx_hal_rcc.o
                0x0000000008000a14                HAL_RCC_GetSysClockFreq
 .text.HAL_RCC_ClockConfig
                0x0000000008000a80      0x178 build/stm32f1xx_hal_rcc.o
                0x0000000008000a80                HAL_RCC_ClockConfig
 .text.HAL_RCC_GetHCLKFreq
                0x0000000008000bf8        0xc build/stm32f1xx_hal_rcc.o
                0x0000000008000bf8                HAL_RCC_GetHCLKFreq
 .text.HAL_RCC_GetPCLK1Freq
                0x0000000008000c04       0x24 build/stm32f1xx_hal_rcc.o
                0x0000000008000c04                HAL_RCC_GetPCLK1Freq
 .text.HAL_RCC_GetPCLK2Freq
                0x0000000008000c28       0x24 build/stm32f1xx_hal_rcc.o
                0x0000000008000c28                HAL_RCC_GetPCLK2Freq
 .text.HAL_RCC_GetClockConfig
                0x0000000008000c4c       0x3c build/stm32f1xx_hal_rcc.o
                0x0000000008000c4c                HAL_RCC_GetClockConfig
 .text.HAL_GPIO_Init
                0x0000000008000c88      0x218 build/stm32f1xx_hal_gpio.o
                0x0000000008000c88                HAL_GPIO_Init
 .text.HAL_DMA_Abort_IT
                0x0000000008000ea0       0x98 build/stm32f1xx_hal_dma.o
                0x0000000008000ea0                HAL_DMA_Abort_IT
 .text.HAL_NVIC_SetPriorityGrouping
                0x0000000008000f38       0x24 build/stm32f1xx_hal_cortex.o
                0x0000000008000f38                HAL_NVIC_SetPriorityGrouping
 .text.HAL_NVIC_SetPriority
                0x0000000008000f5c       0x68 build/stm32f1xx_hal_cortex.o
                0x0000000008000f5c                HAL_NVIC_SetPriority
 .text.HAL_NVIC_EnableIRQ
                0x0000000008000fc4       0x1c build/stm32f1xx_hal_cortex.o
                0x0000000008000fc4                HAL_NVIC_EnableIRQ
 .text.SystemInit
                0x0000000008000fe0        0x2 build/system_stm32f1xx.o
                0x0000000008000fe0                SystemInit
 *fill*         0x0000000008000fe2        0x2 
 .text.MX_GPIO_Init
                0x0000000008000fe4       0x20 build/gpio.o
                0x0000000008000fe4                MX_GPIO_Init
 .text.MX_FREERTOS_Init
                0x0000000008001004        0x2 build/freertos.o
                0x0000000008001004                MX_FREERTOS_Init
 *fill*         0x0000000008001006        0x2 
 .text.MX_USART1_UART_Init
                0x0000000008001008       0x40 build/usart.o
                0x0000000008001008                MX_USART1_UART_Init
 .text.MX_USART2_UART_Init
                0x0000000008001048       0x44 build/usart.o
                0x0000000008001048                MX_USART2_UART_Init
 .text.HAL_UART_MspInit
                0x000000000800108c       0xfc build/usart.o
                0x000000000800108c                HAL_UART_MspInit
 .text.UART_RxTask
                0x0000000008001188       0x4c build/uart_driver.o
 .text.UART_TxTask
                0x00000000080011d4       0x4c build/uart_driver.o
 .text.HAL_UART_TxCpltCallback
                0x0000000008001220       0x64 build/uart_driver.o
                0x0000000008001220                HAL_UART_TxCpltCallback
 .text.HAL_UART_RxCpltCallback
                0x0000000008001284       0x64 build/uart_driver.o
                0x0000000008001284                HAL_UART_RxCpltCallback
 .text.UART_Init
                0x00000000080012e8      0x108 build/uart_driver.o
                0x00000000080012e8                UART_Init
 .text.UART_AsyncTxString
                0x00000000080013f0       0x68 build/uart_driver.o
                0x00000000080013f0                UART_AsyncTxString
 .text.UART_AsyncTxMotorCommand
                0x0000000008001458       0x5c build/uart_driver.o
                0x0000000008001458                UART_AsyncTxMotorCommand
 .text.UART_BlockRxString
                0x00000000080014b4       0x80 build/uart_driver.o
                0x00000000080014b4                UART_BlockRxString
 .text.workTask
                0x0000000008001534       0xac build/work.o
 .text.workInit
                0x00000000080015e0       0x30 build/work.o
                0x00000000080015e0                workInit
 .text.HAL_InitTick
                0x0000000008001610       0x90 build/stm32f1xx_hal_timebase_tim.o
                0x0000000008001610                HAL_InitTick
 .text.UART_EndRxTransfer
                0x00000000080016a0       0x1c build/stm32f1xx_hal_uart.o
 .text.UART_Transmit_IT
                0x00000000080016bc       0x60 build/stm32f1xx_hal_uart.o
 .text.UART_SetConfig
                0x000000000800171c       0x98 build/stm32f1xx_hal_uart.o
 .text.HAL_UART_Init
                0x00000000080017b4       0x68 build/stm32f1xx_hal_uart.o
                0x00000000080017b4                HAL_UART_Init
 .text.HAL_UART_Transmit_IT
                0x000000000800181c       0x48 build/stm32f1xx_hal_uart.o
                0x000000000800181c                HAL_UART_Transmit_IT
 .text.HAL_UART_Receive_IT
                0x0000000008001864       0x5c build/stm32f1xx_hal_uart.o
                0x0000000008001864                HAL_UART_Receive_IT
 .text.UART_EndTransmit_IT
                0x00000000080018c0       0x20 build/stm32f1xx_hal_uart.o
 .text.UART_Receive_IT
                0x00000000080018e0       0x98 build/stm32f1xx_hal_uart.o
 .text.HAL_UART_ErrorCallback
                0x0000000008001978        0x2 build/stm32f1xx_hal_uart.o
                0x0000000008001978                HAL_UART_ErrorCallback
 *fill*         0x000000000800197a        0x2 
 .text.HAL_UART_IRQHandler
                0x000000000800197c      0x140 build/stm32f1xx_hal_uart.o
                0x000000000800197c                HAL_UART_IRQHandler
 .text.UART_DMAAbortOnError
                0x0000000008001abc       0x14 build/stm32f1xx_hal_uart.o
 .text.vListInitialise
                0x0000000008001ad0       0x16 build/list.o
                0x0000000008001ad0                vListInitialise
 .text.vListInitialiseItem
                0x0000000008001ae6        0x6 build/list.o
                0x0000000008001ae6                vListInitialiseItem
 .text.vListInsertEnd
                0x0000000008001aec       0x16 build/list.o
                0x0000000008001aec                vListInsertEnd
 .text.vListInsert
                0x0000000008001b02       0x32 build/list.o
                0x0000000008001b02                vListInsert
 .text.uxListRemove
                0x0000000008001b34       0x26 build/list.o
                0x0000000008001b34                uxListRemove
 .text.prvGetDisinheritPriorityAfterTimeout
                0x0000000008001b5a       0x10 build/queue.o
 *fill*         0x0000000008001b6a        0x2 
 .text.prvIsQueueFull
                0x0000000008001b6c       0x28 build/queue.o
 .text.prvIsQueueEmpty
                0x0000000008001b94       0x24 build/queue.o
 .text.prvCopyDataToQueue
                0x0000000008001bb8       0x80 build/queue.o
 .text.prvCopyDataFromQueue
                0x0000000008001c38       0x28 build/queue.o
 .text.prvUnlockQueue
                0x0000000008001c60       0x80 build/queue.o
 .text.xQueueGenericReset
                0x0000000008001ce0       0x94 build/queue.o
                0x0000000008001ce0                xQueueGenericReset
 .text.prvInitialiseNewQueue
                0x0000000008001d74       0x28 build/queue.o
 .text.xQueueGenericCreateStatic
                0x0000000008001d9c       0x98 build/queue.o
                0x0000000008001d9c                xQueueGenericCreateStatic
 .text.xQueueGenericCreate
                0x0000000008001e34       0x58 build/queue.o
                0x0000000008001e34                xQueueGenericCreate
 .text.xQueueGenericSend
                0x0000000008001e8c      0x1b0 build/queue.o
                0x0000000008001e8c                xQueueGenericSend
 .text.prvInitialiseMutex
                0x000000000800203c       0x1c build/queue.o
 .text.xQueueCreateMutex
                0x0000000008002058       0x20 build/queue.o
                0x0000000008002058                xQueueCreateMutex
 .text.xQueueGenericSendFromISR
                0x0000000008002078       0xdc build/queue.o
                0x0000000008002078                xQueueGenericSendFromISR
 .text.xQueueReceive
                0x0000000008002154      0x18c build/queue.o
                0x0000000008002154                xQueueReceive
 .text.xQueueSemaphoreTake
                0x00000000080022e0      0x1e0 build/queue.o
                0x00000000080022e0                xQueueSemaphoreTake
 .text.vQueueAddToRegistry
                0x00000000080024c0       0x28 build/queue.o
                0x00000000080024c0                vQueueAddToRegistry
 .text.vQueueWaitForMessageRestricted
                0x00000000080024e8       0x64 build/queue.o
                0x00000000080024e8                vQueueWaitForMessageRestricted
 .text.prvResetNextTaskUnblockTime
                0x000000000800254c       0x2c build/tasks.o
 .text.prvInitialiseNewTask
                0x0000000008002578       0x9c build/tasks.o
 .text.prvInitialiseTaskLists
                0x0000000008002614       0x64 build/tasks.o
 .text.prvAddNewTaskToReadyList
                0x0000000008002678       0xbc build/tasks.o
 .text.prvDeleteTCB
                0x0000000008002734       0x3c build/tasks.o
 .text.prvCheckTasksWaitingTermination
                0x0000000008002770       0x5c build/tasks.o
 .text.prvIdleTask
                0x00000000080027cc       0x2c build/tasks.o
 .text.prvAddCurrentTaskToDelayedList
                0x00000000080027f8       0x88 build/tasks.o
 .text.xTaskCreateStatic
                0x0000000008002880       0x7c build/tasks.o
                0x0000000008002880                xTaskCreateStatic
 .text.xTaskCreate
                0x00000000080028fc       0x78 build/tasks.o
                0x00000000080028fc                xTaskCreate
 .text.vTaskStartScheduler
                0x0000000008002974       0xa4 build/tasks.o
                0x0000000008002974                vTaskStartScheduler
 .text.vTaskSuspendAll
                0x0000000008002a18       0x10 build/tasks.o
                0x0000000008002a18                vTaskSuspendAll
 .text.xTaskGetTickCount
                0x0000000008002a28        0xc build/tasks.o
                0x0000000008002a28                xTaskGetTickCount
 .text.xTaskIncrementTick
                0x0000000008002a34      0x124 build/tasks.o
                0x0000000008002a34                xTaskIncrementTick
 .text.xTaskResumeAll
                0x0000000008002b58      0x10c build/tasks.o
                0x0000000008002b58                xTaskResumeAll
 .text.vTaskSwitchContext
                0x0000000008002c64       0x94 build/tasks.o
                0x0000000008002c64                vTaskSwitchContext
 .text.vTaskPlaceOnEventList
                0x0000000008002cf8       0x38 build/tasks.o
                0x0000000008002cf8                vTaskPlaceOnEventList
 .text.vTaskPlaceOnEventListRestricted
                0x0000000008002d30       0x40 build/tasks.o
                0x0000000008002d30                vTaskPlaceOnEventListRestricted
 .text.xTaskRemoveFromEventList
                0x0000000008002d70       0x94 build/tasks.o
                0x0000000008002d70                xTaskRemoveFromEventList
 .text.vTaskInternalSetTimeOutState
                0x0000000008002e04       0x18 build/tasks.o
                0x0000000008002e04                vTaskInternalSetTimeOutState
 .text.xTaskCheckForTimeOut
                0x0000000008002e1c       0x90 build/tasks.o
                0x0000000008002e1c                xTaskCheckForTimeOut
 .text.vTaskMissedYield
                0x0000000008002eac        0xc build/tasks.o
                0x0000000008002eac                vTaskMissedYield
 .text.xTaskGetSchedulerState
                0x0000000008002eb8       0x20 build/tasks.o
                0x0000000008002eb8                xTaskGetSchedulerState
 .text.xTaskPriorityInherit
                0x0000000008002ed8       0xa0 build/tasks.o
                0x0000000008002ed8                xTaskPriorityInherit
 .text.xTaskPriorityDisinherit
                0x0000000008002f78       0x98 build/tasks.o
                0x0000000008002f78                xTaskPriorityDisinherit
 .text.vTaskPriorityDisinheritAfterTimeout
                0x0000000008003010       0xac build/tasks.o
                0x0000000008003010                vTaskPriorityDisinheritAfterTimeout
 .text.pvTaskIncrementMutexHeldCount
                0x00000000080030bc       0x1c build/tasks.o
                0x00000000080030bc                pvTaskIncrementMutexHeldCount
 .text.ulTaskNotifyTake
                0x00000000080030d8       0x84 build/tasks.o
                0x00000000080030d8                ulTaskNotifyTake
 .text.vTaskNotifyGiveFromISR
                0x000000000800315c       0xdc build/tasks.o
                0x000000000800315c                vTaskNotifyGiveFromISR
 .text.prvGetNextExpireTime
                0x0000000008003238       0x20 build/timers.o
 .text.prvInsertTimerInActiveList
                0x0000000008003258       0x4c build/timers.o
 .text.prvCheckForValidListAndQueue
                0x00000000080032a4       0x80 build/timers.o
 .text.xTimerCreateTimerTask
                0x0000000008003324       0x70 build/timers.o
                0x0000000008003324                xTimerCreateTimerTask
 .text.xTimerGenericCommand
                0x0000000008003394       0x78 build/timers.o
                0x0000000008003394                xTimerGenericCommand
 .text.prvSwitchTimerLists
                0x000000000800340c       0x88 build/timers.o
 .text.prvSampleTimeNow
                0x0000000008003494       0x34 build/timers.o
 .text.prvProcessExpiredTimer
                0x00000000080034c8       0x6c build/timers.o
 .text.prvProcessTimerOrBlockTask
                0x0000000008003534       0x88 build/timers.o
 .text.prvProcessReceivedCommands
                0x00000000080035bc      0x110 build/timers.o
 .text.prvTimerTask
                0x00000000080036cc       0x24 build/timers.o
 .text.osKernelInitialize
                0x00000000080036f0       0x44 build/cmsis_os2.o
                0x00000000080036f0                osKernelInitialize
 .text.osKernelStart
                0x0000000008003734       0x50 build/cmsis_os2.o
                0x0000000008003734                osKernelStart
 .text.vApplicationGetIdleTaskMemory
                0x0000000008003784       0x18 build/cmsis_os2.o
                0x0000000008003784                vApplicationGetIdleTaskMemory
 .text.vApplicationGetTimerTaskMemory
                0x000000000800379c       0x18 build/cmsis_os2.o
                0x000000000800379c                vApplicationGetTimerTaskMemory
 .text.prvHeapInit
                0x00000000080037b4       0x64 build/heap_4.o
 .text.prvInsertBlockIntoFreeList
                0x0000000008003818       0x54 build/heap_4.o
 .text.pvPortMalloc
                0x000000000800386c      0x100 build/heap_4.o
                0x000000000800386c                pvPortMalloc
 .text.vPortFree
                0x000000000800396c       0x7c build/heap_4.o
                0x000000000800396c                vPortFree
 .text.prvTaskExitError
                0x00000000080039e8       0x40 build/port.o
 .text.prvPortStartFirstTask
                0x0000000008003a28       0x20 build/port.o
 .text.pxPortInitialiseStack
                0x0000000008003a48       0x24 build/port.o
                0x0000000008003a48                pxPortInitialiseStack
 *fill*         0x0000000008003a6c        0x4 
 .text.SVC_Handler
                0x0000000008003a70       0x24 build/port.o
                0x0000000008003a70                SVC_Handler
 .text.vPortEnterCritical
                0x0000000008003a94       0x44 build/port.o
                0x0000000008003a94                vPortEnterCritical
 .text.vPortExitCritical
                0x0000000008003ad8       0x2c build/port.o
                0x0000000008003ad8                vPortExitCritical
 *fill*         0x0000000008003b04        0xc 
 .text.PendSV_Handler
                0x0000000008003b10       0x44 build/port.o
                0x0000000008003b10                PendSV_Handler
 .text.SysTick_Handler
                0x0000000008003b54       0x30 build/port.o
                0x0000000008003b54                SysTick_Handler
 .text.vPortSetupTimerInterrupt
                0x0000000008003b84       0x38 build/port.o
                0x0000000008003b84                vPortSetupTimerInterrupt
 .text.xPortStartScheduler
                0x0000000008003bbc       0xb0 build/port.o
                0x0000000008003bbc                xPortStartScheduler
 .text.vPortValidateInterruptPriority
                0x0000000008003c6c       0x5c build/port.o
                0x0000000008003c6c                vPortValidateInterruptPriority
 .text.Reset_Handler
                0x0000000008003cc8       0x48 build/startup_stm32f103x6_init.o
                0x0000000008003cc8                Reset_Handler
 .text.Default_Handler
                0x0000000008003d10        0x2 build/startup_stm32f103x6_init.o
                0x0000000008003d10                RTC_Alarm_IRQHandler
                0x0000000008003d10                EXTI2_IRQHandler
                0x0000000008003d10                TIM1_CC_IRQHandler
                0x0000000008003d10                PVD_IRQHandler
                0x0000000008003d10                EXTI3_IRQHandler
                0x0000000008003d10                EXTI0_IRQHandler
                0x0000000008003d10                ADC1_2_IRQHandler
                0x0000000008003d10                SPI1_IRQHandler
                0x0000000008003d10                TAMPER_IRQHandler
                0x0000000008003d10                DMA1_Channel4_IRQHandler
                0x0000000008003d10                RTC_IRQHandler
                0x0000000008003d10                DMA1_Channel7_IRQHandler
                0x0000000008003d10                CAN1_RX1_IRQHandler
                0x0000000008003d10                I2C1_EV_IRQHandler
                0x0000000008003d10                DMA1_Channel6_IRQHandler
                0x0000000008003d10                TIM3_IRQHandler
                0x0000000008003d10                RCC_IRQHandler
                0x0000000008003d10                TIM1_TRG_COM_IRQHandler
                0x0000000008003d10                DMA1_Channel1_IRQHandler
                0x0000000008003d10                Default_Handler
                0x0000000008003d10                EXTI15_10_IRQHandler
                0x0000000008003d10                EXTI9_5_IRQHandler
                0x0000000008003d10                DMA1_Channel5_IRQHandler
                0x0000000008003d10                EXTI4_IRQHandler
                0x0000000008003d10                USB_LP_CAN1_RX0_IRQHandler
                0x0000000008003d10                USB_HP_CAN1_TX_IRQHandler
                0x0000000008003d10                DMA1_Channel3_IRQHandler
                0x0000000008003d10                WWDG_IRQHandler
                0x0000000008003d10                TIM2_IRQHandler
                0x0000000008003d10                TIM1_BRK_IRQHandler
                0x0000000008003d10                EXTI1_IRQHandler
                0x0000000008003d10                DMA1_Channel2_IRQHandler
                0x0000000008003d10                CAN1_SCE_IRQHandler
                0x0000000008003d10                FLASH_IRQHandler
                0x0000000008003d10                I2C1_ER_IRQHandler
                0x0000000008003d10                USBWakeUp_IRQHandler
 *fill*         0x0000000008003d12        0x2 
 .text.__libc_init_array
                0x0000000008003d14       0x48 c:/users/marko micovic/desktop/gnu mcu/arm-none-eabi-gcc-9.3.1-1.1/bin/../lib/gcc/arm-none-eabi/9.3.1/../../../../arm-none-eabi/lib/thumb/v7-m/nofp\libc_nano.a(lib_a-init.o)
                0x0000000008003d14                __libc_init_array
 .text.memcpy   0x0000000008003d5c       0x1c c:/users/marko micovic/desktop/gnu mcu/arm-none-eabi-gcc-9.3.1-1.1/bin/../lib/gcc/arm-none-eabi/9.3.1/../../../../arm-none-eabi/lib/thumb/v7-m/nofp\libc_nano.a(lib_a-memcpy-stub.o)
                0x0000000008003d5c                memcpy
 .text.memset   0x0000000008003d78       0x10 c:/users/marko micovic/desktop/gnu mcu/arm-none-eabi-gcc-9.3.1-1.1/bin/../lib/gcc/arm-none-eabi/9.3.1/../../../../arm-none-eabi/lib/thumb/v7-m/nofp\libc_nano.a(lib_a-memset.o)
                0x0000000008003d78                memset
 *(.glue_7)
 .glue_7        0x0000000008003d88        0x0 linker stubs
 *(.glue_7t)
 .glue_7t       0x0000000008003d88        0x0 linker stubs
 *(.eh_frame)
 .eh_frame      0x0000000008003d88        0x0 c:/users/marko micovic/desktop/gnu mcu/arm-none-eabi-gcc-9.3.1-1.1/bin/../lib/gcc/arm-none-eabi/9.3.1/thumb/v7-m/nofp/crtbegin.o
 *(.init)
 .init          0x0000000008003d88        0x4 c:/users/marko micovic/desktop/gnu mcu/arm-none-eabi-gcc-9.3.1-1.1/bin/../lib/gcc/arm-none-eabi/9.3.1/thumb/v7-m/nofp/crti.o
                0x0000000008003d88                _init
 .init          0x0000000008003d8c        0x8 c:/users/marko micovic/desktop/gnu mcu/arm-none-eabi-gcc-9.3.1-1.1/bin/../lib/gcc/arm-none-eabi/9.3.1/thumb/v7-m/nofp/crtn.o
 *(.fini)
 .fini          0x0000000008003d94        0x4 c:/users/marko micovic/desktop/gnu mcu/arm-none-eabi-gcc-9.3.1-1.1/bin/../lib/gcc/arm-none-eabi/9.3.1/thumb/v7-m/nofp/crti.o
                0x0000000008003d94                _fini
 .fini          0x0000000008003d98        0x8 c:/users/marko micovic/desktop/gnu mcu/arm-none-eabi-gcc-9.3.1-1.1/bin/../lib/gcc/arm-none-eabi/9.3.1/thumb/v7-m/nofp/crtn.o
                0x0000000008003da0                . = ALIGN (0x4)
                0x0000000008003da0                _etext = .

.vfp11_veneer   0x0000000008003da0        0x0
 .vfp11_veneer  0x0000000008003da0        0x0 linker stubs

.v4_bx          0x0000000008003da0        0x0
 .v4_bx         0x0000000008003da0        0x0 linker stubs

.iplt           0x0000000008003da0        0x0
 .iplt          0x0000000008003da0        0x0 c:/users/marko micovic/desktop/gnu mcu/arm-none-eabi-gcc-9.3.1-1.1/bin/../lib/gcc/arm-none-eabi/9.3.1/thumb/v7-m/nofp/crtbegin.o

.rodata         0x0000000008003da0       0xd0
                0x0000000008003da0                . = ALIGN (0x4)
 *(.rodata)
 *(.rodata*)
 .rodata.HAL_RCC_GetSysClockFreq.str1.4
                0x0000000008003da0       0x11 build/stm32f1xx_hal_rcc.o
 *fill*         0x0000000008003db1        0x3 
 .rodata.AHBPrescTable
                0x0000000008003db4       0x10 build/system_stm32f1xx.o
                0x0000000008003db4                AHBPrescTable
 .rodata.APBPrescTable
                0x0000000008003dc4        0x8 build/system_stm32f1xx.o
                0x0000000008003dc4                APBPrescTable
 .rodata.UART_Init.str1.4
                0x0000000008003dcc       0x48 build/uart_driver.o
 .rodata.phuart
                0x0000000008003e14        0x8 build/uart_driver.o
 .rodata.workTask.str1.4
                0x0000000008003e1c       0x2e build/work.o
 *fill*         0x0000000008003e4a        0x2 
 .rodata.workInit.str1.4
                0x0000000008003e4c        0x9 build/work.o
 *fill*         0x0000000008003e55        0x3 
 .rodata.vTaskStartScheduler.str1.4
                0x0000000008003e58        0x5 build/tasks.o
 *fill*         0x0000000008003e5d        0x3 
 .rodata.prvCheckForValidListAndQueue.str1.4
                0x0000000008003e60        0x5 build/timers.o
 *fill*         0x0000000008003e65        0x3 
 .rodata.xTimerCreateTimerTask.str1.4
                0x0000000008003e68        0x8 build/timers.o
                0x0000000008003e70                . = ALIGN (0x4)

.rel.dyn        0x0000000008003e70        0x0
 .rel.iplt      0x0000000008003e70        0x0 c:/users/marko micovic/desktop/gnu mcu/arm-none-eabi-gcc-9.3.1-1.1/bin/../lib/gcc/arm-none-eabi/9.3.1/thumb/v7-m/nofp/crtbegin.o

.ARM.extab
 *(.ARM.extab* .gnu.linkonce.armextab.*)

.ARM            0x0000000008003e70        0x0
                0x0000000008003e70                __exidx_start = .
 *(.ARM.exidx*)
                0x0000000008003e70                __exidx_end = .

.preinit_array  0x0000000008003e70        0x0
                0x0000000008003e70                PROVIDE (__preinit_array_start = .)
 *(.preinit_array*)
                0x0000000008003e70                PROVIDE (__preinit_array_end = .)

.init_array     0x0000000008003e70        0x4
                0x0000000008003e70                PROVIDE (__init_array_start = .)
 *(SORT_BY_NAME(.init_array.*))
 *(.init_array*)
 .init_array    0x0000000008003e70        0x4 c:/users/marko micovic/desktop/gnu mcu/arm-none-eabi-gcc-9.3.1-1.1/bin/../lib/gcc/arm-none-eabi/9.3.1/thumb/v7-m/nofp/crtbegin.o
                0x0000000008003e74                PROVIDE (__init_array_end = .)

.fini_array     0x0000000008003e74        0x4
                [!provide]                        PROVIDE (__fini_array_start = .)
 *(SORT_BY_NAME(.fini_array.*))
 *(.fini_array*)
 .fini_array    0x0000000008003e74        0x4 c:/users/marko micovic/desktop/gnu mcu/arm-none-eabi-gcc-9.3.1-1.1/bin/../lib/gcc/arm-none-eabi/9.3.1/thumb/v7-m/nofp/crtbegin.o
                [!provide]                        PROVIDE (__fini_array_end = .)
                0x0000000008003e78                _sidata = LOADADDR (.data)

.data           0x0000000020000000       0x10 load address 0x0000000008003e78
                0x0000000020000000                . = ALIGN (0x4)
                0x0000000020000000                _sdata = .
 *(.data)
 *(.data*)
 .data.uwTickFreq
                0x0000000020000000        0x1 build/stm32f1xx_hal.o
                0x0000000020000000                uwTickFreq
 *fill*         0x0000000020000001        0x3 
 .data.uwTickPrio
                0x0000000020000004        0x4 build/stm32f1xx_hal.o
                0x0000000020000004                uwTickPrio
 .data.SystemCoreClock
                0x0000000020000008        0x4 build/system_stm32f1xx.o
                0x0000000020000008                SystemCoreClock
 .data.uxCriticalNesting
                0x000000002000000c        0x4 build/port.o
                0x0000000020000010                . = ALIGN (0x4)
                0x0000000020000010                _edata = .

.igot.plt       0x0000000020000010        0x0 load address 0x0000000008003e88
 .igot.plt      0x0000000020000010        0x0 c:/users/marko micovic/desktop/gnu mcu/arm-none-eabi-gcc-9.3.1-1.1/bin/../lib/gcc/arm-none-eabi/9.3.1/thumb/v7-m/nofp/crtbegin.o
                0x0000000020000010                . = ALIGN (0x4)

.bss            0x0000000020000010     0x1e60 load address 0x0000000008003e88
                0x0000000020000010                _sbss = .
                0x0000000020000010                __bss_start__ = _sbss
 *(.bss)
 *(.bss*)
 .bss.completed.8914
                0x0000000020000010        0x1 c:/users/marko micovic/desktop/gnu mcu/arm-none-eabi-gcc-9.3.1-1.1/bin/../lib/gcc/arm-none-eabi/9.3.1/thumb/v7-m/nofp/crtbegin.o
 *fill*         0x0000000020000011        0x3 
 .bss.object.8919
                0x0000000020000014       0x18 c:/users/marko micovic/desktop/gnu mcu/arm-none-eabi-gcc-9.3.1-1.1/bin/../lib/gcc/arm-none-eabi/9.3.1/thumb/v7-m/nofp/crtbegin.o
 .bss.UART_RxMutexHandle
                0x000000002000002c        0x8 build/uart_driver.o
 .bss.UART_RxQueueHandle
                0x0000000020000034        0x8 build/uart_driver.o
 .bss.UART_RxTaskHandle
                0x000000002000003c        0x8 build/uart_driver.o
 .bss.UART_TxMutexHandle
                0x0000000020000044        0x8 build/uart_driver.o
 .bss.UART_TxQueueHandle
                0x000000002000004c        0x8 build/uart_driver.o
 .bss.UART_TxTaskHandle
                0x0000000020000054        0x8 build/uart_driver.o
 .bss.velocity  0x000000002000005c        0x2 build/work.o
                0x000000002000005c                velocity
 *fill*         0x000000002000005e        0x2 
 .bss.pxCurrentTCB
                0x0000000020000060        0x4 build/tasks.o
                0x0000000020000060                pxCurrentTCB
 .bss.pxDelayedTaskList
                0x0000000020000064        0x4 build/tasks.o
 .bss.pxOverflowDelayedTaskList
                0x0000000020000068        0x4 build/tasks.o
 .bss.pxReadyTasksLists
                0x000000002000006c      0x460 build/tasks.o
 .bss.uxCurrentNumberOfTasks
                0x00000000200004cc        0x4 build/tasks.o
 .bss.uxDeletedTasksWaitingCleanUp
                0x00000000200004d0        0x4 build/tasks.o
 .bss.uxPendedTicks
                0x00000000200004d4        0x4 build/tasks.o
 .bss.uxSchedulerSuspended
                0x00000000200004d8        0x4 build/tasks.o
 .bss.uxTaskNumber
                0x00000000200004dc        0x4 build/tasks.o
 .bss.uxTopReadyPriority
                0x00000000200004e0        0x4 build/tasks.o
 .bss.xDelayedTaskList1
                0x00000000200004e4       0x14 build/tasks.o
 .bss.xDelayedTaskList2
                0x00000000200004f8       0x14 build/tasks.o
 .bss.xNextTaskUnblockTime
                0x000000002000050c        0x4 build/tasks.o
 .bss.xNumOfOverflows
                0x0000000020000510        0x4 build/tasks.o
 .bss.xPendingReadyList
                0x0000000020000514       0x14 build/tasks.o
 .bss.xSchedulerRunning
                0x0000000020000528        0x4 build/tasks.o
 .bss.xSuspendedTaskList
                0x000000002000052c       0x14 build/tasks.o
 .bss.xTasksWaitingTermination
                0x0000000020000540       0x14 build/tasks.o
 .bss.xTickCount
                0x0000000020000554        0x4 build/tasks.o
 .bss.xYieldPending
                0x0000000020000558        0x4 build/tasks.o
 .bss.pxCurrentTimerList
                0x000000002000055c        0x4 build/timers.o
 .bss.pxOverflowTimerList
                0x0000000020000560        0x4 build/timers.o
 .bss.ucStaticTimerQueueStorage.5559
                0x0000000020000564       0xa0 build/timers.o
 .bss.xActiveTimerList1
                0x0000000020000604       0x14 build/timers.o
 .bss.xActiveTimerList2
                0x0000000020000618       0x14 build/timers.o
 .bss.xLastTime.5508
                0x000000002000062c        0x4 build/timers.o
 .bss.xStaticTimerQueue.5558
                0x0000000020000630       0x50 build/timers.o
 .bss.xTimerQueue
                0x0000000020000680        0x4 build/timers.o
 .bss.xTimerTaskHandle
                0x0000000020000684        0x4 build/timers.o
 .bss.Idle_Stack
                0x0000000020000688      0x200 build/cmsis_os2.o
 .bss.Idle_TCB  0x0000000020000888       0x5c build/cmsis_os2.o
 .bss.KernelState
                0x00000000200008e4        0x4 build/cmsis_os2.o
 .bss.Timer_Stack
                0x00000000200008e8      0x400 build/cmsis_os2.o
 .bss.Timer_TCB
                0x0000000020000ce8       0x5c build/cmsis_os2.o
 .bss.pxEnd     0x0000000020000d44        0x4 build/heap_4.o
 .bss.ucHeap    0x0000000020000d48     0x1000 build/heap_4.o
 .bss.xBlockAllocatedBit
                0x0000000020001d48        0x4 build/heap_4.o
 .bss.xFreeBytesRemaining
                0x0000000020001d4c        0x4 build/heap_4.o
 .bss.xMinimumEverFreeBytesRemaining
                0x0000000020001d50        0x4 build/heap_4.o
 .bss.xStart    0x0000000020001d54        0x8 build/heap_4.o
 .bss.ucMaxSysCallPriority
                0x0000000020001d5c        0x1 build/port.o
 *fill*         0x0000000020001d5d        0x3 
 .bss.ulMaxPRIGROUPValue
                0x0000000020001d60        0x4 build/port.o
 *(COMMON)
 COMMON         0x0000000020001d64        0x4 build/stm32f1xx_hal.o
                0x0000000020001d64                uwTick
 COMMON         0x0000000020001d68       0x80 build/usart.o
                0x0000000020001d68                huart1
                0x0000000020001da8                huart2
 COMMON         0x0000000020001de8       0x48 build/stm32f1xx_hal_timebase_tim.o
                0x0000000020001de8                htim1
 COMMON         0x0000000020001e30       0x40 build/queue.o
                0x0000000020001e30                xQueueRegistry
                0x0000000020001e70                . = ALIGN (0x4)
                0x0000000020001e70                _ebss = .
                0x0000000020001e70                __bss_end__ = _ebss

._user_heap_stack
                0x0000000020001e70      0x600 load address 0x0000000008003e88
                0x0000000020001e70                . = ALIGN (0x8)
                [!provide]                        PROVIDE (end = .)
                [!provide]                        PROVIDE (_end = .)
                0x0000000020002070                . = (. + _Min_Heap_Size)
 *fill*         0x0000000020001e70      0x200 
                0x0000000020002470                . = (. + _Min_Stack_Size)
 *fill*         0x0000000020002070      0x400 
                0x0000000020002470                . = ALIGN (0x8)

/DISCARD/
 libc.a(*)
 libm.a(*)
 libgcc.a(*)

.ARM.attributes
                0x0000000000000000       0x29
 *(.ARM.attributes)
 .ARM.attributes
                0x0000000000000000       0x1d c:/users/marko micovic/desktop/gnu mcu/arm-none-eabi-gcc-9.3.1-1.1/bin/../lib/gcc/arm-none-eabi/9.3.1/thumb/v7-m/nofp/crti.o
 .ARM.attributes
                0x000000000000001d       0x2d c:/users/marko micovic/desktop/gnu mcu/arm-none-eabi-gcc-9.3.1-1.1/bin/../lib/gcc/arm-none-eabi/9.3.1/thumb/v7-m/nofp/crtbegin.o
 .ARM.attributes
                0x000000000000004a       0x2d build/main.o
 .ARM.attributes
                0x0000000000000077       0x2d build/stm32f1xx_it.o
 .ARM.attributes
                0x00000000000000a4       0x2d build/stm32f1xx_hal_msp.o
 .ARM.attributes
                0x00000000000000d1       0x2d build/stm32f1xx_hal_tim.o
 .ARM.attributes
                0x00000000000000fe       0x2d build/stm32f1xx_hal_tim_ex.o
 .ARM.attributes
                0x000000000000012b       0x2d build/stm32f1xx_hal.o
 .ARM.attributes
                0x0000000000000158       0x2d build/stm32f1xx_hal_rcc.o
 .ARM.attributes
                0x0000000000000185       0x2d build/stm32f1xx_hal_gpio.o
 .ARM.attributes
                0x00000000000001b2       0x2d build/stm32f1xx_hal_dma.o
 .ARM.attributes
                0x00000000000001df       0x2d build/stm32f1xx_hal_cortex.o
 .ARM.attributes
                0x000000000000020c       0x2d build/system_stm32f1xx.o
 .ARM.attributes
                0x0000000000000239       0x2d build/gpio.o
 .ARM.attributes
                0x0000000000000266       0x2d build/freertos.o
 .ARM.attributes
                0x0000000000000293       0x2d build/usart.o
 .ARM.attributes
                0x00000000000002c0       0x2d build/uart_driver.o
 .ARM.attributes
                0x00000000000002ed       0x2d build/work.o
 .ARM.attributes
                0x000000000000031a       0x2d build/stm32f1xx_hal_timebase_tim.o
 .ARM.attributes
                0x0000000000000347       0x2d build/stm32f1xx_hal_uart.o
 .ARM.attributes
                0x0000000000000374       0x2d build/list.o
 .ARM.attributes
                0x00000000000003a1       0x2d build/queue.o
 .ARM.attributes
                0x00000000000003ce       0x2d build/tasks.o
 .ARM.attributes
                0x00000000000003fb       0x2d build/timers.o
 .ARM.attributes
                0x0000000000000428       0x2d build/cmsis_os2.o
 .ARM.attributes
                0x0000000000000455       0x2d build/heap_4.o
 .ARM.attributes
                0x0000000000000482       0x2d build/port.o
 .ARM.attributes
                0x00000000000004af       0x21 build/startup_stm32f103x6_init.o
 .ARM.attributes
                0x00000000000004d0       0x2d c:/users/marko micovic/desktop/gnu mcu/arm-none-eabi-gcc-9.3.1-1.1/bin/../lib/gcc/arm-none-eabi/9.3.1/../../../../arm-none-eabi/lib/thumb/v7-m/nofp\libc_nano.a(lib_a-init.o)
 .ARM.attributes
                0x00000000000004fd       0x2d c:/users/marko micovic/desktop/gnu mcu/arm-none-eabi-gcc-9.3.1-1.1/bin/../lib/gcc/arm-none-eabi/9.3.1/../../../../arm-none-eabi/lib/thumb/v7-m/nofp\libc_nano.a(lib_a-memcpy-stub.o)
 .ARM.attributes
                0x000000000000052a       0x2d c:/users/marko micovic/desktop/gnu mcu/arm-none-eabi-gcc-9.3.1-1.1/bin/../lib/gcc/arm-none-eabi/9.3.1/../../../../arm-none-eabi/lib/thumb/v7-m/nofp\libc_nano.a(lib_a-memset.o)
 .ARM.attributes
                0x0000000000000557       0x17 c:/users/marko micovic/desktop/gnu mcu/arm-none-eabi-gcc-9.3.1-1.1/bin/../lib/gcc/arm-none-eabi/9.3.1/../../../../arm-none-eabi/lib/thumb/v7-m/nofp\libc_nano.a(lib_a-strlen.o)
 .ARM.attributes
                0x000000000000056e       0x1d c:/users/marko micovic/desktop/gnu mcu/arm-none-eabi-gcc-9.3.1-1.1/bin/../lib/gcc/arm-none-eabi/9.3.1/thumb/v7-m/nofp/crtn.o
OUTPUT(build/code1.elf elf32-littlearm)
LOAD linker stubs
LOAD c:/users/marko micovic/desktop/gnu mcu/arm-none-eabi-gcc-9.3.1-1.1/bin/../lib/gcc/arm-none-eabi/9.3.1/../../../../arm-none-eabi/lib/thumb/v7-m/nofp\libc.a
LOAD c:/users/marko micovic/desktop/gnu mcu/arm-none-eabi-gcc-9.3.1-1.1/bin/../lib/gcc/arm-none-eabi/9.3.1/../../../../arm-none-eabi/lib/thumb/v7-m/nofp\libm.a
LOAD c:/users/marko micovic/desktop/gnu mcu/arm-none-eabi-gcc-9.3.1-1.1/bin/../lib/gcc/arm-none-eabi/9.3.1/thumb/v7-m/nofp\libgcc.a

.debug_info     0x0000000000000000    0x214a0
 .debug_info    0x0000000000000000      0xd5d build/main.o
 .debug_info    0x0000000000000d5d      0xb22 build/stm32f1xx_it.o
 .debug_info    0x000000000000187f      0x332 build/stm32f1xx_hal_msp.o
 .debug_info    0x0000000000001bb1     0x3ebf build/stm32f1xx_hal_tim.o
 .debug_info    0x0000000000005a70     0x1c1a build/stm32f1xx_hal_tim_ex.o
 .debug_info    0x000000000000768a      0x8c6 build/stm32f1xx_hal.o
 .debug_info    0x0000000000007f50      0xb67 build/stm32f1xx_hal_rcc.o
 .debug_info    0x0000000000008ab7      0x7d1 build/stm32f1xx_hal_gpio.o
 .debug_info    0x0000000000009288      0x9b5 build/stm32f1xx_hal_dma.o
 .debug_info    0x0000000000009c3d      0xed9 build/stm32f1xx_hal_cortex.o
 .debug_info    0x000000000000ab16      0x2f7 build/system_stm32f1xx.o
 .debug_info    0x000000000000ae0d      0x276 build/gpio.o
 .debug_info    0x000000000000b083      0x442 build/freertos.o
 .debug_info    0x000000000000b4c5      0xc63 build/usart.o
 .debug_info    0x000000000000c128     0x18b4 build/uart_driver.o
 .debug_info    0x000000000000d9dc      0xc56 build/work.o
 .debug_info    0x000000000000e632      0xba0 build/stm32f1xx_hal_timebase_tim.o
 .debug_info    0x000000000000f1d2     0x1a94 build/stm32f1xx_hal_uart.o
 .debug_info    0x0000000000010c66      0xc9e build/list.o
 .debug_info    0x0000000000011904     0x31f0 build/queue.o
 .debug_info    0x0000000000014af4     0x3b3f build/tasks.o
 .debug_info    0x0000000000018633     0x23f5 build/timers.o
 .debug_info    0x000000000001aa28     0x56d9 build/cmsis_os2.o
 .debug_info    0x0000000000020101      0xe30 build/heap_4.o
 .debug_info    0x0000000000020f31      0x54d build/port.o
 .debug_info    0x000000000002147e       0x22 build/startup_stm32f103x6_init.o

.debug_abbrev   0x0000000000000000     0x41e1
 .debug_abbrev  0x0000000000000000      0x223 build/main.o
 .debug_abbrev  0x0000000000000223      0x196 build/stm32f1xx_it.o
 .debug_abbrev  0x00000000000003b9      0x130 build/stm32f1xx_hal_msp.o
 .debug_abbrev  0x00000000000004e9      0x2c3 build/stm32f1xx_hal_tim.o
 .debug_abbrev  0x00000000000007ac      0x2ab build/stm32f1xx_hal_tim_ex.o
 .debug_abbrev  0x0000000000000a57      0x21c build/stm32f1xx_hal.o
 .debug_abbrev  0x0000000000000c73      0x2ad build/stm32f1xx_hal_rcc.o
 .debug_abbrev  0x0000000000000f20      0x24f build/stm32f1xx_hal_gpio.o
 .debug_abbrev  0x000000000000116f      0x283 build/stm32f1xx_hal_dma.o
 .debug_abbrev  0x00000000000013f2      0x37f build/stm32f1xx_hal_cortex.o
 .debug_abbrev  0x0000000000001771      0x153 build/system_stm32f1xx.o
 .debug_abbrev  0x00000000000018c4      0x111 build/gpio.o
 .debug_abbrev  0x00000000000019d5      0x167 build/freertos.o
 .debug_abbrev  0x0000000000001b3c      0x1fa build/usart.o
 .debug_abbrev  0x0000000000001d36      0x307 build/uart_driver.o
 .debug_abbrev  0x000000000000203d      0x2aa build/work.o
 .debug_abbrev  0x00000000000022e7      0x21c build/stm32f1xx_hal_timebase_tim.o
 .debug_abbrev  0x0000000000002503      0x2ea build/stm32f1xx_hal_uart.o
 .debug_abbrev  0x00000000000027ed      0x245 build/list.o
 .debug_abbrev  0x0000000000002a32      0x478 build/queue.o
 .debug_abbrev  0x0000000000002eaa      0x476 build/tasks.o
 .debug_abbrev  0x0000000000003320      0x3de build/timers.o
 .debug_abbrev  0x00000000000036fe      0x4c7 build/cmsis_os2.o
 .debug_abbrev  0x0000000000003bc5      0x36d build/heap_4.o
 .debug_abbrev  0x0000000000003f32      0x29d build/port.o
 .debug_abbrev  0x00000000000041cf       0x12 build/startup_stm32f103x6_init.o

.debug_loc      0x0000000000000000    0x18a4d
 .debug_loc     0x0000000000000000       0xbb build/main.o
 .debug_loc     0x00000000000000bb       0x60 build/stm32f1xx_it.o
 .debug_loc     0x000000000000011b       0x41 build/stm32f1xx_hal_msp.o
 .debug_loc     0x000000000000015c     0x55c1 build/stm32f1xx_hal_tim.o
 .debug_loc     0x000000000000571d     0x209d build/stm32f1xx_hal_tim_ex.o
 .debug_loc     0x00000000000077ba      0x1e1 build/stm32f1xx_hal.o
 .debug_loc     0x000000000000799b      0x7c0 build/stm32f1xx_hal_rcc.o
 .debug_loc     0x000000000000815b      0x532 build/stm32f1xx_hal_gpio.o
 .debug_loc     0x000000000000868d      0x901 build/stm32f1xx_hal_dma.o
 .debug_loc     0x0000000000008f8e      0x7af build/stm32f1xx_hal_cortex.o
 .debug_loc     0x000000000000973d       0xff build/system_stm32f1xx.o
 .debug_loc     0x000000000000983c       0x2c build/gpio.o
 .debug_loc     0x0000000000009868       0x45 build/freertos.o
 .debug_loc     0x00000000000098ad      0x162 build/usart.o
 .debug_loc     0x0000000000009a0f      0x433 build/uart_driver.o
 .debug_loc     0x0000000000009e42       0xe8 build/work.o
 .debug_loc     0x0000000000009f2a       0xcd build/stm32f1xx_hal_timebase_tim.o
 .debug_loc     0x0000000000009ff7     0x1e37 build/stm32f1xx_hal_uart.o
 .debug_loc     0x000000000000be2e       0xe5 build/list.o
 .debug_loc     0x000000000000bf13     0x2076 build/queue.o
 .debug_loc     0x000000000000df89     0x2b30 build/tasks.o
 .debug_loc     0x0000000000010ab9     0x154c build/timers.o
 .debug_loc     0x0000000000012005     0x6527 build/cmsis_os2.o
 .debug_loc     0x000000000001852c      0x3b5 build/heap_4.o
 .debug_loc     0x00000000000188e1      0x16c build/port.o

.debug_aranges  0x0000000000000000     0x1380
 .debug_aranges
                0x0000000000000000       0x38 build/main.o
 .debug_aranges
                0x0000000000000038       0x60 build/stm32f1xx_it.o
 .debug_aranges
                0x0000000000000098       0x20 build/stm32f1xx_hal_msp.o
 .debug_aranges
                0x00000000000000b8      0x3d0 build/stm32f1xx_hal_tim.o
 .debug_aranges
                0x0000000000000488      0x168 build/stm32f1xx_hal_tim_ex.o
 .debug_aranges
                0x00000000000005f0       0xe0 build/stm32f1xx_hal.o
 .debug_aranges
                0x00000000000006d0       0x90 build/stm32f1xx_hal_rcc.o
 .debug_aranges
                0x0000000000000760       0x58 build/stm32f1xx_hal_gpio.o
 .debug_aranges
                0x00000000000007b8       0x80 build/stm32f1xx_hal_dma.o
 .debug_aranges
                0x0000000000000838       0x90 build/stm32f1xx_hal_cortex.o
 .debug_aranges
                0x00000000000008c8       0x28 build/system_stm32f1xx.o
 .debug_aranges
                0x00000000000008f0       0x20 build/gpio.o
 .debug_aranges
                0x0000000000000910       0x28 build/freertos.o
 .debug_aranges
                0x0000000000000938       0x38 build/usart.o
 .debug_aranges
                0x0000000000000970       0x60 build/uart_driver.o
 .debug_aranges
                0x00000000000009d0       0x28 build/work.o
 .debug_aranges
                0x00000000000009f8       0x30 build/stm32f1xx_hal_timebase_tim.o
 .debug_aranges
                0x0000000000000a28      0x1d0 build/stm32f1xx_hal_uart.o
 .debug_aranges
                0x0000000000000bf8       0x40 build/list.o
 .debug_aranges
                0x0000000000000c38      0x158 build/queue.o
 .debug_aranges
                0x0000000000000d90      0x1f8 build/tasks.o
 .debug_aranges
                0x0000000000000f88       0xe0 build/timers.o
 .debug_aranges
                0x0000000000001068      0x228 build/cmsis_os2.o
 .debug_aranges
                0x0000000000001290       0x50 build/heap_4.o
 .debug_aranges
                0x00000000000012e0       0x78 build/port.o
 .debug_aranges
                0x0000000000001358       0x28 build/startup_stm32f103x6_init.o

.debug_ranges   0x0000000000000000     0x14a8
 .debug_ranges  0x0000000000000000       0x28 build/main.o
 .debug_ranges  0x0000000000000028       0x50 build/stm32f1xx_it.o
 .debug_ranges  0x0000000000000078       0x10 build/stm32f1xx_hal_msp.o
 .debug_ranges  0x0000000000000088      0x3c0 build/stm32f1xx_hal_tim.o
 .debug_ranges  0x0000000000000448      0x158 build/stm32f1xx_hal_tim_ex.o
 .debug_ranges  0x00000000000005a0       0xd0 build/stm32f1xx_hal.o
 .debug_ranges  0x0000000000000670       0xa0 build/stm32f1xx_hal_rcc.o
 .debug_ranges  0x0000000000000710       0x48 build/stm32f1xx_hal_gpio.o
 .debug_ranges  0x0000000000000758       0x70 build/stm32f1xx_hal_dma.o
 .debug_ranges  0x00000000000007c8       0xe0 build/stm32f1xx_hal_cortex.o
 .debug_ranges  0x00000000000008a8       0x18 build/system_stm32f1xx.o
 .debug_ranges  0x00000000000008c0       0x10 build/gpio.o
 .debug_ranges  0x00000000000008d0       0x18 build/freertos.o
 .debug_ranges  0x00000000000008e8       0x28 build/usart.o
 .debug_ranges  0x0000000000000910       0x50 build/uart_driver.o
 .debug_ranges  0x0000000000000960       0x48 build/work.o
 .debug_ranges  0x00000000000009a8       0x20 build/stm32f1xx_hal_timebase_tim.o
 .debug_ranges  0x00000000000009c8      0x1c0 build/stm32f1xx_hal_uart.o
 .debug_ranges  0x0000000000000b88       0x30 build/list.o
 .debug_ranges  0x0000000000000bb8      0x218 build/queue.o
 .debug_ranges  0x0000000000000dd0      0x328 build/tasks.o
 .debug_ranges  0x00000000000010f8       0xd0 build/timers.o
 .debug_ranges  0x00000000000011c8      0x218 build/cmsis_os2.o
 .debug_ranges  0x00000000000013e0       0x40 build/heap_4.o
 .debug_ranges  0x0000000000001420       0x68 build/port.o
 .debug_ranges  0x0000000000001488       0x20 build/startup_stm32f103x6_init.o

.debug_line     0x0000000000000000    0x1659c
 .debug_line    0x0000000000000000      0x3c3 build/main.o
 .debug_line    0x00000000000003c3      0x334 build/stm32f1xx_it.o
 .debug_line    0x00000000000006f7      0x201 build/stm32f1xx_hal_msp.o
 .debug_line    0x00000000000008f8     0x46a4 build/stm32f1xx_hal_tim.o
 .debug_line    0x0000000000004f9c     0x1ca6 build/stm32f1xx_hal_tim_ex.o
 .debug_line    0x0000000000006c42      0x544 build/stm32f1xx_hal.o
 .debug_line    0x0000000000007186      0xc61 build/stm32f1xx_hal_rcc.o
 .debug_line    0x0000000000007de7      0x635 build/stm32f1xx_hal_gpio.o
 .debug_line    0x000000000000841c      0xab9 build/stm32f1xx_hal_dma.o
 .debug_line    0x0000000000008ed5      0x69a build/stm32f1xx_hal_cortex.o
 .debug_line    0x000000000000956f      0x2b4 build/system_stm32f1xx.o
 .debug_line    0x0000000000009823      0x1e7 build/gpio.o
 .debug_line    0x0000000000009a0a      0x266 build/freertos.o
 .debug_line    0x0000000000009c70      0x43c build/usart.o
 .debug_line    0x000000000000a0ac      0x670 build/uart_driver.o
 .debug_line    0x000000000000a71c      0x331 build/work.o
 .debug_line    0x000000000000aa4d      0x301 build/stm32f1xx_hal_timebase_tim.o
 .debug_line    0x000000000000ad4e     0x1c18 build/stm32f1xx_hal_uart.o
 .debug_line    0x000000000000c966      0x4a6 build/list.o
 .debug_line    0x000000000000ce0c     0x20fb build/queue.o
 .debug_line    0x000000000000ef07     0x2ca4 build/tasks.o
 .debug_line    0x0000000000011bab      0xecf build/timers.o
 .debug_line    0x0000000000012a7a     0x2dc1 build/cmsis_os2.o
 .debug_line    0x000000000001583b      0x724 build/heap_4.o
 .debug_line    0x0000000000015f5f      0x5ba build/port.o
 .debug_line    0x0000000000016519       0x83 build/startup_stm32f103x6_init.o

.debug_str      0x0000000000000000     0x6a31
 .debug_str     0x0000000000000000      0xa4e build/main.o
                                        0xb35 (size before relaxing)
 .debug_str     0x0000000000000a4e       0xe4 build/stm32f1xx_it.o
                                        0x9bf (size before relaxing)
 .debug_str     0x0000000000000b32       0xa0 build/stm32f1xx_hal_msp.o
                                        0x2f5 (size before relaxing)
 .debug_str     0x0000000000000bd2      0xf1d build/stm32f1xx_hal_tim.o
                                       0x170e (size before relaxing)
 .debug_str     0x0000000000001aef      0x5bd build/stm32f1xx_hal_tim_ex.o
                                        0xf38 (size before relaxing)
 .debug_str     0x00000000000020ac      0x52b build/stm32f1xx_hal.o
                                        0x82f (size before relaxing)
 .debug_str     0x00000000000025d7      0x226 build/stm32f1xx_hal_rcc.o
                                        0x6b8 (size before relaxing)
 .debug_str     0x00000000000027fd      0x158 build/stm32f1xx_hal_gpio.o
                                        0x4d6 (size before relaxing)
 .debug_str     0x0000000000002955      0x20d build/stm32f1xx_hal_dma.o
                                        0x6d3 (size before relaxing)
 .debug_str     0x0000000000002b62      0x3bb build/stm32f1xx_hal_cortex.o
                                        0x94b (size before relaxing)
 .debug_str     0x0000000000002f1d       0x52 build/system_stm32f1xx.o
                                        0x2ec (size before relaxing)
 .debug_str     0x0000000000002f6f       0x13 build/gpio.o
                                        0x2bb (size before relaxing)
 .debug_str     0x0000000000002f82      0x4c0 build/freertos.o
                                        0x734 (size before relaxing)
 .debug_str     0x0000000000003442       0x61 build/usart.o
                                        0xa29 (size before relaxing)
 .debug_str     0x00000000000034a3      0x653 build/uart_driver.o
                                        0xcaa (size before relaxing)
 .debug_str     0x0000000000003af6       0x2c build/work.o
                                        0x650 (size before relaxing)
 .debug_str     0x0000000000003b22       0x4f build/stm32f1xx_hal_timebase_tim.o
                                        0xb8c (size before relaxing)
 .debug_str     0x0000000000003b71      0x4b2 build/stm32f1xx_hal_uart.o
                                        0xc66 (size before relaxing)
 .debug_str     0x0000000000004023      0x14f build/list.o
                                        0x6e3 (size before relaxing)
 .debug_str     0x0000000000004172      0x936 build/queue.o
                                       0x1061 (size before relaxing)
 .debug_str     0x0000000000004aa8      0xc0d build/tasks.o
                                       0x166e (size before relaxing)
 .debug_str     0x00000000000056b5      0x5ac build/timers.o
                                        0xfd4 (size before relaxing)
 .debug_str     0x0000000000005c61      0xa43 build/cmsis_os2.o
                                       0x1cbf (size before relaxing)
 .debug_str     0x00000000000066a4      0x1d8 build/heap_4.o
                                        0x7cc (size before relaxing)
 .debug_str     0x000000000000687c      0x180 build/port.o
                                        0x459 (size before relaxing)
 .debug_str     0x00000000000069fc       0x35 build/startup_stm32f103x6_init.o
                                         0x6d (size before relaxing)

.comment        0x0000000000000000       0x43
 .comment       0x0000000000000000       0x43 build/main.o
                                         0x44 (size before relaxing)
 .comment       0x0000000000000043       0x44 build/stm32f1xx_it.o
 .comment       0x0000000000000043       0x44 build/stm32f1xx_hal_msp.o
 .comment       0x0000000000000043       0x44 build/stm32f1xx_hal_tim.o
 .comment       0x0000000000000043       0x44 build/stm32f1xx_hal_tim_ex.o
 .comment       0x0000000000000043       0x44 build/stm32f1xx_hal.o
 .comment       0x0000000000000043       0x44 build/stm32f1xx_hal_rcc.o
 .comment       0x0000000000000043       0x44 build/stm32f1xx_hal_gpio.o
 .comment       0x0000000000000043       0x44 build/stm32f1xx_hal_dma.o
 .comment       0x0000000000000043       0x44 build/stm32f1xx_hal_cortex.o
 .comment       0x0000000000000043       0x44 build/system_stm32f1xx.o
 .comment       0x0000000000000043       0x44 build/gpio.o
 .comment       0x0000000000000043       0x44 build/freertos.o
 .comment       0x0000000000000043       0x44 build/usart.o
 .comment       0x0000000000000043       0x44 build/uart_driver.o
 .comment       0x0000000000000043       0x44 build/work.o
 .comment       0x0000000000000043       0x44 build/stm32f1xx_hal_timebase_tim.o
 .comment       0x0000000000000043       0x44 build/stm32f1xx_hal_uart.o
 .comment       0x0000000000000043       0x44 build/list.o
 .comment       0x0000000000000043       0x44 build/queue.o
 .comment       0x0000000000000043       0x44 build/tasks.o
 .comment       0x0000000000000043       0x44 build/timers.o
 .comment       0x0000000000000043       0x44 build/cmsis_os2.o
 .comment       0x0000000000000043       0x44 build/heap_4.o
 .comment       0x0000000000000043       0x44 build/port.o

.debug_frame    0x0000000000000000     0x3714
 .debug_frame   0x0000000000000000       0x70 build/main.o
 .debug_frame   0x0000000000000070       0xb8 build/stm32f1xx_it.o
 .debug_frame   0x0000000000000128       0x28 build/stm32f1xx_hal_msp.o
 .debug_frame   0x0000000000000150      0xb44 build/stm32f1xx_hal_tim.o
 .debug_frame   0x0000000000000c94      0x418 build/stm32f1xx_hal_tim_ex.o
 .debug_frame   0x00000000000010ac      0x1cc build/stm32f1xx_hal.o
 .debug_frame   0x0000000000001278      0x190 build/stm32f1xx_hal_rcc.o
 .debug_frame   0x0000000000001408       0xe8 build/stm32f1xx_hal_gpio.o
 .debug_frame   0x00000000000014f0      0x148 build/stm32f1xx_hal_dma.o
 .debug_frame   0x0000000000001638      0x12c build/stm32f1xx_hal_cortex.o
 .debug_frame   0x0000000000001764       0x30 build/system_stm32f1xx.o
 .debug_frame   0x0000000000001794       0x28 build/gpio.o
 .debug_frame   0x00000000000017bc       0x38 build/freertos.o
 .debug_frame   0x00000000000017f4       0x7c build/usart.o
 .debug_frame   0x0000000000001870      0x148 build/uart_driver.o
 .debug_frame   0x00000000000019b8       0x4c build/work.o
 .debug_frame   0x0000000000001a04       0x50 build/stm32f1xx_hal_timebase_tim.o
 .debug_frame   0x0000000000001a54      0x500 build/stm32f1xx_hal_uart.o
 .debug_frame   0x0000000000001f54       0x70 build/list.o
 .debug_frame   0x0000000000001fc4      0x45c build/queue.o
 .debug_frame   0x0000000000002420      0x650 build/tasks.o
 .debug_frame   0x0000000000002a70      0x2cc build/timers.o
 .debug_frame   0x0000000000002d3c      0x7c8 build/cmsis_os2.o
 .debug_frame   0x0000000000003504       0xac build/heap_4.o
 .debug_frame   0x00000000000035b0       0xf0 build/port.o
 .debug_frame   0x00000000000036a0       0x2c c:/users/marko micovic/desktop/gnu mcu/arm-none-eabi-gcc-9.3.1-1.1/bin/../lib/gcc/arm-none-eabi/9.3.1/../../../../arm-none-eabi/lib/thumb/v7-m/nofp\libc_nano.a(lib_a-init.o)
 .debug_frame   0x00000000000036cc       0x28 c:/users/marko micovic/desktop/gnu mcu/arm-none-eabi-gcc-9.3.1-1.1/bin/../lib/gcc/arm-none-eabi/9.3.1/../../../../arm-none-eabi/lib/thumb/v7-m/nofp\libc_nano.a(lib_a-memcpy-stub.o)
 .debug_frame   0x00000000000036f4       0x20 c:/users/marko micovic/desktop/gnu mcu/arm-none-eabi-gcc-9.3.1-1.1/bin/../lib/gcc/arm-none-eabi/9.3.1/../../../../arm-none-eabi/lib/thumb/v7-m/nofp\libc_nano.a(lib_a-memset.o)

Cross Reference Table

Symbol                                            File
ADC1_2_IRQHandler                                 build/startup_stm32f103x6_init.o
AHBPrescTable                                     build/system_stm32f1xx.o
                                                  build/stm32f1xx_hal_rcc.o
APBPrescTable                                     build/system_stm32f1xx.o
                                                  build/stm32f1xx_hal_rcc.o
BusFault_Handler                                  build/stm32f1xx_it.o
CAN1_RX1_IRQHandler                               build/startup_stm32f103x6_init.o
CAN1_SCE_IRQHandler                               build/startup_stm32f103x6_init.o
DMA1_Channel1_IRQHandler                          build/startup_stm32f103x6_init.o
DMA1_Channel2_IRQHandler                          build/startup_stm32f103x6_init.o
DMA1_Channel3_IRQHandler                          build/startup_stm32f103x6_init.o
DMA1_Channel4_IRQHandler                          build/startup_stm32f103x6_init.o
DMA1_Channel5_IRQHandler                          build/startup_stm32f103x6_init.o
DMA1_Channel6_IRQHandler                          build/startup_stm32f103x6_init.o
DMA1_Channel7_IRQHandler                          build/startup_stm32f103x6_init.o
DebugMon_Handler                                  build/stm32f1xx_it.o
Default_Handler                                   build/startup_stm32f103x6_init.o
EXTI0_IRQHandler                                  build/startup_stm32f103x6_init.o
EXTI15_10_IRQHandler                              build/startup_stm32f103x6_init.o
EXTI1_IRQHandler                                  build/startup_stm32f103x6_init.o
EXTI2_IRQHandler                                  build/startup_stm32f103x6_init.o
EXTI3_IRQHandler                                  build/startup_stm32f103x6_init.o
EXTI4_IRQHandler                                  build/startup_stm32f103x6_init.o
EXTI9_5_IRQHandler                                build/startup_stm32f103x6_init.o
Error_Handler                                     build/main.o
                                                  build/usart.o
FLASH_IRQHandler                                  build/startup_stm32f103x6_init.o
FLASH_PageErase                                   build/stm32f1xx_hal_flash_ex.o
                                                  build/stm32f1xx_hal_flash.o
FLASH_WaitForLastOperation                        build/stm32f1xx_hal_flash.o
                                                  build/stm32f1xx_hal_flash_ex.o
HAL_DBGMCU_DisableDBGSleepMode                    build/stm32f1xx_hal.o
HAL_DBGMCU_DisableDBGStandbyMode                  build/stm32f1xx_hal.o
HAL_DBGMCU_DisableDBGStopMode                     build/stm32f1xx_hal.o
HAL_DBGMCU_EnableDBGSleepMode                     build/stm32f1xx_hal.o
HAL_DBGMCU_EnableDBGStandbyMode                   build/stm32f1xx_hal.o
HAL_DBGMCU_EnableDBGStopMode                      build/stm32f1xx_hal.o
HAL_DMA_Abort                                     build/stm32f1xx_hal_dma.o
                                                  build/stm32f1xx_hal_uart.o
HAL_DMA_Abort_IT                                  build/stm32f1xx_hal_dma.o
                                                  build/stm32f1xx_hal_uart.o
                                                  build/stm32f1xx_hal_tim_ex.o
                                                  build/stm32f1xx_hal_tim.o
HAL_DMA_DeInit                                    build/stm32f1xx_hal_dma.o
HAL_DMA_GetError                                  build/stm32f1xx_hal_dma.o
                                                  build/stm32f1xx_hal_uart.o
HAL_DMA_GetState                                  build/stm32f1xx_hal_dma.o
HAL_DMA_IRQHandler                                build/stm32f1xx_hal_dma.o
HAL_DMA_Init                                      build/stm32f1xx_hal_dma.o
HAL_DMA_PollForTransfer                           build/stm32f1xx_hal_dma.o
HAL_DMA_RegisterCallback                          build/stm32f1xx_hal_dma.o
HAL_DMA_Start                                     build/stm32f1xx_hal_dma.o
HAL_DMA_Start_IT                                  build/stm32f1xx_hal_dma.o
                                                  build/stm32f1xx_hal_uart.o
                                                  build/stm32f1xx_hal_tim_ex.o
                                                  build/stm32f1xx_hal_tim.o
HAL_DMA_UnRegisterCallback                        build/stm32f1xx_hal_dma.o
HAL_DeInit                                        build/stm32f1xx_hal.o
HAL_Delay                                         build/stm32f1xx_hal.o
HAL_EXTI_ClearConfigLine                          build/stm32f1xx_hal_exti.o
HAL_EXTI_ClearPending                             build/stm32f1xx_hal_exti.o
HAL_EXTI_GenerateSWI                              build/stm32f1xx_hal_exti.o
HAL_EXTI_GetConfigLine                            build/stm32f1xx_hal_exti.o
HAL_EXTI_GetHandle                                build/stm32f1xx_hal_exti.o
HAL_EXTI_GetPending                               build/stm32f1xx_hal_exti.o
HAL_EXTI_IRQHandler                               build/stm32f1xx_hal_exti.o
HAL_EXTI_RegisterCallback                         build/stm32f1xx_hal_exti.o
HAL_EXTI_SetConfigLine                            build/stm32f1xx_hal_exti.o
HAL_FLASHEx_Erase                                 build/stm32f1xx_hal_flash_ex.o
HAL_FLASHEx_Erase_IT                              build/stm32f1xx_hal_flash_ex.o
HAL_FLASHEx_OBErase                               build/stm32f1xx_hal_flash_ex.o
HAL_FLASHEx_OBGetConfig                           build/stm32f1xx_hal_flash_ex.o
HAL_FLASHEx_OBGetUserData                         build/stm32f1xx_hal_flash_ex.o
HAL_FLASHEx_OBProgram                             build/stm32f1xx_hal_flash_ex.o
HAL_FLASH_EndOfOperationCallback                  build/stm32f1xx_hal_flash.o
HAL_FLASH_GetError                                build/stm32f1xx_hal_flash.o
HAL_FLASH_IRQHandler                              build/stm32f1xx_hal_flash.o
HAL_FLASH_Lock                                    build/stm32f1xx_hal_flash.o
HAL_FLASH_OB_Launch                               build/stm32f1xx_hal_flash.o
HAL_FLASH_OB_Lock                                 build/stm32f1xx_hal_flash.o
HAL_FLASH_OB_Unlock                               build/stm32f1xx_hal_flash.o
HAL_FLASH_OperationErrorCallback                  build/stm32f1xx_hal_flash.o
HAL_FLASH_Program                                 build/stm32f1xx_hal_flash.o
HAL_FLASH_Program_IT                              build/stm32f1xx_hal_flash.o
HAL_FLASH_Unlock                                  build/stm32f1xx_hal_flash.o
HAL_GPIOEx_ConfigEventout                         build/stm32f1xx_hal_gpio_ex.o
HAL_GPIOEx_DisableEventout                        build/stm32f1xx_hal_gpio_ex.o
HAL_GPIOEx_EnableEventout                         build/stm32f1xx_hal_gpio_ex.o
HAL_GPIO_DeInit                                   build/stm32f1xx_hal_gpio.o
                                                  build/usart.o
HAL_GPIO_EXTI_Callback                            build/stm32f1xx_hal_gpio.o
HAL_GPIO_EXTI_IRQHandler                          build/stm32f1xx_hal_gpio.o
HAL_GPIO_Init                                     build/stm32f1xx_hal_gpio.o
                                                  build/usart.o
                                                  build/stm32f1xx_hal_rcc.o
HAL_GPIO_LockPin                                  build/stm32f1xx_hal_gpio.o
HAL_GPIO_ReadPin                                  build/stm32f1xx_hal_gpio.o
HAL_GPIO_TogglePin                                build/stm32f1xx_hal_gpio.o
HAL_GPIO_WritePin                                 build/stm32f1xx_hal_gpio.o
HAL_GetDEVID                                      build/stm32f1xx_hal.o
HAL_GetHalVersion                                 build/stm32f1xx_hal.o
HAL_GetREVID                                      build/stm32f1xx_hal.o
HAL_GetTick                                       build/stm32f1xx_hal.o
                                                  build/stm32f1xx_hal_uart.o
                                                  build/stm32f1xx_hal_flash.o
                                                  build/stm32f1xx_hal_dma.o
                                                  build/stm32f1xx_hal_rcc_ex.o
                                                  build/stm32f1xx_hal_rcc.o
HAL_GetTickFreq                                   build/stm32f1xx_hal.o
HAL_GetTickPrio                                   build/stm32f1xx_hal.o
HAL_GetUIDw0                                      build/stm32f1xx_hal.o
HAL_GetUIDw1                                      build/stm32f1xx_hal.o
HAL_GetUIDw2                                      build/stm32f1xx_hal.o
HAL_HalfDuplex_EnableReceiver                     build/stm32f1xx_hal_uart.o
HAL_HalfDuplex_EnableTransmitter                  build/stm32f1xx_hal_uart.o
HAL_HalfDuplex_Init                               build/stm32f1xx_hal_uart.o
HAL_IncTick                                       build/stm32f1xx_hal.o
                                                  build/main.o
HAL_Init                                          build/stm32f1xx_hal.o
                                                  build/main.o
HAL_InitTick                                      build/stm32f1xx_hal_timebase_tim.o
                                                  build/stm32f1xx_hal.o
                                                  build/stm32f1xx_hal_rcc.o
HAL_LIN_Init                                      build/stm32f1xx_hal_uart.o
HAL_LIN_SendBreak                                 build/stm32f1xx_hal_uart.o
HAL_MspDeInit                                     build/stm32f1xx_hal.o
HAL_MspInit                                       build/stm32f1xx_hal_msp.o
HAL_MultiProcessor_EnterMuteMode                  build/stm32f1xx_hal_uart.o
HAL_MultiProcessor_ExitMuteMode                   build/stm32f1xx_hal_uart.o
HAL_MultiProcessor_Init                           build/stm32f1xx_hal_uart.o
HAL_NVIC_ClearPendingIRQ                          build/stm32f1xx_hal_cortex.o
HAL_NVIC_DisableIRQ                               build/stm32f1xx_hal_cortex.o
                                                  build/usart.o
HAL_NVIC_EnableIRQ                                build/stm32f1xx_hal_cortex.o
                                                  build/stm32f1xx_hal_timebase_tim.o
                                                  build/usart.o
HAL_NVIC_GetActive                                build/stm32f1xx_hal_cortex.o
HAL_NVIC_GetPendingIRQ                            build/stm32f1xx_hal_cortex.o
HAL_NVIC_GetPriority                              build/stm32f1xx_hal_cortex.o
HAL_NVIC_GetPriorityGrouping                      build/stm32f1xx_hal_cortex.o
HAL_NVIC_SetPendingIRQ                            build/stm32f1xx_hal_cortex.o
HAL_NVIC_SetPriority                              build/stm32f1xx_hal_cortex.o
                                                  build/stm32f1xx_hal_timebase_tim.o
                                                  build/usart.o
                                                  build/stm32f1xx_hal.o
HAL_NVIC_SetPriorityGrouping                      build/stm32f1xx_hal_cortex.o
                                                  build/stm32f1xx_hal.o
HAL_NVIC_SystemReset                              build/stm32f1xx_hal_cortex.o
                                                  build/stm32f1xx_hal_flash.o
HAL_PWR_ConfigPVD                                 build/stm32f1xx_hal_pwr.o
HAL_PWR_DeInit                                    build/stm32f1xx_hal_pwr.o
HAL_PWR_DisableBkUpAccess                         build/stm32f1xx_hal_pwr.o
HAL_PWR_DisablePVD                                build/stm32f1xx_hal_pwr.o
HAL_PWR_DisableSEVOnPend                          build/stm32f1xx_hal_pwr.o
HAL_PWR_DisableSleepOnExit                        build/stm32f1xx_hal_pwr.o
HAL_PWR_DisableWakeUpPin                          build/stm32f1xx_hal_pwr.o
HAL_PWR_EnableBkUpAccess                          build/stm32f1xx_hal_pwr.o
HAL_PWR_EnablePVD                                 build/stm32f1xx_hal_pwr.o
HAL_PWR_EnableSEVOnPend                           build/stm32f1xx_hal_pwr.o
HAL_PWR_EnableSleepOnExit                         build/stm32f1xx_hal_pwr.o
HAL_PWR_EnableWakeUpPin                           build/stm32f1xx_hal_pwr.o
HAL_PWR_EnterSLEEPMode                            build/stm32f1xx_hal_pwr.o
HAL_PWR_EnterSTANDBYMode                          build/stm32f1xx_hal_pwr.o
HAL_PWR_EnterSTOPMode                             build/stm32f1xx_hal_pwr.o
HAL_PWR_PVDCallback                               build/stm32f1xx_hal_pwr.o
HAL_PWR_PVD_IRQHandler                            build/stm32f1xx_hal_pwr.o
HAL_RCCEx_GetPeriphCLKConfig                      build/stm32f1xx_hal_rcc_ex.o
HAL_RCCEx_GetPeriphCLKFreq                        build/stm32f1xx_hal_rcc_ex.o
HAL_RCCEx_PeriphCLKConfig                         build/stm32f1xx_hal_rcc_ex.o
HAL_RCC_CSSCallback                               build/stm32f1xx_hal_rcc.o
HAL_RCC_ClockConfig                               build/stm32f1xx_hal_rcc.o
                                                  build/main.o
HAL_RCC_DeInit                                    build/stm32f1xx_hal_rcc.o
HAL_RCC_DisableCSS                                build/stm32f1xx_hal_rcc.o
HAL_RCC_EnableCSS                                 build/stm32f1xx_hal_rcc.o
HAL_RCC_GetClockConfig                            build/stm32f1xx_hal_rcc.o
                                                  build/stm32f1xx_hal_timebase_tim.o
HAL_RCC_GetHCLKFreq                               build/stm32f1xx_hal_rcc.o
HAL_RCC_GetOscConfig                              build/stm32f1xx_hal_rcc.o
HAL_RCC_GetPCLK1Freq                              build/stm32f1xx_hal_rcc.o
                                                  build/stm32f1xx_hal_uart.o
HAL_RCC_GetPCLK2Freq                              build/stm32f1xx_hal_rcc.o
                                                  build/stm32f1xx_hal_uart.o
                                                  build/stm32f1xx_hal_timebase_tim.o
                                                  build/stm32f1xx_hal_rcc_ex.o
HAL_RCC_GetSysClockFreq                           build/stm32f1xx_hal_rcc.o
HAL_RCC_MCOConfig                                 build/stm32f1xx_hal_rcc.o
HAL_RCC_NMI_IRQHandler                            build/stm32f1xx_hal_rcc.o
HAL_RCC_OscConfig                                 build/stm32f1xx_hal_rcc.o
                                                  build/main.o
HAL_ResumeTick                                    build/stm32f1xx_hal_timebase_tim.o
                                                  build/stm32f1xx_hal.o
HAL_SYSTICK_CLKSourceConfig                       build/stm32f1xx_hal_cortex.o
HAL_SYSTICK_Callback                              build/stm32f1xx_hal_cortex.o
HAL_SYSTICK_Config                                build/stm32f1xx_hal_cortex.o
                                                  build/stm32f1xx_hal.o
HAL_SYSTICK_IRQHandler                            build/stm32f1xx_hal_cortex.o
HAL_SetTickFreq                                   build/stm32f1xx_hal.o
HAL_SuspendTick                                   build/stm32f1xx_hal_timebase_tim.o
                                                  build/stm32f1xx_hal.o
HAL_TIMEx_BreakCallback                           build/stm32f1xx_hal_tim_ex.o
                                                  build/stm32f1xx_hal_tim.o
HAL_TIMEx_CommutCallback                          build/stm32f1xx_hal_tim_ex.o
                                                  build/stm32f1xx_hal_tim.o
HAL_TIMEx_CommutHalfCpltCallback                  build/stm32f1xx_hal_tim_ex.o
HAL_TIMEx_ConfigBreakDeadTime                     build/stm32f1xx_hal_tim_ex.o
HAL_TIMEx_ConfigCommutEvent                       build/stm32f1xx_hal_tim_ex.o
HAL_TIMEx_ConfigCommutEvent_DMA                   build/stm32f1xx_hal_tim_ex.o
HAL_TIMEx_ConfigCommutEvent_IT                    build/stm32f1xx_hal_tim_ex.o
HAL_TIMEx_GetChannelNState                        build/stm32f1xx_hal_tim_ex.o
HAL_TIMEx_HallSensor_DeInit                       build/stm32f1xx_hal_tim_ex.o
HAL_TIMEx_HallSensor_GetState                     build/stm32f1xx_hal_tim_ex.o
HAL_TIMEx_HallSensor_Init                         build/stm32f1xx_hal_tim_ex.o
HAL_TIMEx_HallSensor_MspDeInit                    build/stm32f1xx_hal_tim_ex.o
HAL_TIMEx_HallSensor_MspInit                      build/stm32f1xx_hal_tim_ex.o
HAL_TIMEx_HallSensor_Start                        build/stm32f1xx_hal_tim_ex.o
HAL_TIMEx_HallSensor_Start_DMA                    build/stm32f1xx_hal_tim_ex.o
HAL_TIMEx_HallSensor_Start_IT                     build/stm32f1xx_hal_tim_ex.o
HAL_TIMEx_HallSensor_Stop                         build/stm32f1xx_hal_tim_ex.o
HAL_TIMEx_HallSensor_Stop_DMA                     build/stm32f1xx_hal_tim_ex.o
HAL_TIMEx_HallSensor_Stop_IT                      build/stm32f1xx_hal_tim_ex.o
HAL_TIMEx_MasterConfigSynchronization             build/stm32f1xx_hal_tim_ex.o
HAL_TIMEx_OCN_Start                               build/stm32f1xx_hal_tim_ex.o
HAL_TIMEx_OCN_Start_DMA                           build/stm32f1xx_hal_tim_ex.o
HAL_TIMEx_OCN_Start_IT                            build/stm32f1xx_hal_tim_ex.o
HAL_TIMEx_OCN_Stop                                build/stm32f1xx_hal_tim_ex.o
HAL_TIMEx_OCN_Stop_DMA                            build/stm32f1xx_hal_tim_ex.o
HAL_TIMEx_OCN_Stop_IT                             build/stm32f1xx_hal_tim_ex.o
HAL_TIMEx_OnePulseN_Start                         build/stm32f1xx_hal_tim_ex.o
HAL_TIMEx_OnePulseN_Start_IT                      build/stm32f1xx_hal_tim_ex.o
HAL_TIMEx_OnePulseN_Stop                          build/stm32f1xx_hal_tim_ex.o
HAL_TIMEx_OnePulseN_Stop_IT                       build/stm32f1xx_hal_tim_ex.o
HAL_TIMEx_PWMN_Start                              build/stm32f1xx_hal_tim_ex.o
HAL_TIMEx_PWMN_Start_DMA                          build/stm32f1xx_hal_tim_ex.o
HAL_TIMEx_PWMN_Start_IT                           build/stm32f1xx_hal_tim_ex.o
HAL_TIMEx_PWMN_Stop                               build/stm32f1xx_hal_tim_ex.o
HAL_TIMEx_PWMN_Stop_DMA                           build/stm32f1xx_hal_tim_ex.o
HAL_TIMEx_PWMN_Stop_IT                            build/stm32f1xx_hal_tim_ex.o
HAL_TIMEx_RemapConfig                             build/stm32f1xx_hal_tim_ex.o
HAL_TIM_Base_DeInit                               build/stm32f1xx_hal_tim.o
HAL_TIM_Base_GetState                             build/stm32f1xx_hal_tim.o
HAL_TIM_Base_Init                                 build/stm32f1xx_hal_tim.o
                                                  build/stm32f1xx_hal_timebase_tim.o
HAL_TIM_Base_MspDeInit                            build/stm32f1xx_hal_tim.o
HAL_TIM_Base_MspInit                              build/stm32f1xx_hal_tim.o
HAL_TIM_Base_Start                                build/stm32f1xx_hal_tim.o
HAL_TIM_Base_Start_DMA                            build/stm32f1xx_hal_tim.o
HAL_TIM_Base_Start_IT                             build/stm32f1xx_hal_tim.o
                                                  build/stm32f1xx_hal_timebase_tim.o
HAL_TIM_Base_Stop                                 build/stm32f1xx_hal_tim.o
HAL_TIM_Base_Stop_DMA                             build/stm32f1xx_hal_tim.o
HAL_TIM_Base_Stop_IT                              build/stm32f1xx_hal_tim.o
HAL_TIM_ConfigClockSource                         build/stm32f1xx_hal_tim.o
HAL_TIM_ConfigOCrefClear                          build/stm32f1xx_hal_tim.o
HAL_TIM_ConfigTI1Input                            build/stm32f1xx_hal_tim.o
HAL_TIM_DMABurstState                             build/stm32f1xx_hal_tim.o
HAL_TIM_DMABurst_MultiReadStart                   build/stm32f1xx_hal_tim.o
HAL_TIM_DMABurst_MultiWriteStart                  build/stm32f1xx_hal_tim.o
HAL_TIM_DMABurst_ReadStart                        build/stm32f1xx_hal_tim.o
HAL_TIM_DMABurst_ReadStop                         build/stm32f1xx_hal_tim.o
HAL_TIM_DMABurst_WriteStart                       build/stm32f1xx_hal_tim.o
HAL_TIM_DMABurst_WriteStop                        build/stm32f1xx_hal_tim.o
HAL_TIM_Encoder_DeInit                            build/stm32f1xx_hal_tim.o
HAL_TIM_Encoder_GetState                          build/stm32f1xx_hal_tim.o
HAL_TIM_Encoder_Init                              build/stm32f1xx_hal_tim.o
HAL_TIM_Encoder_MspDeInit                         build/stm32f1xx_hal_tim.o
HAL_TIM_Encoder_MspInit                           build/stm32f1xx_hal_tim.o
HAL_TIM_Encoder_Start                             build/stm32f1xx_hal_tim.o
HAL_TIM_Encoder_Start_DMA                         build/stm32f1xx_hal_tim.o
HAL_TIM_Encoder_Start_IT                          build/stm32f1xx_hal_tim.o
HAL_TIM_Encoder_Stop                              build/stm32f1xx_hal_tim.o
HAL_TIM_Encoder_Stop_DMA                          build/stm32f1xx_hal_tim.o
HAL_TIM_Encoder_Stop_IT                           build/stm32f1xx_hal_tim.o
HAL_TIM_ErrorCallback                             build/stm32f1xx_hal_tim.o
                                                  build/stm32f1xx_hal_tim_ex.o
HAL_TIM_GenerateEvent                             build/stm32f1xx_hal_tim.o
HAL_TIM_GetActiveChannel                          build/stm32f1xx_hal_tim.o
HAL_TIM_GetChannelState                           build/stm32f1xx_hal_tim.o
HAL_TIM_IC_CaptureCallback                        build/stm32f1xx_hal_tim.o
HAL_TIM_IC_CaptureHalfCpltCallback                build/stm32f1xx_hal_tim.o
HAL_TIM_IC_ConfigChannel                          build/stm32f1xx_hal_tim.o
HAL_TIM_IC_DeInit                                 build/stm32f1xx_hal_tim.o
HAL_TIM_IC_GetState                               build/stm32f1xx_hal_tim.o
HAL_TIM_IC_Init                                   build/stm32f1xx_hal_tim.o
HAL_TIM_IC_MspDeInit                              build/stm32f1xx_hal_tim.o
HAL_TIM_IC_MspInit                                build/stm32f1xx_hal_tim.o
HAL_TIM_IC_Start                                  build/stm32f1xx_hal_tim.o
HAL_TIM_IC_Start_DMA                              build/stm32f1xx_hal_tim.o
HAL_TIM_IC_Start_IT                               build/stm32f1xx_hal_tim.o
HAL_TIM_IC_Stop                                   build/stm32f1xx_hal_tim.o
HAL_TIM_IC_Stop_DMA                               build/stm32f1xx_hal_tim.o
HAL_TIM_IC_Stop_IT                                build/stm32f1xx_hal_tim.o
HAL_TIM_IRQHandler                                build/stm32f1xx_hal_tim.o
                                                  build/stm32f1xx_it.o
HAL_TIM_OC_ConfigChannel                          build/stm32f1xx_hal_tim.o
HAL_TIM_OC_DeInit                                 build/stm32f1xx_hal_tim.o
HAL_TIM_OC_DelayElapsedCallback                   build/stm32f1xx_hal_tim.o
HAL_TIM_OC_GetState                               build/stm32f1xx_hal_tim.o
HAL_TIM_OC_Init                                   build/stm32f1xx_hal_tim.o
HAL_TIM_OC_MspDeInit                              build/stm32f1xx_hal_tim.o
HAL_TIM_OC_MspInit                                build/stm32f1xx_hal_tim.o
HAL_TIM_OC_Start                                  build/stm32f1xx_hal_tim.o
HAL_TIM_OC_Start_DMA                              build/stm32f1xx_hal_tim.o
HAL_TIM_OC_Start_IT                               build/stm32f1xx_hal_tim.o
HAL_TIM_OC_Stop                                   build/stm32f1xx_hal_tim.o
HAL_TIM_OC_Stop_DMA                               build/stm32f1xx_hal_tim.o
HAL_TIM_OC_Stop_IT                                build/stm32f1xx_hal_tim.o
HAL_TIM_OnePulse_ConfigChannel                    build/stm32f1xx_hal_tim.o
HAL_TIM_OnePulse_DeInit                           build/stm32f1xx_hal_tim.o
HAL_TIM_OnePulse_GetState                         build/stm32f1xx_hal_tim.o
HAL_TIM_OnePulse_Init                             build/stm32f1xx_hal_tim.o
HAL_TIM_OnePulse_MspDeInit                        build/stm32f1xx_hal_tim.o
HAL_TIM_OnePulse_MspInit                          build/stm32f1xx_hal_tim.o
HAL_TIM_OnePulse_Start                            build/stm32f1xx_hal_tim.o
HAL_TIM_OnePulse_Start_IT                         build/stm32f1xx_hal_tim.o
HAL_TIM_OnePulse_Stop                             build/stm32f1xx_hal_tim.o
HAL_TIM_OnePulse_Stop_IT                          build/stm32f1xx_hal_tim.o
HAL_TIM_PWM_ConfigChannel                         build/stm32f1xx_hal_tim.o
HAL_TIM_PWM_DeInit                                build/stm32f1xx_hal_tim.o
HAL_TIM_PWM_GetState                              build/stm32f1xx_hal_tim.o
HAL_TIM_PWM_Init                                  build/stm32f1xx_hal_tim.o
HAL_TIM_PWM_MspDeInit                             build/stm32f1xx_hal_tim.o
HAL_TIM_PWM_MspInit                               build/stm32f1xx_hal_tim.o
HAL_TIM_PWM_PulseFinishedCallback                 build/stm32f1xx_hal_tim.o
                                                  build/stm32f1xx_hal_tim_ex.o
HAL_TIM_PWM_PulseFinishedHalfCpltCallback         build/stm32f1xx_hal_tim.o
HAL_TIM_PWM_Start                                 build/stm32f1xx_hal_tim.o
HAL_TIM_PWM_Start_DMA                             build/stm32f1xx_hal_tim.o
HAL_TIM_PWM_Start_IT                              build/stm32f1xx_hal_tim.o
HAL_TIM_PWM_Stop                                  build/stm32f1xx_hal_tim.o
HAL_TIM_PWM_Stop_DMA                              build/stm32f1xx_hal_tim.o
HAL_TIM_PWM_Stop_IT                               build/stm32f1xx_hal_tim.o
HAL_TIM_PeriodElapsedCallback                     build/main.o
HAL_TIM_PeriodElapsedHalfCpltCallback             build/stm32f1xx_hal_tim.o
HAL_TIM_ReadCapturedValue                         build/stm32f1xx_hal_tim.o
HAL_TIM_SlaveConfigSynchro                        build/stm32f1xx_hal_tim.o
HAL_TIM_SlaveConfigSynchro_IT                     build/stm32f1xx_hal_tim.o
HAL_TIM_TriggerCallback                           build/stm32f1xx_hal_tim.o
HAL_TIM_TriggerHalfCpltCallback                   build/stm32f1xx_hal_tim.o
HAL_UART_Abort                                    build/stm32f1xx_hal_uart.o
HAL_UART_AbortCpltCallback                        build/stm32f1xx_hal_uart.o
HAL_UART_AbortReceive                             build/stm32f1xx_hal_uart.o
HAL_UART_AbortReceiveCpltCallback                 build/stm32f1xx_hal_uart.o
HAL_UART_AbortReceive_IT                          build/stm32f1xx_hal_uart.o
HAL_UART_AbortTransmit                            build/stm32f1xx_hal_uart.o
HAL_UART_AbortTransmitCpltCallback                build/stm32f1xx_hal_uart.o
HAL_UART_AbortTransmit_IT                         build/stm32f1xx_hal_uart.o
HAL_UART_Abort_IT                                 build/stm32f1xx_hal_uart.o
HAL_UART_DMAPause                                 build/stm32f1xx_hal_uart.o
HAL_UART_DMAResume                                build/stm32f1xx_hal_uart.o
HAL_UART_DMAStop                                  build/stm32f1xx_hal_uart.o
HAL_UART_DeInit                                   build/stm32f1xx_hal_uart.o
HAL_UART_ErrorCallback                            build/stm32f1xx_hal_uart.o
HAL_UART_GetError                                 build/stm32f1xx_hal_uart.o
HAL_UART_GetState                                 build/stm32f1xx_hal_uart.o
HAL_UART_IRQHandler                               build/stm32f1xx_hal_uart.o
                                                  build/stm32f1xx_it.o
HAL_UART_Init                                     build/stm32f1xx_hal_uart.o
                                                  build/usart.o
HAL_UART_MspDeInit                                build/usart.o
HAL_UART_MspInit                                  build/usart.o
HAL_UART_Receive                                  build/stm32f1xx_hal_uart.o
HAL_UART_Receive_DMA                              build/stm32f1xx_hal_uart.o
HAL_UART_Receive_IT                               build/stm32f1xx_hal_uart.o
                                                  build/uart_driver.o
HAL_UART_RxCpltCallback                           build/uart_driver.o
HAL_UART_RxHalfCpltCallback                       build/stm32f1xx_hal_uart.o
HAL_UART_Transmit                                 build/stm32f1xx_hal_uart.o
HAL_UART_Transmit_DMA                             build/stm32f1xx_hal_uart.o
HAL_UART_Transmit_IT                              build/stm32f1xx_hal_uart.o
                                                  build/uart_driver.o
HAL_UART_TxCpltCallback                           build/uart_driver.o
HAL_UART_TxHalfCpltCallback                       build/stm32f1xx_hal_uart.o
HardFault_Handler                                 build/stm32f1xx_it.o
I2C1_ER_IRQHandler                                build/startup_stm32f103x6_init.o
I2C1_EV_IRQHandler                                build/startup_stm32f103x6_init.o
MX_FREERTOS_Init                                  build/freertos.o
                                                  build/main.o
MX_GPIO_Init                                      build/gpio.o
                                                  build/main.o
MX_USART1_UART_Init                               build/usart.o
                                                  build/main.o
MX_USART2_UART_Init                               build/usart.o