Archive member included to satisfy reference by file (symbol)

c:/users/david/desktop/arm-none-eabi-gcc-10.2.1-1.1/bin/../lib/gcc/arm-none-eabi/10.2.1/../../../../arm-none-eabi/lib/thumb/v7-m/nofp\libc_nano.a(lib_a-exit.o)
                              c:/users/david/desktop/arm-none-eabi-gcc-10.2.1-1.1/bin/../lib/gcc/arm-none-eabi/10.2.1/../../../../arm-none-eabi/lib/thumb/v7-m/nofp/crt0.o (exit)
c:/users/david/desktop/arm-none-eabi-gcc-10.2.1-1.1/bin/../lib/gcc/arm-none-eabi/10.2.1/../../../../arm-none-eabi/lib/thumb/v7-m/nofp\libc_nano.a(lib_a-impure.o)
                              c:/users/david/desktop/arm-none-eabi-gcc-10.2.1-1.1/bin/../lib/gcc/arm-none-eabi/10.2.1/../../../../arm-none-eabi/lib/thumb/v7-m/nofp\libc_nano.a(lib_a-exit.o) (_global_impure_ptr)
c:/users/david/desktop/arm-none-eabi-gcc-10.2.1-1.1/bin/../lib/gcc/arm-none-eabi/10.2.1/../../../../arm-none-eabi/lib/thumb/v7-m/nofp\libc_nano.a(lib_a-init.o)
                              c:/users/david/desktop/arm-none-eabi-gcc-10.2.1-1.1/bin/../lib/gcc/arm-none-eabi/10.2.1/../../../../arm-none-eabi/lib/thumb/v7-m/nofp/crt0.o (__libc_init_array)
c:/users/david/desktop/arm-none-eabi-gcc-10.2.1-1.1/bin/../lib/gcc/arm-none-eabi/10.2.1/../../../../arm-none-eabi/lib/thumb/v7-m/nofp\libc_nano.a(lib_a-itoa.o)
                              build/homework.o (itoa)
c:/users/david/desktop/arm-none-eabi-gcc-10.2.1-1.1/bin/../lib/gcc/arm-none-eabi/10.2.1/../../../../arm-none-eabi/lib/thumb/v7-m/nofp\libc_nano.a(lib_a-memcpy-stub.o)
                              build/queue.o (memcpy)
c:/users/david/desktop/arm-none-eabi-gcc-10.2.1-1.1/bin/../lib/gcc/arm-none-eabi/10.2.1/../../../../arm-none-eabi/lib/thumb/v7-m/nofp\libc_nano.a(lib_a-memset.o)
                              c:/users/david/desktop/arm-none-eabi-gcc-10.2.1-1.1/bin/../lib/gcc/arm-none-eabi/10.2.1/../../../../arm-none-eabi/lib/thumb/v7-m/nofp/crt0.o (memset)
c:/users/david/desktop/arm-none-eabi-gcc-10.2.1-1.1/bin/../lib/gcc/arm-none-eabi/10.2.1/../../../../arm-none-eabi/lib/thumb/v7-m/nofp\libc_nano.a(lib_a-strlen.o)
                              build/driver_uart.o (strlen)
c:/users/david/desktop/arm-none-eabi-gcc-10.2.1-1.1/bin/../lib/gcc/arm-none-eabi/10.2.1/../../../../arm-none-eabi/lib/thumb/v7-m/nofp\libc_nano.a(lib_a-utoa.o)
                              c:/users/david/desktop/arm-none-eabi-gcc-10.2.1-1.1/bin/../lib/gcc/arm-none-eabi/10.2.1/../../../../arm-none-eabi/lib/thumb/v7-m/nofp\libc_nano.a(lib_a-itoa.o) (__utoa)
c:/users/david/desktop/arm-none-eabi-gcc-10.2.1-1.1/bin/../lib/gcc/arm-none-eabi/10.2.1/../../../../arm-none-eabi/lib/thumb/v7-m/nofp\libnosys.a(_exit.o)
                              c:/users/david/desktop/arm-none-eabi-gcc-10.2.1-1.1/bin/../lib/gcc/arm-none-eabi/10.2.1/../../../../arm-none-eabi/lib/thumb/v7-m/nofp\libc_nano.a(lib_a-exit.o) (_exit)
c:/users/david/desktop/arm-none-eabi-gcc-10.2.1-1.1/bin/../lib/gcc/arm-none-eabi/10.2.1/thumb/v7-m/nofp\libgcc.a(_arm_mulsf3.o)
                              build/driver_temp.o (__aeabi_fmul)
c:/users/david/desktop/arm-none-eabi-gcc-10.2.1-1.1/bin/../lib/gcc/arm-none-eabi/10.2.1/thumb/v7-m/nofp\libgcc.a(_arm_addsubsf3.o)
                              build/driver_temp.o (__aeabi_ui2f)
c:/users/david/desktop/arm-none-eabi-gcc-10.2.1-1.1/bin/../lib/gcc/arm-none-eabi/10.2.1/thumb/v7-m/nofp\libgcc.a(_arm_fixunssfsi.o)
                              build/homework.o (__aeabi_f2uiz)

Discarded input sections

 .text          0x0000000000000000        0x0 c:/users/david/desktop/arm-none-eabi-gcc-10.2.1-1.1/bin/../lib/gcc/arm-none-eabi/10.2.1/thumb/v7-m/nofp/crti.o
 .data          0x0000000000000000        0x0 c:/users/david/desktop/arm-none-eabi-gcc-10.2.1-1.1/bin/../lib/gcc/arm-none-eabi/10.2.1/thumb/v7-m/nofp/crti.o
 .bss           0x0000000000000000        0x0 c:/users/david/desktop/arm-none-eabi-gcc-10.2.1-1.1/bin/../lib/gcc/arm-none-eabi/10.2.1/thumb/v7-m/nofp/crti.o
 .text          0x0000000000000000        0x0 c:/users/david/desktop/arm-none-eabi-gcc-10.2.1-1.1/bin/../lib/gcc/arm-none-eabi/10.2.1/thumb/v7-m/nofp/crtbegin.o
 .data          0x0000000000000000        0x0 c:/users/david/desktop/arm-none-eabi-gcc-10.2.1-1.1/bin/../lib/gcc/arm-none-eabi/10.2.1/thumb/v7-m/nofp/crtbegin.o
 .bss           0x0000000000000000        0x0 c:/users/david/desktop/arm-none-eabi-gcc-10.2.1-1.1/bin/../lib/gcc/arm-none-eabi/10.2.1/thumb/v7-m/nofp/crtbegin.o
 .rodata.all_implied_fbits
                0x0000000000000000       0x24 c:/users/david/desktop/arm-none-eabi-gcc-10.2.1-1.1/bin/../lib/gcc/arm-none-eabi/10.2.1/thumb/v7-m/nofp/crtbegin.o
 .data.__dso_handle
                0x0000000000000000        0x4 c:/users/david/desktop/arm-none-eabi-gcc-10.2.1-1.1/bin/../lib/gcc/arm-none-eabi/10.2.1/thumb/v7-m/nofp/crtbegin.o
 .text          0x0000000000000000       0x7c c:/users/david/desktop/arm-none-eabi-gcc-10.2.1-1.1/bin/../lib/gcc/arm-none-eabi/10.2.1/../../../../arm-none-eabi/lib/thumb/v7-m/nofp/crt0.o
[...]
Memory Configuration

Name             Origin             Length             Attributes
RAM              0x0000000020000000 0x0000000000002800 xrw
FLASH            0x0000000008000000 0x0000000000008000 xr
*default*        0x0000000000000000 0xffffffffffffffff

Linker script and memory map

LOAD c:/users/david/desktop/arm-none-eabi-gcc-10.2.1-1.1/bin/../lib/gcc/arm-none-eabi/10.2.1/thumb/v7-m/nofp/crti.o
LOAD c:/users/david/desktop/arm-none-eabi-gcc-10.2.1-1.1/bin/../lib/gcc/arm-none-eabi/10.2.1/thumb/v7-m/nofp/crtbegin.o
LOAD c:/users/david/desktop/arm-none-eabi-gcc-10.2.1-1.1/bin/../lib/gcc/arm-none-eabi/10.2.1/../../../../arm-none-eabi/lib/thumb/v7-m/nofp/crt0.o
LOAD build/driver_temp.o
LOAD build/driver_motor.o
LOAD build/driver_uart.o
LOAD build/driver_lcd.o
LOAD build/homework.o
LOAD build/main.o
LOAD build/gpio.o
LOAD build/freertos.o
LOAD build/tim.o
LOAD build/usart.o
LOAD build/stm32f1xx_it.o
LOAD build/stm32f1xx_hal_msp.o
LOAD build/stm32f1xx_hal_timebase_tim.o
LOAD build/stm32f1xx_hal_gpio_ex.o
LOAD build/stm32f1xx_hal.o
LOAD build/stm32f1xx_hal_rcc.o
LOAD build/stm32f1xx_hal_rcc_ex.o
LOAD build/stm32f1xx_hal_gpio.o
LOAD build/stm32f1xx_hal_dma.o
LOAD build/stm32f1xx_hal_cortex.o
LOAD build/stm32f1xx_hal_pwr.o
LOAD build/stm32f1xx_hal_flash.o
LOAD build/stm32f1xx_hal_flash_ex.o
LOAD build/stm32f1xx_hal_exti.o
LOAD build/stm32f1xx_hal_tim.o
LOAD build/stm32f1xx_hal_tim_ex.o
LOAD build/stm32f1xx_hal_uart.o
LOAD build/system_stm32f1xx.o
LOAD build/croutine.o
LOAD build/event_groups.o
LOAD build/list.o
LOAD build/queue.o
LOAD build/stream_buffer.o
LOAD build/tasks.o
LOAD build/timers.o
LOAD build/cmsis_os2.o
LOAD build/heap_4.o
LOAD build/port.o
LOAD build/adc.o
LOAD build/stm32f1xx_hal_adc.o
LOAD build/stm32f1xx_hal_adc_ex.o
LOAD build/startup_stm32f103x6_init.o
LOAD c:/users/david/desktop/arm-none-eabi-gcc-10.2.1-1.1/bin/../lib/gcc/arm-none-eabi/10.2.1/../../../../arm-none-eabi/lib/thumb/v7-m/nofp\libc_nano.a
LOAD c:/users/david/desktop/arm-none-eabi-gcc-10.2.1-1.1/bin/../lib/gcc/arm-none-eabi/10.2.1/../../../../arm-none-eabi/lib/thumb/v7-m/nofp\libm.a
LOAD c:/users/david/desktop/arm-none-eabi-gcc-10.2.1-1.1/bin/../lib/gcc/arm-none-eabi/10.2.1/../../../../arm-none-eabi/lib/thumb/v7-m/nofp\libnosys.a
START GROUP
LOAD c:/users/david/desktop/arm-none-eabi-gcc-10.2.1-1.1/bin/../lib/gcc/arm-none-eabi/10.2.1/thumb/v7-m/nofp\libgcc.a
LOAD c:/users/david/desktop/arm-none-eabi-gcc-10.2.1-1.1/bin/../lib/gcc/arm-none-eabi/10.2.1/../../../../arm-none-eabi/lib/thumb/v7-m/nofp\libc_nano.a
END GROUP
START GROUP
LOAD c:/users/david/desktop/arm-none-eabi-gcc-10.2.1-1.1/bin/../lib/gcc/arm-none-eabi/10.2.1/thumb/v7-m/nofp\libgcc.a
LOAD c:/users/david/desktop/arm-none-eabi-gcc-10.2.1-1.1/bin/../lib/gcc/arm-none-eabi/10.2.1/../../../../arm-none-eabi/lib/thumb/v7-m/nofp\libc_nano.a
END GROUP
LOAD c:/users/david/desktop/arm-none-eabi-gcc-10.2.1-1.1/bin/../lib/gcc/arm-none-eabi/10.2.1/thumb/v7-m/nofp/crtend.o
LOAD c:/users/david/desktop/arm-none-eabi-gcc-10.2.1-1.1/bin/../lib/gcc/arm-none-eabi/10.2.1/thumb/v7-m/nofp/crtn.o
                0x0000000020002800                _estack = 0x20002800
                0x0000000000000200                _Min_Heap_Size = 0x200
                0x0000000000000400                _Min_Stack_Size = 0x400

.isr_vector     0x0000000008000000      0x10c
                0x0000000008000000                . = ALIGN (0x4)
 *(.isr_vector)
 .isr_vector    0x0000000008000000      0x10c build/startup_stm32f103x6_init.o
                0x0000000008000000                g_pfnVectors
                0x000000000800010c                . = ALIGN (0x4)

.text           0x0000000008000110     0x5578
                0x0000000008000110                . = ALIGN (0x4)
 *(.text)
 .text          0x0000000008000110       0x10 c:/users/david/desktop/arm-none-eabi-gcc-10.2.1-1.1/bin/../lib/gcc/arm-none-eabi/10.2.1/../../../../arm-none-eabi/lib/thumb/v7-m/nofp\libc_nano.a(lib_a-strlen.o)
                0x0000000008000110                strlen
 .text          0x0000000008000120      0x168 c:/users/david/desktop/arm-none-eabi-gcc-10.2.1-1.1/bin/../lib/gcc/arm-none-eabi/10.2.1/thumb/v7-m/nofp\libgcc.a(_arm_mulsf3.o)
                0x0000000008000120                __aeabi_fmul
                0x0000000008000120                __mulsf3
 .text          0x0000000008000288      0x21c c:/users/david/desktop/arm-none-eabi-gcc-10.2.1-1.1/bin/../lib/gcc/arm-none-eabi/10.2.1/thumb/v7-m/nofp\libgcc.a(_arm_addsubsf3.o)
                0x0000000008000288                __aeabi_frsub
                0x0000000008000290                __subsf3
                0x0000000008000290                __aeabi_fsub
                0x0000000008000294                __aeabi_fadd
                0x0000000008000294                __addsf3
                0x00000000080003f4                __aeabi_ui2f
                0x00000000080003f4                __floatunsisf
                0x00000000080003fc                __aeabi_i2f
                0x00000000080003fc                __floatsisf
                0x0000000008000418                __aeabi_ul2f
                0x0000000008000418                __floatundisf
                0x0000000008000428                __aeabi_l2f
                0x0000000008000428                __floatdisf
 .text          0x00000000080004a4       0x40 c:/users/david/desktop/arm-none-eabi-gcc-10.2.1-1.1/bin/../lib/gcc/arm-none-eabi/10.2.1/thumb/v7-m/nofp\libgcc.a(_arm_fixunssfsi.o)
                0x00000000080004a4                __fixunssfsi
                0x00000000080004a4                __aeabi_f2uiz
 *(.text*)
 .text.__do_global_dtors_aux
                0x00000000080004e4       0x24 c:/users/david/desktop/arm-none-eabi-gcc-10.2.1-1.1/bin/../lib/gcc/arm-none-eabi/10.2.1/thumb/v7-m/nofp/crtbegin.o
 .text.frame_dummy
                0x0000000008000508       0x1c c:/users/david/desktop/arm-none-eabi-gcc-10.2.1-1.1/bin/../lib/gcc/arm-none-eabi/10.2.1/thumb/v7-m/nofp/crtbegin.o
 .text.TEMP_Task
                0x0000000008000524       0x74 build/driver_temp.o
 .text.HAL_ADC_ConvCpltCallback
                0x0000000008000598       0x38 build/driver_temp.o
                0x0000000008000598                HAL_ADC_ConvCpltCallback
 .text.TEMP_GetCurrentValue
                0x00000000080005d0       0x28 build/driver_temp.o
                0x00000000080005d0                TEMP_GetCurrentValue
 .text.TEMP_Init
                0x00000000080005f8       0x44 build/driver_temp.o
                0x00000000080005f8                TEMP_Init
 .text.MOTOR_SpeedIncrease
                0x000000000800063c       0x24 build/driver_motor.o
                0x000000000800063c                MOTOR_SpeedIncrease
 .text.MOTOR_SpeedDecrease
                0x0000000008000660       0x24 build/driver_motor.o
                0x0000000008000660                MOTOR_SpeedDecrease
 .text.MOTOR_Init
                0x0000000008000684       0x14 build/driver_motor.o
                0x0000000008000684                MOTOR_Init
 .text.UART_ReceiveTask
                0x0000000008000698       0x44 build/driver_uart.o
 .text.UART_TransmitTask
                0x00000000080006dc       0x40 build/driver_uart.o
 .text.HAL_UART_TxCpltCallback
                0x000000000800071c       0x48 build/driver_uart.o
                0x000000000800071c                HAL_UART_TxCpltCallback
 .text.HAL_UART_RxCpltCallback
                0x0000000008000764       0x48 build/driver_uart.o
                0x0000000008000764                HAL_UART_RxCpltCallback
 .text.UART_Init
                0x00000000080007ac       0x90 build/driver_uart.o
                0x00000000080007ac                UART_Init
 .text.UART_AsyncTransmitCharacter
                0x000000000800083c       0x44 build/driver_uart.o
                0x000000000800083c                UART_AsyncTransmitCharacter
 .text.LCD_Write
                0x0000000008000880       0x28 build/driver_lcd.o
 .text.LCD_CommandInitiate
                0x00000000080008a8       0x24 build/driver_lcd.o
 .text.LCD_Task
                0x00000000080008cc       0x60 build/driver_lcd.o
 .text.LCD_Init
                0x000000000800092c       0x44 build/driver_lcd.o
                0x000000000800092c                LCD_Init
 .text.LCD_CommandEnqueue
                0x0000000008000970       0x28 build/driver_lcd.o
                0x0000000008000970                LCD_CommandEnqueue
 .text.homeworkTask
                0x0000000008000998      0x114 build/homework.o
 .text.homeworkInit
                0x0000000008000aac       0x48 build/homework.o
                0x0000000008000aac                homeworkInit
 .text.HAL_TIM_PeriodElapsedCallback
                0x0000000008000af4       0x1c build/main.o
                0x0000000008000af4                HAL_TIM_PeriodElapsedCallback
 .text.Error_Handler
                0x0000000008000b10        0x4 build/main.o
                0x0000000008000b10                Error_Handler
 .text.SystemClock_Config
                0x0000000008000b14       0x84 build/main.o
                0x0000000008000b14                SystemClock_Config
 .text.main     0x0000000008000b98       0x54 build/main.o
                0x0000000008000b98                main
 .text.MX_GPIO_Init
                0x0000000008000bec       0x68 build/gpio.o
                0x0000000008000bec                MX_GPIO_Init
 .text.StartDefaultTask
                0x0000000008000c54       0x10 build/freertos.o
                0x0000000008000c54                StartDefaultTask
 .text.MX_FREERTOS_Init
                0x0000000008000c64       0x24 build/freertos.o
                0x0000000008000c64                MX_FREERTOS_Init
 .text.HAL_TIM_Base_MspInit
                0x0000000008000c88       0x2c build/tim.o
                0x0000000008000c88                HAL_TIM_Base_MspInit
 .text.HAL_TIM_MspPostInit
                0x0000000008000cb4       0x54 build/tim.o
                0x0000000008000cb4                HAL_TIM_MspPostInit
 .text.MX_TIM3_Init
                0x0000000008000d08       0xcc build/tim.o
                0x0000000008000d08                MX_TIM3_Init
 .text.MX_USART1_UART_Init
                0x0000000008000dd4       0x3c build/usart.o
                0x0000000008000dd4                MX_USART1_UART_Init
 .text.HAL_UART_MspInit
                0x0000000008000e10       0x94 build/usart.o
                0x0000000008000e10                HAL_UART_MspInit
 .text.NMI_Handler
                0x0000000008000ea4        0x2 build/stm32f1xx_it.o
                0x0000000008000ea4                NMI_Handler
 .text.HardFault_Handler
                0x0000000008000ea6        0x2 build/stm32f1xx_it.o
                0x0000000008000ea6                HardFault_Handler
 .text.MemManage_Handler
                0x0000000008000ea8        0x2 build/stm32f1xx_it.o
                0x0000000008000ea8                MemManage_Handler
 .text.BusFault_Handler
                0x0000000008000eaa        0x2 build/stm32f1xx_it.o
                0x0000000008000eaa                BusFault_Handler
 .text.UsageFault_Handler
                0x0000000008000eac        0x2 build/stm32f1xx_it.o
                0x0000000008000eac                UsageFault_Handler
 .text.DebugMon_Handler
                0x0000000008000eae        0x2 build/stm32f1xx_it.o
                0x0000000008000eae                DebugMon_Handler
 .text.ADC1_2_IRQHandler
                0x0000000008000eb0       0x14 build/stm32f1xx_it.o
                0x0000000008000eb0                ADC1_2_IRQHandler
 .text.TIM1_UP_IRQHandler
                0x0000000008000ec4       0x14 build/stm32f1xx_it.o
                0x0000000008000ec4                TIM1_UP_IRQHandler
 .text.USART1_IRQHandler
                0x0000000008000ed8       0x14 build/stm32f1xx_it.o
                0x0000000008000ed8                USART1_IRQHandler
 .text.HAL_MspInit
                0x0000000008000eec       0x58 build/stm32f1xx_hal_msp.o
                0x0000000008000eec                HAL_MspInit
 .text.HAL_InitTick
                0x0000000008000f44       0x90 build/stm32f1xx_hal_timebase_tim.o
                0x0000000008000f44                HAL_InitTick
 .text.HAL_Init
                0x0000000008000fd4       0x30 build/stm32f1xx_hal.o
                0x0000000008000fd4                HAL_Init
 .text.HAL_IncTick
                0x0000000008001004       0x18 build/stm32f1xx_hal.o
                0x0000000008001004                HAL_IncTick
 .text.HAL_GetTick
                0x000000000800101c        0xc build/stm32f1xx_hal.o
                0x000000000800101c                HAL_GetTick
 .text.RCC_Delay
                0x0000000008001028       0x2c build/stm32f1xx_hal_rcc.o
 .text.HAL_RCC_OscConfig
                0x0000000008001054      0x420 build/stm32f1xx_hal_rcc.o
                0x0000000008001054                HAL_RCC_OscConfig
 .text.HAL_RCC_GetSysClockFreq
                0x0000000008001474       0x6c build/stm32f1xx_hal_rcc.o
                0x0000000008001474                HAL_RCC_GetSysClockFreq
 .text.HAL_RCC_ClockConfig
                0x00000000080014e0      0x178 build/stm32f1xx_hal_rcc.o
                0x00000000080014e0                HAL_RCC_ClockConfig
 .text.HAL_RCC_GetHCLKFreq
                0x0000000008001658        0xc build/stm32f1xx_hal_rcc.o
                0x0000000008001658                HAL_RCC_GetHCLKFreq
 .text.HAL_RCC_GetPCLK1Freq
                0x0000000008001664       0x24 build/stm32f1xx_hal_rcc.o
                0x0000000008001664                HAL_RCC_GetPCLK1Freq
 .text.HAL_RCC_GetPCLK2Freq
                0x0000000008001688       0x24 build/stm32f1xx_hal_rcc.o
                0x0000000008001688                HAL_RCC_GetPCLK2Freq
 .text.HAL_RCC_GetClockConfig
                0x00000000080016ac       0x3c build/stm32f1xx_hal_rcc.o
                0x00000000080016ac                HAL_RCC_GetClockConfig
 .text.HAL_RCCEx_PeriphCLKConfig
                0x00000000080016e8      0x11c build/stm32f1xx_hal_rcc_ex.o
                0x00000000080016e8                HAL_RCCEx_PeriphCLKConfig
 .text.HAL_GPIO_Init
                0x0000000008001804      0x220 build/stm32f1xx_hal_gpio.o
                0x0000000008001804                HAL_GPIO_Init
 .text.HAL_GPIO_WritePin
                0x0000000008001a24        0xc build/stm32f1xx_hal_gpio.o
                0x0000000008001a24                HAL_GPIO_WritePin
 .text.HAL_DMA_Abort
                0x0000000008001a30       0x44 build/stm32f1xx_hal_dma.o
                0x0000000008001a30                HAL_DMA_Abort
 .text.HAL_DMA_Abort_IT
                0x0000000008001a74       0x98 build/stm32f1xx_hal_dma.o
                0x0000000008001a74                HAL_DMA_Abort_IT
 .text.HAL_NVIC_SetPriorityGrouping
                0x0000000008001b0c       0x24 build/stm32f1xx_hal_cortex.o
                0x0000000008001b0c                HAL_NVIC_SetPriorityGrouping
 .text.HAL_NVIC_SetPriority
                0x0000000008001b30       0x70 build/stm32f1xx_hal_cortex.o
                0x0000000008001b30                HAL_NVIC_SetPriority
 .text.HAL_NVIC_EnableIRQ
                0x0000000008001ba0       0x1c build/stm32f1xx_hal_cortex.o
                0x0000000008001ba0                HAL_NVIC_EnableIRQ
 .text.TIM_OC1_SetConfig
                0x0000000008001bbc       0x5c build/stm32f1xx_hal_tim.o
 .text.TIM_OC3_SetConfig
                0x0000000008001c18       0x64 build/stm32f1xx_hal_tim.o
 .text.TIM_OC4_SetConfig
                0x0000000008001c7c       0x48 build/stm32f1xx_hal_tim.o
 .text.TIM_TI1_ConfigInputStage
                0x0000000008001cc4       0x24 build/stm32f1xx_hal_tim.o
 .text.TIM_TI2_ConfigInputStage
                0x0000000008001ce8       0x26 build/stm32f1xx_hal_tim.o
 .text.TIM_ITRx_SetConfig
                0x0000000008001d0e       0x10 build/stm32f1xx_hal_tim.o
 *fill*         0x0000000008001d1e        0x2 
 .text.HAL_TIM_Base_Start_IT
                0x0000000008001d20       0x60 build/stm32f1xx_hal_tim.o
                0x0000000008001d20                HAL_TIM_Base_Start_IT
 .text.HAL_TIM_PWM_MspInit
                0x0000000008001d80        0x2 build/stm32f1xx_hal_tim.o
                0x0000000008001d80                HAL_TIM_PWM_MspInit
 .text.HAL_TIM_OC_DelayElapsedCallback
                0x0000000008001d82        0x2 build/stm32f1xx_hal_tim.o
                0x0000000008001d82                HAL_TIM_OC_DelayElapsedCallback
 .text.HAL_TIM_IC_CaptureCallback
                0x0000000008001d84        0x2 build/stm32f1xx_hal_tim.o
                0x0000000008001d84                HAL_TIM_IC_CaptureCallback
 .text.HAL_TIM_PWM_PulseFinishedCallback
                0x0000000008001d86        0x2 build/stm32f1xx_hal_tim.o
                0x0000000008001d86                HAL_TIM_PWM_PulseFinishedCallback
 .text.HAL_TIM_TriggerCallback
                0x0000000008001d88        0x2 build/stm32f1xx_hal_tim.o
                0x0000000008001d88                HAL_TIM_TriggerCallback
 *fill*         0x0000000008001d8a        0x2 
 .text.HAL_TIM_IRQHandler
                0x0000000008001d8c      0x198 build/stm32f1xx_hal_tim.o
                0x0000000008001d8c                HAL_TIM_IRQHandler
 .text.TIM_Base_SetConfig
                0x0000000008001f24       0x64 build/stm32f1xx_hal_tim.o
                0x0000000008001f24                TIM_Base_SetConfig
 .text.HAL_TIM_Base_Init
                0x0000000008001f88       0x60 build/stm32f1xx_hal_tim.o
                0x0000000008001f88                HAL_TIM_Base_Init
 .text.HAL_TIM_PWM_Init
                0x0000000008001fe8       0x60 build/stm32f1xx_hal_tim.o
                0x0000000008001fe8                HAL_TIM_PWM_Init
 .text.TIM_OC2_SetConfig
                0x0000000008002048       0x64 build/stm32f1xx_hal_tim.o
                0x0000000008002048                TIM_OC2_SetConfig
 .text.HAL_TIM_PWM_ConfigChannel
                0x00000000080020ac       0xe0 build/stm32f1xx_hal_tim.o
                0x00000000080020ac                HAL_TIM_PWM_ConfigChannel
 .text.TIM_ETR_SetConfig
                0x000000000800218c       0x18 build/stm32f1xx_hal_tim.o
                0x000000000800218c                TIM_ETR_SetConfig
 .text.HAL_TIM_ConfigClockSource
                0x00000000080021a4       0xec build/stm32f1xx_hal_tim.o
                0x00000000080021a4                HAL_TIM_ConfigClockSource
 .text.TIM_CCxChannelCmd
                0x0000000008002290       0x1e build/stm32f1xx_hal_tim.o
                0x0000000008002290                TIM_CCxChannelCmd
 *fill*         0x00000000080022ae        0x2 
 .text.HAL_TIM_OC_Start
                0x00000000080022b0       0xd8 build/stm32f1xx_hal_tim.o
                0x00000000080022b0                HAL_TIM_OC_Start
 .text.HAL_TIMEx_MasterConfigSynchronization
                0x0000000008002388       0x64 build/stm32f1xx_hal_tim_ex.o
                0x0000000008002388                HAL_TIMEx_MasterConfigSynchronization
 .text.HAL_TIMEx_CommutCallback
                0x00000000080023ec        0x2 build/stm32f1xx_hal_tim_ex.o
                0x00000000080023ec                HAL_TIMEx_CommutCallback
 .text.HAL_TIMEx_BreakCallback
                0x00000000080023ee        0x2 build/stm32f1xx_hal_tim_ex.o
                0x00000000080023ee                HAL_TIMEx_BreakCallback
 .text.UART_EndRxTransfer
                0x00000000080023f0       0x32 build/stm32f1xx_hal_uart.o
 .text.UART_Transmit_IT
                0x0000000008002422       0x60 build/stm32f1xx_hal_uart.o
 *fill*         0x0000000008002482        0x2 
 .text.UART_SetConfig
                0x0000000008002484       0x9c build/stm32f1xx_hal_uart.o
 .text.HAL_UART_Init
                0x0000000008002520       0x68 build/stm32f1xx_hal_uart.o
                0x0000000008002520                HAL_UART_Init
 .text.HAL_UART_Transmit_IT
                0x0000000008002588       0x4e build/stm32f1xx_hal_uart.o
                0x0000000008002588                HAL_UART_Transmit_IT
 *fill*         0x00000000080025d6        0x2 
 .text.UART_EndTransmit_IT
                0x00000000080025d8       0x20 build/stm32f1xx_hal_uart.o
 .text.HAL_UART_ErrorCallback
                0x00000000080025f8        0x2 build/stm32f1xx_hal_uart.o
                0x00000000080025f8                HAL_UART_ErrorCallback
 *fill*         0x00000000080025fa        0x2 
 .text.UART_DMAAbortOnError
                0x00000000080025fc       0x14 build/stm32f1xx_hal_uart.o
 .text.HAL_UARTEx_RxEventCallback
                0x0000000008002610        0x2 build/stm32f1xx_hal_uart.o
                0x0000000008002610                HAL_UARTEx_RxEventCallback
 *fill*         0x0000000008002612        0x2 
 .text.UART_Receive_IT
                0x0000000008002614       0xdc build/stm32f1xx_hal_uart.o
 .text.HAL_UART_IRQHandler
                0x00000000080026f0      0x224 build/stm32f1xx_hal_uart.o
                0x00000000080026f0                HAL_UART_IRQHandler
 .text.UART_Start_Receive_IT
                0x0000000008002914       0x36 build/stm32f1xx_hal_uart.o
                0x0000000008002914                UART_Start_Receive_IT
 *fill*         0x000000000800294a        0x2 
 .text.HAL_UART_Receive_IT
                0x000000000800294c       0x3c build/stm32f1xx_hal_uart.o
                0x000000000800294c                HAL_UART_Receive_IT
 .text.SystemInit
                0x0000000008002988        0x2 build/system_stm32f1xx.o
                0x0000000008002988                SystemInit
 .text.vListInitialise
                0x000000000800298a       0x16 build/list.o
                0x000000000800298a                vListInitialise
 .text.vListInitialiseItem
                0x00000000080029a0        0x6 build/list.o
                0x00000000080029a0                vListInitialiseItem
 .text.vListInsertEnd
                0x00000000080029a6       0x16 build/list.o
                0x00000000080029a6                vListInsertEnd
 .text.vListInsert
                0x00000000080029bc       0x32 build/list.o
                0x00000000080029bc                vListInsert
 .text.uxListRemove
                0x00000000080029ee       0x26 build/list.o
                0x00000000080029ee                uxListRemove
 .text.prvGetDisinheritPriorityAfterTimeout
                0x0000000008002a14       0x10 build/queue.o
 .text.prvIsQueueFull
                0x0000000008002a24       0x28 build/queue.o
 .text.prvIsQueueEmpty
                0x0000000008002a4c       0x24 build/queue.o
 .text.prvCopyDataToQueue
                0x0000000008002a70       0x80 build/queue.o
 .text.prvCopyDataFromQueue
                0x0000000008002af0       0x28 build/queue.o
 .text.prvUnlockQueue
                0x0000000008002b18       0x80 build/queue.o
 .text.xQueueGenericReset
                0x0000000008002b98       0x94 build/queue.o
                0x0000000008002b98                xQueueGenericReset
 .text.prvInitialiseNewQueue
                0x0000000008002c2c       0x28 build/queue.o
 .text.xQueueGenericCreateStatic
                0x0000000008002c54       0x98 build/queue.o
                0x0000000008002c54                xQueueGenericCreateStatic
 .text.xQueueGenericCreate
                0x0000000008002cec       0x58 build/queue.o
                0x0000000008002cec                xQueueGenericCreate
 .text.xQueueGenericSend
                0x0000000008002d44      0x1b8 build/queue.o
                0x0000000008002d44                xQueueGenericSend
 .text.prvInitialiseMutex
                0x0000000008002efc       0x1c build/queue.o
 .text.xQueueCreateMutex
                0x0000000008002f18       0x20 build/queue.o
                0x0000000008002f18                xQueueCreateMutex
 .text.xQueueGenericSendFromISR
                0x0000000008002f38       0xd8 build/queue.o
                0x0000000008002f38                xQueueGenericSendFromISR
 .text.xQueueReceive
                0x0000000008003010      0x190 build/queue.o
                0x0000000008003010                xQueueReceive
 .text.xQueueSemaphoreTake
                0x00000000080031a0      0x1e4 build/queue.o
                0x00000000080031a0                xQueueSemaphoreTake
 .text.xQueuePeek
                0x0000000008003384      0x190 build/queue.o
                0x0000000008003384                xQueuePeek
 .text.vQueueAddToRegistry
                0x0000000008003514       0x28 build/queue.o
                0x0000000008003514                vQueueAddToRegistry
 .text.vQueueWaitForMessageRestricted
                0x000000000800353c       0x64 build/queue.o
                0x000000000800353c                vQueueWaitForMessageRestricted
 .text.prvResetNextTaskUnblockTime
                0x00000000080035a0       0x2c build/tasks.o
 .text.prvInitialiseNewTask
                0x00000000080035cc       0xa8 build/tasks.o
 .text.prvInitialiseTaskLists
                0x0000000008003674       0x64 build/tasks.o
 .text.prvAddNewTaskToReadyList
                0x00000000080036d8       0xbc build/tasks.o
 .text.prvDeleteTCB
                0x0000000008003794       0x3c build/tasks.o
 .text.prvCheckTasksWaitingTermination
                0x00000000080037d0       0x5c build/tasks.o
 .text.prvIdleTask
                0x000000000800382c       0x2c build/tasks.o
 .text.prvAddCurrentTaskToDelayedList
                0x0000000008003858       0x88 build/tasks.o
 .text.xTaskCreateStatic
                0x00000000080038e0       0x7c build/tasks.o
                0x00000000080038e0                xTaskCreateStatic
 .text.xTaskCreate
                0x000000000800395c       0x78 build/tasks.o
                0x000000000800395c                xTaskCreate
 .text.vTaskStartScheduler
                0x00000000080039d4       0xac build/tasks.o
                0x00000000080039d4                vTaskStartScheduler
 .text.vTaskSuspendAll
                0x0000000008003a80       0x10 build/tasks.o
                0x0000000008003a80                vTaskSuspendAll
 .text.xTaskGetTickCount
                0x0000000008003a90        0xc build/tasks.o
                0x0000000008003a90                xTaskGetTickCount
 .text.xTaskIncrementTick
                0x0000000008003a9c      0x124 build/tasks.o
                0x0000000008003a9c                xTaskIncrementTick
 .text.xTaskResumeAll
                0x0000000008003bc0      0x10c build/tasks.o
                0x0000000008003bc0                xTaskResumeAll
 .text.vTaskDelay
                0x0000000008003ccc       0x58 build/tasks.o
                0x0000000008003ccc                vTaskDelay
 .text.vTaskSwitchContext
                0x0000000008003d24       0x94 build/tasks.o
                0x0000000008003d24                vTaskSwitchContext
 .text.vTaskPlaceOnEventList
                0x0000000008003db8       0x38 build/tasks.o
                0x0000000008003db8                vTaskPlaceOnEventList
 .text.vTaskPlaceOnEventListRestricted
                0x0000000008003df0       0x40 build/tasks.o
                0x0000000008003df0                vTaskPlaceOnEventListRestricted
 .text.xTaskRemoveFromEventList
                0x0000000008003e30       0x94 build/tasks.o
                0x0000000008003e30                xTaskRemoveFromEventList
 .text.vTaskInternalSetTimeOutState
                0x0000000008003ec4       0x18 build/tasks.o
                0x0000000008003ec4                vTaskInternalSetTimeOutState
 .text.xTaskCheckForTimeOut
                0x0000000008003edc       0x90 build/tasks.o
                0x0000000008003edc                xTaskCheckForTimeOut
 .text.vTaskMissedYield
                0x0000000008003f6c        0xc build/tasks.o
                0x0000000008003f6c                vTaskMissedYield
 .text.xTaskGetSchedulerState
                0x0000000008003f78       0x20 build/tasks.o
                0x0000000008003f78                xTaskGetSchedulerState
 .text.xTaskPriorityInherit
                0x0000000008003f98       0xa0 build/tasks.o
                0x0000000008003f98                xTaskPriorityInherit
 .text.xTaskPriorityDisinherit
                0x0000000008004038       0x98 build/tasks.o
                0x0000000008004038                xTaskPriorityDisinherit
 .text.vTaskPriorityDisinheritAfterTimeout
                0x00000000080040d0       0xa8 build/tasks.o
                0x00000000080040d0                vTaskPriorityDisinheritAfterTimeout
 .text.pvTaskIncrementMutexHeldCount
                0x0000000008004178       0x1c build/tasks.o
                0x0000000008004178                pvTaskIncrementMutexHeldCount
 .text.ulTaskNotifyTake
                0x0000000008004194       0x84 build/tasks.o
                0x0000000008004194                ulTaskNotifyTake
 .text.vTaskNotifyGiveFromISR
                0x0000000008004218       0xdc build/tasks.o
                0x0000000008004218                vTaskNotifyGiveFromISR
 .text.prvGetNextExpireTime
                0x00000000080042f4       0x20 build/timers.o
 .text.prvInsertTimerInActiveList
                0x0000000008004314       0x4c build/timers.o
 .text.prvCheckForValidListAndQueue
                0x0000000008004360       0x80 build/timers.o
 .text.xTimerCreateTimerTask
                0x00000000080043e0       0x70 build/timers.o
                0x00000000080043e0                xTimerCreateTimerTask
 .text.xTimerGenericCommand
                0x0000000008004450       0x78 build/timers.o
                0x0000000008004450                xTimerGenericCommand
 .text.prvSwitchTimerLists
                0x00000000080044c8       0x88 build/timers.o
 .text.prvSampleTimeNow
                0x0000000008004550       0x34 build/timers.o
 .text.prvProcessExpiredTimer
                0x0000000008004584       0x6c build/timers.o
 .text.prvProcessTimerOrBlockTask
                0x00000000080045f0       0x88 build/timers.o
 .text.prvProcessReceivedCommands
                0x0000000008004678      0x110 build/timers.o
 .text.prvTimerTask
                0x0000000008004788       0x24 build/timers.o
 .text.osKernelInitialize
                0x00000000080047ac       0x44 build/cmsis_os2.o
                0x00000000080047ac                osKernelInitialize
 .text.osKernelStart
                0x00000000080047f0       0x50 build/cmsis_os2.o
                0x00000000080047f0                osKernelStart
 .text.osThreadNew
                0x0000000008004840       0xf4 build/cmsis_os2.o
                0x0000000008004840                osThreadNew
 .text.osDelay  0x0000000008004934       0x48 build/cmsis_os2.o
                0x0000000008004934                osDelay
 .text.vApplicationGetIdleTaskMemory
                0x000000000800497c       0x18 build/cmsis_os2.o
                0x000000000800497c                vApplicationGetIdleTaskMemory
 .text.vApplicationGetTimerTaskMemory
                0x0000000008004994       0x18 build/cmsis_os2.o
                0x0000000008004994                vApplicationGetTimerTaskMemory
 .text.prvHeapInit
                0x00000000080049ac       0x64 build/heap_4.o
 .text.prvInsertBlockIntoFreeList
                0x0000000008004a10       0x60 build/heap_4.o
 .text.pvPortMalloc
                0x0000000008004a70      0x100 build/heap_4.o
                0x0000000008004a70                pvPortMalloc
 .text.vPortFree
                0x0000000008004b70       0x7c build/heap_4.o
                0x0000000008004b70                vPortFree
 .text.prvTaskExitError
                0x0000000008004bec       0x40 build/port.o
 .text.prvPortStartFirstTask
                0x0000000008004c2c       0x20 build/port.o
 .text.pxPortInitialiseStack
                0x0000000008004c4c       0x24 build/port.o
                0x0000000008004c4c                pxPortInitialiseStack
 .text.SVC_Handler
                0x0000000008004c70       0x24 build/port.o
                0x0000000008004c70                SVC_Handler
 .text.vPortEnterCritical
                0x0000000008004c94       0x44 build/port.o
                0x0000000008004c94                vPortEnterCritical
 .text.vPortExitCritical
                0x0000000008004cd8       0x2c build/port.o
                0x0000000008004cd8                vPortExitCritical
 *fill*         0x0000000008004d04        0xc 
 .text.PendSV_Handler
                0x0000000008004d10       0x44 build/port.o
                0x0000000008004d10                PendSV_Handler
 .text.SysTick_Handler
                0x0000000008004d54       0x30 build/port.o
                0x0000000008004d54                SysTick_Handler
 .text.vPortSetupTimerInterrupt
                0x0000000008004d84       0x28 build/port.o
                0x0000000008004d84                vPortSetupTimerInterrupt
 .text.xPortStartScheduler
                0x0000000008004dac       0xb8 build/port.o
                0x0000000008004dac                xPortStartScheduler
 .text.vPortValidateInterruptPriority
                0x0000000008004e64       0x5c build/port.o
                0x0000000008004e64                vPortValidateInterruptPriority
 .text.MX_ADC1_Init
                0x0000000008004ec0       0x68 build/adc.o
                0x0000000008004ec0                MX_ADC1_Init
 .text.HAL_ADC_MspInit
                0x0000000008004f28       0x7c build/adc.o
                0x0000000008004f28                HAL_ADC_MspInit
 .text.HAL_ADC_GetValue
                0x0000000008004fa4        0x6 build/stm32f1xx_hal_adc.o
                0x0000000008004fa4                HAL_ADC_GetValue
 .text.HAL_ADC_LevelOutOfWindowCallback
                0x0000000008004faa        0x2 build/stm32f1xx_hal_adc.o
                0x0000000008004faa                HAL_ADC_LevelOutOfWindowCallback
 .text.HAL_ADC_IRQHandler
                0x0000000008004fac      0x118 build/stm32f1xx_hal_adc.o
                0x0000000008004fac                HAL_ADC_IRQHandler
 .text.HAL_ADC_ConfigChannel
                0x00000000080050c4      0x144 build/stm32f1xx_hal_adc.o
                0x00000000080050c4                HAL_ADC_ConfigChannel
 .text.ADC_Enable
                0x0000000008005208       0x8c build/stm32f1xx_hal_adc.o
                0x0000000008005208                ADC_Enable
 .text.HAL_ADC_Start_IT
                0x0000000008005294       0xf4 build/stm32f1xx_hal_adc.o
                0x0000000008005294                HAL_ADC_Start_IT
 .text.ADC_ConversionStop_Disable
                0x0000000008005388       0x5c build/stm32f1xx_hal_adc.o
                0x0000000008005388                ADC_ConversionStop_Disable
 .text.HAL_ADC_Init
                0x00000000080053e4      0x110 build/stm32f1xx_hal_adc.o
                0x00000000080053e4                HAL_ADC_Init
 .text.HAL_ADCEx_InjectedConvCpltCallback
                0x00000000080054f4        0x2 build/stm32f1xx_hal_adc_ex.o
                0x00000000080054f4                HAL_ADCEx_InjectedConvCpltCallback
 *fill*         0x00000000080054f6        0x2 
 .text.Reset_Handler
                0x00000000080054f8       0x48 build/startup_stm32f103x6_init.o
                0x00000000080054f8                Reset_Handler
 .text.Default_Handler
                0x0000000008005540        0x2 build/startup_stm32f103x6_init.o
                0x0000000008005540                RTC_Alarm_IRQHandler
                0x0000000008005540                EXTI2_IRQHandler
                0x0000000008005540                TIM1_CC_IRQHandler
                0x0000000008005540                PVD_IRQHandler
                0x0000000008005540                EXTI3_IRQHandler
                0x0000000008005540                EXTI0_IRQHandler
                0x0000000008005540                SPI1_IRQHandler
                0x0000000008005540                TAMPER_IRQHandler
                0x0000000008005540                DMA1_Channel4_IRQHandler
                0x0000000008005540                RTC_IRQHandler
                0x0000000008005540                DMA1_Channel7_IRQHandler
                0x0000000008005540                CAN1_RX1_IRQHandler
                0x0000000008005540                I2C1_EV_IRQHandler
                0x0000000008005540                DMA1_Channel6_IRQHandler
                0x0000000008005540                TIM3_IRQHandler
                0x0000000008005540                RCC_IRQHandler
                0x0000000008005540                TIM1_TRG_COM_IRQHandler
                0x0000000008005540                DMA1_Channel1_IRQHandler
                0x0000000008005540                Default_Handler
                0x0000000008005540                EXTI15_10_IRQHandler
                0x0000000008005540                EXTI9_5_IRQHandler
                0x0000000008005540                DMA1_Channel5_IRQHandler
                0x0000000008005540                EXTI4_IRQHandler
                0x0000000008005540                USB_LP_CAN1_RX0_IRQHandler
                0x0000000008005540                USB_HP_CAN1_TX_IRQHandler
                0x0000000008005540                DMA1_Channel3_IRQHandler
                0x0000000008005540                WWDG_IRQHandler
                0x0000000008005540                TIM2_IRQHandler
                0x0000000008005540                TIM1_BRK_IRQHandler
                0x0000000008005540                EXTI1_IRQHandler
                0x0000000008005540                USART2_IRQHandler
                0x0000000008005540                DMA1_Channel2_IRQHandler
                0x0000000008005540                CAN1_SCE_IRQHandler
                0x0000000008005540                FLASH_IRQHandler
                0x0000000008005540                I2C1_ER_IRQHandler
                0x0000000008005540                USBWakeUp_IRQHandler
 *fill*         0x0000000008005542        0x2 
 .text.__libc_init_array
                0x0000000008005544       0x48 c:/users/david/desktop/arm-none-eabi-gcc-10.2.1-1.1/bin/../lib/gcc/arm-none-eabi/10.2.1/../../../../arm-none-eabi/lib/thumb/v7-m/nofp\libc_nano.a(lib_a-init.o)
                0x0000000008005544                __libc_init_array
 .text.__itoa   0x000000000800558c       0x30 c:/users/david/desktop/arm-none-eabi-gcc-10.2.1-1.1/bin/../lib/gcc/arm-none-eabi/10.2.1/../../../../arm-none-eabi/lib/thumb/v7-m/nofp\libc_nano.a(lib_a-itoa.o)
                0x000000000800558c                __itoa
 .text.itoa     0x00000000080055bc        0x4 c:/users/david/desktop/arm-none-eabi-gcc-10.2.1-1.1/bin/../lib/gcc/arm-none-eabi/10.2.1/../../../../arm-none-eabi/lib/thumb/v7-m/nofp\libc_nano.a(lib_a-itoa.o)
                0x00000000080055bc                itoa
 .text.memcpy   0x00000000080055c0       0x1c c:/users/david/desktop/arm-none-eabi-gcc-10.2.1-1.1/bin/../lib/gcc/arm-none-eabi/10.2.1/../../../../arm-none-eabi/lib/thumb/v7-m/nofp\libc_nano.a(lib_a-memcpy-stub.o)
                0x00000000080055c0                memcpy
 .text.memset   0x00000000080055dc       0x10 c:/users/david/desktop/arm-none-eabi-gcc-10.2.1-1.1/bin/../lib/gcc/arm-none-eabi/10.2.1/../../../../arm-none-eabi/lib/thumb/v7-m/nofp\libc_nano.a(lib_a-memset.o)
                0x00000000080055dc                memset
 .text.__utoa   0x00000000080055ec       0x84 c:/users/david/desktop/arm-none-eabi-gcc-10.2.1-1.1/bin/../lib/gcc/arm-none-eabi/10.2.1/../../../../arm-none-eabi/lib/thumb/v7-m/nofp\libc_nano.a(lib_a-utoa.o)
                0x00000000080055ec                __utoa
 *(.glue_7)
 .glue_7        0x0000000008005670        0x0 linker stubs
 *(.glue_7t)
 .glue_7t       0x0000000008005670        0x0 linker stubs
 *(.eh_frame)
 .eh_frame      0x0000000008005670        0x0 c:/users/david/desktop/arm-none-eabi-gcc-10.2.1-1.1/bin/../lib/gcc/arm-none-eabi/10.2.1/thumb/v7-m/nofp/crtbegin.o
 *(.init)
 .init          0x0000000008005670        0x4 c:/users/david/desktop/arm-none-eabi-gcc-10.2.1-1.1/bin/../lib/gcc/arm-none-eabi/10.2.1/thumb/v7-m/nofp/crti.o
                0x0000000008005670                _init
 .init          0x0000000008005674        0x8 c:/users/david/desktop/arm-none-eabi-gcc-10.2.1-1.1/bin/../lib/gcc/arm-none-eabi/10.2.1/thumb/v7-m/nofp/crtn.o
 *(.fini)
 .fini          0x000000000800567c        0x4 c:/users/david/desktop/arm-none-eabi-gcc-10.2.1-1.1/bin/../lib/gcc/arm-none-eabi/10.2.1/thumb/v7-m/nofp/crti.o
                0x000000000800567c                _fini
 .fini          0x0000000008005680        0x8 c:/users/david/desktop/arm-none-eabi-gcc-10.2.1-1.1/bin/../lib/gcc/arm-none-eabi/10.2.1/thumb/v7-m/nofp/crtn.o
                0x0000000008005688                . = ALIGN (0x4)
                0x0000000008005688                _etext = .

.vfp11_veneer   0x0000000008005688        0x0
 .vfp11_veneer  0x0000000008005688        0x0 linker stubs

.v4_bx          0x0000000008005688        0x0
 .v4_bx         0x0000000008005688        0x0 linker stubs

.iplt           0x0000000008005688        0x0
 .iplt          0x0000000008005688        0x0 c:/users/david/desktop/arm-none-eabi-gcc-10.2.1-1.1/bin/../lib/gcc/arm-none-eabi/10.2.1/thumb/v7-m/nofp/crtbegin.o

.rodata         0x0000000008005688       0xf0
                0x0000000008005688                . = ALIGN (0x4)
 *(.rodata)
 .rodata        0x0000000008005688       0x10 build/homework.o
 *(.rodata*)
 .rodata.TEMP_Init.str1.4
                0x0000000008005698        0xa build/driver_temp.o
 *fill*         0x00000000080056a2        0x2 
 .rodata.UART_Init.str1.4
                0x00000000080056a4       0x1c build/driver_uart.o
 .rodata.LCD_Init.str1.4
                0x00000000080056c0        0x9 build/driver_lcd.o
 *fill*         0x00000000080056c9        0x3 
 .rodata.homeworkInit.str1.4
                0x00000000080056cc        0xd build/homework.o
 *fill*         0x00000000080056d9        0x3 
 .rodata.str1.4
                0x00000000080056dc        0xc build/freertos.o
 .rodata.defaultTask_attributes
                0x00000000080056e8       0x24 build/freertos.o
                0x00000000080056e8                defaultTask_attributes
 .rodata.HAL_RCC_GetSysClockFreq.str1.4
                0x000000000800570c       0x11 build/stm32f1xx_hal_rcc.o
 *fill*         0x000000000800571d        0x3 
 .rodata.AHBPrescTable
                0x0000000008005720       0x10 build/system_stm32f1xx.o
                0x0000000008005720                AHBPrescTable
 .rodata.APBPrescTable
                0x0000000008005730        0x8 build/system_stm32f1xx.o
                0x0000000008005730                APBPrescTable
 .rodata.vTaskStartScheduler.str1.4
                0x0000000008005738        0x5 build/tasks.o
 *fill*         0x000000000800573d        0x3 
 .rodata.prvCheckForValidListAndQueue.str1.4
                0x0000000008005740        0x5 build/timers.o
 *fill*         0x0000000008005745        0x3 
 .rodata.xTimerCreateTimerTask.str1.4
                0x0000000008005748        0x8 build/timers.o
 .rodata.__utoa.str1.1
                0x0000000008005750       0x25 c:/users/david/desktop/arm-none-eabi-gcc-10.2.1-1.1/bin/../lib/gcc/arm-none-eabi/10.2.1/../../../../arm-none-eabi/lib/thumb/v7-m/nofp\libc_nano.a(lib_a-utoa.o)
                0x0000000008005778                . = ALIGN (0x4)
 *fill*         0x0000000008005775        0x3 

.rel.dyn        0x0000000008005778        0x0
 .rel.iplt      0x0000000008005778        0x0 c:/users/david/desktop/arm-none-eabi-gcc-10.2.1-1.1/bin/../lib/gcc/arm-none-eabi/10.2.1/thumb/v7-m/nofp/crtbegin.o

.ARM.extab
 *(.ARM.extab* .gnu.linkonce.armextab.*)

.ARM            0x0000000008005778        0x0
                0x0000000008005778                __exidx_start = .
 *(.ARM.exidx*)
                0x0000000008005778                __exidx_end = .

.preinit_array  0x0000000008005778        0x0
                0x0000000008005778                PROVIDE (__preinit_array_start = .)
 *(.preinit_array*)
                0x0000000008005778                PROVIDE (__preinit_array_end = .)

.init_array     0x0000000008005778        0x4
                0x0000000008005778                PROVIDE (__init_array_start = .)
 *(SORT_BY_NAME(.init_array.*))
 *(.init_array*)
 .init_array    0x0000000008005778        0x4 c:/users/david/desktop/arm-none-eabi-gcc-10.2.1-1.1/bin/../lib/gcc/arm-none-eabi/10.2.1/thumb/v7-m/nofp/crtbegin.o
                0x000000000800577c                PROVIDE (__init_array_end = .)

.fini_array     0x000000000800577c        0x4
                [!provide]                        PROVIDE (__fini_array_start = .)
 *(SORT_BY_NAME(.fini_array.*))
 *(.fini_array*)
 .fini_array    0x000000000800577c        0x4 c:/users/david/desktop/arm-none-eabi-gcc-10.2.1-1.1/bin/../lib/gcc/arm-none-eabi/10.2.1/thumb/v7-m/nofp/crtbegin.o
                [!provide]                        PROVIDE (__fini_array_end = .)
                0x0000000008005780                _sidata = LOADADDR (.data)

.data           0x0000000020000000       0x10 load address 0x0000000008005780
                0x0000000020000000                . = ALIGN (0x4)
                0x0000000020000000                _sdata = .
 *(.data)
 *(.data*)
 .data.uwTickFreq
                0x0000000020000000        0x1 build/stm32f1xx_hal.o
                0x0000000020000000                uwTickFreq
 *fill*         0x0000000020000001        0x3 
 .data.uwTickPrio
                0x0000000020000004        0x4 build/stm32f1xx_hal.o
                0x0000000020000004                uwTickPrio
 .data.SystemCoreClock
                0x0000000020000008        0x4 build/system_stm32f1xx.o
                0x0000000020000008                SystemCoreClock
 .data.uxCriticalNesting
                0x000000002000000c        0x4 build/port.o
                0x0000000020000010                . = ALIGN (0x4)
                0x0000000020000010                _edata = .

.igot.plt       0x0000000020000010        0x0 load address 0x0000000008005790
 .igot.plt      0x0000000020000010        0x0 c:/users/david/desktop/arm-none-eabi-gcc-10.2.1-1.1/bin/../lib/gcc/arm-none-eabi/10.2.1/thumb/v7-m/nofp/crtbegin.o
                0x0000000020000010                . = ALIGN (0x4)

.bss            0x0000000020000010     0x1ea8 load address 0x0000000008005790
                0x0000000020000010                _sbss = .
                0x0000000020000010                __bss_start__ = _sbss
 *(.bss)
 *(.bss*)
 .bss.completed.1
                0x0000000020000010        0x1 c:/users/david/desktop/arm-none-eabi-gcc-10.2.1-1.1/bin/../lib/gcc/arm-none-eabi/10.2.1/thumb/v7-m/nofp/crtbegin.o
 *fill*         0x0000000020000011        0x3 
 .bss.object.0  0x0000000020000014       0x18 c:/users/david/desktop/arm-none-eabi-gcc-10.2.1-1.1/bin/../lib/gcc/arm-none-eabi/10.2.1/thumb/v7-m/nofp/crtbegin.o
 .bss.TEMP_MailboxHandle
                0x000000002000002c        0x4 build/driver_temp.o
 .bss.TEMP_TaskHandle
                0x0000000020000030        0x4 build/driver_temp.o
 .bss.compareRegisterValue
                0x0000000020000034        0x4 build/driver_motor.o
 .bss.UART_ReceiveMutexHandle
                0x0000000020000038        0x4 build/driver_uart.o
 .bss.UART_ReceiveQueueHandle
                0x000000002000003c        0x4 build/driver_uart.o
 .bss.UART_ReceiveTaskHandle
                0x0000000020000040        0x4 build/driver_uart.o
 .bss.UART_TransmitMutexHandle
                0x0000000020000044        0x4 build/driver_uart.o
 .bss.UART_TransmitQueueHandle
                0x0000000020000048        0x4 build/driver_uart.o
 .bss.UART_TransmitTaskHandle
                0x000000002000004c        0x4 build/driver_uart.o
 .bss.LCD_QueueHandle
                0x0000000020000050        0x4 build/driver_lcd.o
 .bss.LCD_TaskHandle
                0x0000000020000054        0x4 build/driver_lcd.o
 .bss.fanState  0x0000000020000058        0x1 build/homework.o
                0x0000000020000058                fanState
 *fill*         0x0000000020000059        0x3 
 .bss.tempText  0x000000002000005c        0x4 build/homework.o
 .bss.tempValue
                0x0000000020000060        0x4 build/homework.o
 .bss.defaultTaskHandle
                0x0000000020000064        0x4 build/freertos.o
                0x0000000020000064                defaultTaskHandle
 .bss.htim3     0x0000000020000068       0x48 build/tim.o
                0x0000000020000068                htim3
 .bss.huart1    0x00000000200000b0       0x44 build/usart.o
                0x00000000200000b0                huart1
 .bss.htim1     0x00000000200000f4       0x48 build/stm32f1xx_hal_timebase_tim.o
                0x00000000200000f4                htim1
 .bss.uwTick    0x000000002000013c        0x4 build/stm32f1xx_hal.o
                0x000000002000013c                uwTick
 .bss.xQueueRegistry
                0x0000000020000140       0x40 build/queue.o
                0x0000000020000140                xQueueRegistry
 .bss.pxCurrentTCB
                0x0000000020000180        0x4 build/tasks.o
                0x0000000020000180                pxCurrentTCB
 .bss.pxDelayedTaskList
                0x0000000020000184        0x4 build/tasks.o
 .bss.pxOverflowDelayedTaskList
                0x0000000020000188        0x4 build/tasks.o
 .bss.pxReadyTasksLists
                0x000000002000018c      0x460 build/tasks.o
 .bss.uxCurrentNumberOfTasks
                0x00000000200005ec        0x4 build/tasks.o
 .bss.uxDeletedTasksWaitingCleanUp
                0x00000000200005f0        0x4 build/tasks.o
 .bss.uxPendedTicks
                0x00000000200005f4        0x4 build/tasks.o
 .bss.uxSchedulerSuspended
                0x00000000200005f8        0x4 build/tasks.o
 .bss.uxTaskNumber
                0x00000000200005fc        0x4 build/tasks.o
 .bss.uxTopReadyPriority
                0x0000000020000600        0x4 build/tasks.o
 .bss.xDelayedTaskList1
                0x0000000020000604       0x14 build/tasks.o
 .bss.xDelayedTaskList2
                0x0000000020000618       0x14 build/tasks.o
 .bss.xIdleTaskHandle
                0x000000002000062c        0x4 build/tasks.o
 .bss.xNextTaskUnblockTime
                0x0000000020000630        0x4 build/tasks.o
 .bss.xNumOfOverflows
                0x0000000020000634        0x4 build/tasks.o
 .bss.xPendingReadyList
                0x0000000020000638       0x14 build/tasks.o
 .bss.xSchedulerRunning
                0x000000002000064c        0x4 build/tasks.o
 .bss.xSuspendedTaskList
                0x0000000020000650       0x14 build/tasks.o
 .bss.xTasksWaitingTermination
                0x0000000020000664       0x14 build/tasks.o
 .bss.xTickCount
                0x0000000020000678        0x4 build/tasks.o
 .bss.xYieldPending
                0x000000002000067c        0x4 build/tasks.o
 .bss.pxCurrentTimerList
                0x0000000020000680        0x4 build/timers.o
 .bss.pxOverflowTimerList
                0x0000000020000684        0x4 build/timers.o
 .bss.ucStaticTimerQueueStorage.1
                0x0000000020000688       0xa0 build/timers.o
 .bss.xActiveTimerList1
                0x0000000020000728       0x14 build/timers.o
 .bss.xActiveTimerList2
                0x000000002000073c       0x14 build/timers.o
 .bss.xLastTime.2
                0x0000000020000750        0x4 build/timers.o
 .bss.xStaticTimerQueue.0
                0x0000000020000754       0x50 build/timers.o
 .bss.xTimerQueue
                0x00000000200007a4        0x4 build/timers.o
 .bss.xTimerTaskHandle
                0x00000000200007a8        0x4 build/timers.o
 .bss.Idle_Stack
                0x00000000200007ac      0x200 build/cmsis_os2.o
 .bss.Idle_TCB  0x00000000200009ac       0x5c build/cmsis_os2.o
 .bss.KernelState
                0x0000000020000a08        0x4 build/cmsis_os2.o
 .bss.Timer_Stack
                0x0000000020000a0c      0x400 build/cmsis_os2.o
 .bss.Timer_TCB
                0x0000000020000e0c       0x5c build/cmsis_os2.o
 .bss.pxEnd     0x0000000020000e68        0x4 build/heap_4.o
 .bss.ucHeap    0x0000000020000e6c     0x1000 build/heap_4.o
 .bss.xBlockAllocatedBit
                0x0000000020001e6c        0x4 build/heap_4.o
 .bss.xFreeBytesRemaining
                0x0000000020001e70        0x4 build/heap_4.o
 .bss.xMinimumEverFreeBytesRemaining
                0x0000000020001e74        0x4 build/heap_4.o
 .bss.xStart    0x0000000020001e78        0x8 build/heap_4.o
 .bss.ucMaxSysCallPriority
                0x0000000020001e80        0x1 build/port.o
 *fill*         0x0000000020001e81        0x3 
 .bss.ulMaxPRIGROUPValue
                0x0000000020001e84        0x4 build/port.o
 .bss.hadc1     0x0000000020001e88       0x30 build/adc.o
                0x0000000020001e88                hadc1
 *(COMMON)
                0x0000000020001eb8                . = ALIGN (0x4)
                0x0000000020001eb8                _ebss = .
                0x0000000020001eb8                __bss_end__ = _ebss

._user_heap_stack
                0x0000000020001eb8      0x600 load address 0x0000000008005790
                0x0000000020001eb8                . = ALIGN (0x8)
                [!provide]                        PROVIDE (end = .)
                [!provide]                        PROVIDE (_end = .)
                0x00000000200020b8                . = (. + _Min_Heap_Size)
 *fill*         0x0000000020001eb8      0x200 
                0x00000000200024b8                . = (. + _Min_Stack_Size)
 *fill*         0x00000000200020b8      0x400 
                0x00000000200024b8                . = ALIGN (0x8)

/DISCARD/
 libc.a(*)
 libm.a(*)
 libgcc.a(*)

.ARM.attributes
                0x0000000000000000       0x29
 *(.ARM.attributes)
 .ARM.attributes
                0x0000000000000000       0x1d c:/users/david/desktop/arm-none-eabi-gcc-10.2.1-1.1/bin/../lib/gcc/arm-none-eabi/10.2.1/thumb/v7-m/nofp/crti.o
 .ARM.attributes
                0x000000000000001d       0x2d c:/users/david/desktop/arm-none-eabi-gcc-10.2.1-1.1/bin/../lib/gcc/arm-none-eabi/10.2.1/thumb/v7-m/nofp/crtbegin.o
 .ARM.attributes
                0x000000000000004a       0x2d build/driver_temp.o
 .ARM.attributes
                0x0000000000000077       0x2d build/driver_motor.o
 .ARM.attributes
                0x00000000000000a4       0x2d build/driver_uart.o
 .ARM.attributes
                0x00000000000000d1       0x2d build/driver_lcd.o
 .ARM.attributes
                0x00000000000000fe       0x2d build/homework.o
 .ARM.attributes
                0x000000000000012b       0x2d build/main.o
 .ARM.attributes
                0x0000000000000158       0x2d build/gpio.o
 .ARM.attributes
                0x0000000000000185       0x2d build/freertos.o
 .ARM.attributes
                0x00000000000001b2       0x2d build/tim.o
 .ARM.attributes
                0x00000000000001df       0x2d build/usart.o
 .ARM.attributes
                0x000000000000020c       0x2d build/stm32f1xx_it.o
 .ARM.attributes
                0x0000000000000239       0x2d build/stm32f1xx_hal_msp.o
 .ARM.attributes
                0x0000000000000266       0x2d build/stm32f1xx_hal_timebase_tim.o
 .ARM.attributes
                0x0000000000000293       0x2d build/stm32f1xx_hal.o
 .ARM.attributes
                0x00000000000002c0       0x2d build/stm32f1xx_hal_rcc.o
 .ARM.attributes
                0x00000000000002ed       0x2d build/stm32f1xx_hal_rcc_ex.o
 .ARM.attributes
                0x000000000000031a       0x2d build/stm32f1xx_hal_gpio.o
 .ARM.attributes
                0x0000000000000347       0x2d build/stm32f1xx_hal_dma.o
 .ARM.attributes
                0x0000000000000374       0x2d build/stm32f1xx_hal_cortex.o
 .ARM.attributes
                0x00000000000003a1       0x2d build/stm32f1xx_hal_tim.o
 .ARM.attributes
                0x00000000000003ce       0x2d build/stm32f1xx_hal_tim_ex.o
 .ARM.attributes
                0x00000000000003fb       0x2d build/stm32f1xx_hal_uart.o
 .ARM.attributes
                0x0000000000000428       0x2d build/system_stm32f1xx.o
 .ARM.attributes
                0x0000000000000455       0x2d build/list.o
 .ARM.attributes
                0x0000000000000482       0x2d build/queue.o
 .ARM.attributes
                0x00000000000004af       0x2d build/tasks.o
 .ARM.attributes
                0x00000000000004dc       0x2d build/timers.o
 .ARM.attributes
                0x0000000000000509       0x2d build/cmsis_os2.o
 .ARM.attributes
                0x0000000000000536       0x2d build/heap_4.o
 .ARM.attributes
                0x0000000000000563       0x2d build/port.o
 .ARM.attributes
                0x0000000000000590       0x2d build/adc.o
 .ARM.attributes
                0x00000000000005bd       0x2d build/stm32f1xx_hal_adc.o
 .ARM.attributes
                0x00000000000005ea       0x2d build/stm32f1xx_hal_adc_ex.o
 .ARM.attributes
                0x0000000000000617       0x21 build/startup_stm32f103x6_init.o
 .ARM.attributes
                0x0000000000000638       0x2d c:/users/david/desktop/arm-none-eabi-gcc-10.2.1-1.1/bin/../lib/gcc/arm-none-eabi/10.2.1/../../../../arm-none-eabi/lib/thumb/v7-m/nofp\libc_nano.a(lib_a-init.o)
 .ARM.attributes
                0x0000000000000665       0x2d c:/users/david/desktop/arm-none-eabi-gcc-10.2.1-1.1/bin/../lib/gcc/arm-none-eabi/10.2.1/../../../../arm-none-eabi/lib/thumb/v7-m/nofp\libc_nano.a(lib_a-itoa.o)
 .ARM.attributes
                0x0000000000000692       0x2d c:/users/david/desktop/arm-none-eabi-gcc-10.2.1-1.1/bin/../lib/gcc/arm-none-eabi/10.2.1/../../../../arm-none-eabi/lib/thumb/v7-m/nofp\libc_nano.a(lib_a-memcpy-stub.o)
 .ARM.attributes
                0x00000000000006bf       0x2d c:/users/david/desktop/arm-none-eabi-gcc-10.2.1-1.1/bin/../lib/gcc/arm-none-eabi/10.2.1/../../../../arm-none-eabi/lib/thumb/v7-m/nofp\libc_nano.a(lib_a-memset.o)
 .ARM.attributes
                0x00000000000006ec       0x17 c:/users/david/desktop/arm-none-eabi-gcc-10.2.1-1.1/bin/../lib/gcc/arm-none-eabi/10.2.1/../../../../arm-none-eabi/lib/thumb/v7-m/nofp\libc_nano.a(lib_a-strlen.o)
 .ARM.attributes
                0x0000000000000703       0x2d c:/users/david/desktop/arm-none-eabi-gcc-10.2.1-1.1/bin/../lib/gcc/arm-none-eabi/10.2.1/../../../../arm-none-eabi/lib/thumb/v7-m/nofp\libc_nano.a(lib_a-utoa.o)
 .ARM.attributes
                0x0000000000000730       0x1d c:/users/david/desktop/arm-none-eabi-gcc-10.2.1-1.1/bin/../lib/gcc/arm-none-eabi/10.2.1/thumb/v7-m/nofp\libgcc.a(_arm_mulsf3.o)
 .ARM.attributes
                0x000000000000074d       0x1d c:/users/david/desktop/arm-none-eabi-gcc-10.2.1-1.1/bin/../lib/gcc/arm-none-eabi/10.2.1/thumb/v7-m/nofp\libgcc.a(_arm_addsubsf3.o)
 .ARM.attributes
                0x000000000000076a       0x1d c:/users/david/desktop/arm-none-eabi-gcc-10.2.1-1.1/bin/../lib/gcc/arm-none-eabi/10.2.1/thumb/v7-m/nofp\libgcc.a(_arm_fixunssfsi.o)
 .ARM.attributes
                0x0000000000000787       0x1d c:/users/david/desktop/arm-none-eabi-gcc-10.2.1-1.1/bin/../lib/gcc/arm-none-eabi/10.2.1/thumb/v7-m/nofp/crtn.o
OUTPUT(build/code.elf elf32-littlearm)
LOAD linker stubs
LOAD c:/users/david/desktop/arm-none-eabi-gcc-10.2.1-1.1/bin/../lib/gcc/arm-none-eabi/10.2.1/../../../../arm-none-eabi/lib/thumb/v7-m/nofp\libc.a
LOAD c:/users/david/desktop/arm-none-eabi-gcc-10.2.1-1.1/bin/../lib/gcc/arm-none-eabi/10.2.1/../../../../arm-none-eabi/lib/thumb/v7-m/nofp\libm.a
LOAD c:/users/david/desktop/arm-none-eabi-gcc-10.2.1-1.1/bin/../lib/gcc/arm-none-eabi/10.2.1/thumb/v7-m/nofp\libgcc.a

.debug_info     0x0000000000000000    0x20fc9
 .debug_info    0x0000000000000000      0x83a build/driver_temp.o
 .debug_info    0x000000000000083a      0x706 build/driver_motor.o
 .debug_info    0x0000000000000f40      0xd85 build/driver_uart.o
 .debug_info    0x0000000000001cc5      0x583 build/driver_lcd.o
 .debug_info    0x0000000000002248      0x46f build/homework.o
 .debug_info    0x00000000000026b7      0xac2 build/main.o
 .debug_info    0x0000000000003179      0x30e build/gpio.o
 .debug_info    0x0000000000003487      0x379 build/freertos.o
 .debug_info    0x0000000000003800      0xbd8 build/tim.o
 .debug_info    0x00000000000043d8      0xa78 build/usart.o
 .debug_info    0x0000000000004e50      0xccf build/stm32f1xx_it.o
 .debug_info    0x0000000000005b1f      0x392 build/stm32f1xx_hal_msp.o
 .debug_info    0x0000000000005eb1      0xaa6 build/stm32f1xx_hal_timebase_tim.o
 .debug_info    0x0000000000006957      0x837 build/stm32f1xx_hal.o
 .debug_info    0x000000000000718e      0xaec build/stm32f1xx_hal_rcc.o
 .debug_info    0x0000000000007c7a      0x479 build/stm32f1xx_hal_rcc_ex.o
 .debug_info    0x00000000000080f3      0x6d7 build/stm32f1xx_hal_gpio.o
 .debug_info    0x00000000000087ca      0x8bb build/stm32f1xx_hal_dma.o
 .debug_info    0x0000000000009085      0xe0f build/stm32f1xx_hal_cortex.o
 .debug_info    0x0000000000009e94     0x3e12 build/stm32f1xx_hal_tim.o
 .debug_info    0x000000000000dca6     0x1b67 build/stm32f1xx_hal_tim_ex.o
 .debug_info    0x000000000000f80d     0x1e17 build/stm32f1xx_hal_uart.o
 .debug_info    0x0000000000011624      0x26e build/system_stm32f1xx.o
 .debug_info    0x0000000000011892      0x309 build/list.o
 .debug_info    0x0000000000011b9b     0x2875 build/queue.o
 .debug_info    0x0000000000014410     0x31ce build/tasks.o
 .debug_info    0x00000000000175de     0x1a79 build/timers.o
 .debug_info    0x0000000000019057     0x4d74 build/cmsis_os2.o
 .debug_info    0x000000000001ddcb      0x49b build/heap_4.o
 .debug_info    0x000000000001e266      0x54d build/port.o
 .debug_info    0x000000000001e7b3      0xab9 build/adc.o
 .debug_info    0x000000000001f26c     0x1026 build/stm32f1xx_hal_adc.o
 .debug_info    0x0000000000020292      0xd15 build/stm32f1xx_hal_adc_ex.o
 .debug_info    0x0000000000020fa7       0x22 build/startup_stm32f103x6_init.o

.debug_abbrev   0x0000000000000000     0x492c
 .debug_abbrev  0x0000000000000000      0x1fa build/driver_temp.o
 .debug_abbrev  0x00000000000001fa      0x195 build/driver_motor.o
 .debug_abbrev  0x000000000000038f      0x246 build/driver_uart.o
 .debug_abbrev  0x00000000000005d5      0x1c5 build/driver_lcd.o
 .debug_abbrev  0x000000000000079a      0x18a build/homework.o
 .debug_abbrev  0x0000000000000924      0x214 build/main.o
 .debug_abbrev  0x0000000000000b38      0x13f build/gpio.o
 .debug_abbrev  0x0000000000000c77      0x10e build/freertos.o
 .debug_abbrev  0x0000000000000d85      0x220 build/tim.o
 .debug_abbrev  0x0000000000000fa5      0x1ce build/usart.o
 .debug_abbrev  0x0000000000001173      0x18d build/stm32f1xx_it.o
 .debug_abbrev  0x0000000000001300      0x130 build/stm32f1xx_hal_msp.o
 .debug_abbrev  0x0000000000001430      0x1ef build/stm32f1xx_hal_timebase_tim.o
 .debug_abbrev  0x000000000000161f      0x1f7 build/stm32f1xx_hal.o
 .debug_abbrev  0x0000000000001816      0x29a build/stm32f1xx_hal_rcc.o
 .debug_abbrev  0x0000000000001ab0      0x1d5 build/stm32f1xx_hal_rcc_ex.o
 .debug_abbrev  0x0000000000001c85      0x222 build/stm32f1xx_hal_gpio.o
 .debug_abbrev  0x0000000000001ea7      0x244 build/stm32f1xx_hal_dma.o
 .debug_abbrev  0x00000000000020eb      0x359 build/stm32f1xx_hal_cortex.o
 .debug_abbrev  0x0000000000002444      0x296 build/stm32f1xx_hal_tim.o
 .debug_abbrev  0x00000000000026da      0x298 build/stm32f1xx_hal_tim_ex.o
 .debug_abbrev  0x0000000000002972      0x2ab build/stm32f1xx_hal_uart.o
 .debug_abbrev  0x0000000000002c1d      0x140 build/system_stm32f1xx.o
 .debug_abbrev  0x0000000000002d5d      0x124 build/list.o
 .debug_abbrev  0x0000000000002e81      0x3e7 build/queue.o
 .debug_abbrev  0x0000000000003268      0x399 build/tasks.o
 .debug_abbrev  0x0000000000003601      0x35d build/timers.o
 .debug_abbrev  0x000000000000395e      0x459 build/cmsis_os2.o
 .debug_abbrev  0x0000000000003db7      0x255 build/heap_4.o
 .debug_abbrev  0x000000000000400c      0x29d build/port.o
 .debug_abbrev  0x00000000000042a9      0x1ce build/adc.o
 .debug_abbrev  0x0000000000004477      0x239 build/stm32f1xx_hal_adc.o
 .debug_abbrev  0x00000000000046b0      0x26a build/stm32f1xx_hal_adc_ex.o
 .debug_abbrev  0x000000000000491a       0x12 build/startup_stm32f103x6_init.o

.debug_loc      0x0000000000000000    0x1b8a4
 .debug_loc     0x0000000000000000      0x11e build/driver_temp.o
 .debug_loc     0x000000000000011e       0x20 build/driver_motor.o
 .debug_loc     0x000000000000013e      0x453 build/driver_uart.o
 .debug_loc     0x0000000000000591      0x29e build/driver_lcd.o
 .debug_loc     0x000000000000082f      0x144 build/homework.o
 .debug_loc     0x0000000000000973       0xc8 build/main.o
 .debug_loc     0x0000000000000a3b       0x38 build/gpio.o
 .debug_loc     0x0000000000000a73       0x65 build/freertos.o
 .debug_loc     0x0000000000000ad8       0xf8 build/tim.o
 .debug_loc     0x0000000000000bd0      0x108 build/usart.o
 .debug_loc     0x0000000000000cd8       0x60 build/stm32f1xx_it.o
 .debug_loc     0x0000000000000d38       0x4d build/stm32f1xx_hal_msp.o
 .debug_loc     0x0000000000000d85       0xcd build/stm32f1xx_hal_timebase_tim.o
 .debug_loc     0x0000000000000e52      0x1e1 build/stm32f1xx_hal.o
 .debug_loc     0x0000000000001033      0x7ee build/stm32f1xx_hal_rcc.o
 .debug_loc     0x0000000000001821      0x444 build/stm32f1xx_hal_rcc_ex.o
 .debug_loc     0x0000000000001c65      0x511 build/stm32f1xx_hal_gpio.o
 .debug_loc     0x0000000000002176      0x901 build/stm32f1xx_hal_dma.o
 .debug_loc     0x0000000000002a77      0x77f build/stm32f1xx_hal_cortex.o
 .debug_loc     0x00000000000031f6     0x56a6 build/stm32f1xx_hal_tim.o
 .debug_loc     0x000000000000889c     0x20a0 build/stm32f1xx_hal_tim_ex.o
 .debug_loc     0x000000000000a93c     0x26ad build/stm32f1xx_hal_uart.o
 .debug_loc     0x000000000000cfe9       0xff build/system_stm32f1xx.o
 .debug_loc     0x000000000000d0e8       0xe5 build/list.o
 .debug_loc     0x000000000000d1cd     0x2038 build/queue.o
 .debug_loc     0x000000000000f205     0x2c73 build/tasks.o
 .debug_loc     0x0000000000011e78     0x156b build/timers.o
 .debug_loc     0x00000000000133e3     0x6519 build/cmsis_os2.o
 .debug_loc     0x00000000000198fc      0x3c1 build/heap_4.o
 .debug_loc     0x0000000000019cbd      0x16c build/port.o
 .debug_loc     0x0000000000019e29      0x12c build/adc.o
 .debug_loc     0x0000000000019f55      0xe92 build/stm32f1xx_hal_adc.o
 .debug_loc     0x000000000001ade7      0xabd build/stm32f1xx_hal_adc_ex.o

.debug_aranges  0x0000000000000000     0x1670
 .debug_aranges
                0x0000000000000000       0x38 build/driver_temp.o
 .debug_aranges
                0x0000000000000038       0x30 build/driver_motor.o
 .debug_aranges
                0x0000000000000068       0x70 build/driver_uart.o
 .debug_aranges
                0x00000000000000d8       0x48 build/driver_lcd.o
 .debug_aranges
                0x0000000000000120       0x28 build/homework.o
 .debug_aranges
                0x0000000000000148       0x38 build/main.o
 .debug_aranges
                0x0000000000000180       0x20 build/gpio.o
 .debug_aranges
                0x00000000000001a0       0x28 build/freertos.o
 .debug_aranges
                0x00000000000001c8       0x38 build/tim.o
 .debug_aranges
                0x0000000000000200       0x30 build/usart.o
 .debug_aranges
                0x0000000000000230       0x60 build/stm32f1xx_it.o
 .debug_aranges
                0x0000000000000290       0x20 build/stm32f1xx_hal_msp.o
 .debug_aranges
                0x00000000000002b0       0x30 build/stm32f1xx_hal_timebase_tim.o
 .debug_aranges
                0x00000000000002e0       0xe0 build/stm32f1xx_hal.o
 .debug_aranges
                0x00000000000003c0       0x90 build/stm32f1xx_hal_rcc.o
 .debug_aranges
                0x0000000000000450       0x30 build/stm32f1xx_hal_rcc_ex.o
 .debug_aranges
                0x0000000000000480       0x58 build/stm32f1xx_hal_gpio.o
 .debug_aranges
                0x00000000000004d8       0x80 build/stm32f1xx_hal_dma.o
 .debug_aranges
                0x0000000000000558       0x90 build/stm32f1xx_hal_cortex.o
 .debug_aranges
                0x00000000000005e8      0x3d0 build/stm32f1xx_hal_tim.o
 .debug_aranges
                0x00000000000009b8      0x168 build/stm32f1xx_hal_tim_ex.o
 .debug_aranges
                0x0000000000000b20      0x200 build/stm32f1xx_hal_uart.o
 .debug_aranges
                0x0000000000000d20       0x28 build/system_stm32f1xx.o
 .debug_aranges
                0x0000000000000d48       0x40 build/list.o
 .debug_aranges
                0x0000000000000d88      0x158 build/queue.o
 .debug_aranges
                0x0000000000000ee0      0x1f8 build/tasks.o
 .debug_aranges
                0x00000000000010d8       0xe0 build/timers.o
 .debug_aranges
                0x00000000000011b8      0x228 build/cmsis_os2.o
 .debug_aranges
                0x00000000000013e0       0x50 build/heap_4.o
 .debug_aranges
                0x0000000000001430       0x78 build/port.o
 .debug_aranges
                0x00000000000014a8       0x30 build/adc.o
 .debug_aranges
                0x00000000000014d8       0xf0 build/stm32f1xx_hal_adc.o
 .debug_aranges
                0x00000000000015c8       0x80 build/stm32f1xx_hal_adc_ex.o
 .debug_aranges
                0x0000000000001648       0x28 build/startup_stm32f103x6_init.o

.debug_ranges   0x0000000000000000     0x1740
 .debug_ranges  0x0000000000000000       0x28 build/driver_temp.o
 .debug_ranges  0x0000000000000028       0x20 build/driver_motor.o
 .debug_ranges  0x0000000000000048       0x60 build/driver_uart.o
 .debug_ranges  0x00000000000000a8       0x38 build/driver_lcd.o
 .debug_ranges  0x00000000000000e0       0x60 build/homework.o
 .debug_ranges  0x0000000000000140       0x28 build/main.o
 .debug_ranges  0x0000000000000168       0x10 build/gpio.o
 .debug_ranges  0x0000000000000178       0x18 build/freertos.o
 .debug_ranges  0x0000000000000190       0x28 build/tim.o
 .debug_ranges  0x00000000000001b8       0x20 build/usart.o
 .debug_ranges  0x00000000000001d8       0x50 build/stm32f1xx_it.o
 .debug_ranges  0x0000000000000228       0x10 build/stm32f1xx_hal_msp.o
 .debug_ranges  0x0000000000000238       0x20 build/stm32f1xx_hal_timebase_tim.o
 .debug_ranges  0x0000000000000258       0xd0 build/stm32f1xx_hal.o
 .debug_ranges  0x0000000000000328       0xa0 build/stm32f1xx_hal_rcc.o
 .debug_ranges  0x00000000000003c8       0x38 build/stm32f1xx_hal_rcc_ex.o
 .debug_ranges  0x0000000000000400       0x48 build/stm32f1xx_hal_gpio.o
 .debug_ranges  0x0000000000000448       0x70 build/stm32f1xx_hal_dma.o
 .debug_ranges  0x00000000000004b8       0xe0 build/stm32f1xx_hal_cortex.o
 .debug_ranges  0x0000000000000598      0x3c0 build/stm32f1xx_hal_tim.o
 .debug_ranges  0x0000000000000958      0x158 build/stm32f1xx_hal_tim_ex.o
 .debug_ranges  0x0000000000000ab0      0x1f0 build/stm32f1xx_hal_uart.o
 .debug_ranges  0x0000000000000ca0       0x18 build/system_stm32f1xx.o
 .debug_ranges  0x0000000000000cb8       0x30 build/list.o
 .debug_ranges  0x0000000000000ce8      0x218 build/queue.o
 .debug_ranges  0x0000000000000f00      0x320 build/tasks.o
 .debug_ranges  0x0000000000001220       0xd0 build/timers.o
 .debug_ranges  0x00000000000012f0      0x218 build/cmsis_os2.o
 .debug_ranges  0x0000000000001508       0x40 build/heap_4.o
 .debug_ranges  0x0000000000001548       0x68 build/port.o
 .debug_ranges  0x00000000000015b0       0x20 build/adc.o
 .debug_ranges  0x00000000000015d0       0xe0 build/stm32f1xx_hal_adc.o
 .debug_ranges  0x00000000000016b0       0x70 build/stm32f1xx_hal_adc_ex.o
 .debug_ranges  0x0000000000001720       0x20 build/startup_stm32f103x6_init.o

.debug_line     0x0000000000000000    0x18c0c
 .debug_line    0x0000000000000000      0x355 build/driver_temp.o
 .debug_line    0x0000000000000355      0x238 build/driver_motor.o
 .debug_line    0x000000000000058d      0x590 build/driver_uart.o
 .debug_line    0x0000000000000b1d      0x2f3 build/driver_lcd.o
 .debug_line    0x0000000000000e10      0x405 build/homework.o
 .debug_line    0x0000000000001215      0x3e0 build/main.o
 .debug_line    0x00000000000015f5      0x1c1 build/gpio.o
 .debug_line    0x00000000000017b6      0x193 build/freertos.o
 .debug_line    0x0000000000001949      0x374 build/tim.o
 .debug_line    0x0000000000001cbd      0x30a build/usart.o
 .debug_line    0x0000000000001fc7      0x2fe build/stm32f1xx_it.o
 .debug_line    0x00000000000022c5      0x1ae build/stm32f1xx_hal_msp.o
 .debug_line    0x0000000000002473      0x293 build/stm32f1xx_hal_timebase_tim.o
 .debug_line    0x0000000000002706      0x526 build/stm32f1xx_hal.o
 .debug_line    0x0000000000002c2c      0xc21 build/stm32f1xx_hal_rcc.o
 .debug_line    0x000000000000384d      0x493 build/stm32f1xx_hal_rcc_ex.o
 .debug_line    0x0000000000003ce0      0x5c1 build/stm32f1xx_hal_gpio.o
 .debug_line    0x00000000000042a1      0xa48 build/stm32f1xx_hal_dma.o
 .debug_line    0x0000000000004ce9      0x62e build/stm32f1xx_hal_cortex.o
 .debug_line    0x0000000000005317     0x462a build/stm32f1xx_hal_tim.o
 .debug_line    0x0000000000009941     0x1b2f build/stm32f1xx_hal_tim_ex.o
 .debug_line    0x000000000000b470     0x20c1 build/stm32f1xx_hal_uart.o
 .debug_line    0x000000000000d531      0x238 build/system_stm32f1xx.o
 .debug_line    0x000000000000d769      0x369 build/list.o
 .debug_line    0x000000000000dad2     0x2028 build/queue.o
 .debug_line    0x000000000000fafa     0x2bd7 build/tasks.o
 .debug_line    0x00000000000126d1      0xdf5 build/timers.o
 .debug_line    0x00000000000134c6     0x2cff build/cmsis_os2.o
 .debug_line    0x00000000000161c5      0x669 build/heap_4.o
 .debug_line    0x000000000001682e      0x5a1 build/port.o
 .debug_line    0x0000000000016dcf      0x318 build/adc.o
 .debug_line    0x00000000000170e7      0xee4 build/stm32f1xx_hal_adc.o
 .debug_line    0x0000000000017fcb      0xbbb build/stm32f1xx_hal_adc_ex.o
 .debug_line    0x0000000000018b86       0x86 build/startup_stm32f103x6_init.o

.debug_str      0x0000000000000000     0x7209
 .debug_str     0x0000000000000000      0x55c build/driver_temp.o
                                        0x61f (size before relaxing)
 .debug_str     0x000000000000055c      0x315 build/driver_motor.o
                                        0x6c2 (size before relaxing)
 .debug_str     0x0000000000000871      0x432 build/driver_uart.o
                                        0x878 (size before relaxing)
 .debug_str     0x0000000000000ca3      0x122 build/driver_lcd.o
                                        0x353 (size before relaxing)
 .debug_str     0x0000000000000dc5       0x87 build/homework.o
                                        0x312 (size before relaxing)
 .debug_str     0x0000000000000e4c      0x2e5 build/main.o
                                        0x946 (size before relaxing)
 .debug_str     0x0000000000001131       0xc1 build/gpio.o
                                        0x292 (size before relaxing)
 .debug_str     0x00000000000011f2      0x4d5 build/freertos.o
                                        0x67f (size before relaxing)
 .debug_str     0x00000000000016c7      0x1ea build/tim.o
                                        0x930 (size before relaxing)
 .debug_str     0x00000000000018b1      0x338 build/usart.o
                                        0x984 (size before relaxing)
 .debug_str     0x0000000000001be9       0xf7 build/stm32f1xx_it.o
                                        0xa74 (size before relaxing)
 .debug_str     0x0000000000001ce0       0x5a build/stm32f1xx_hal_msp.o
                                        0x4e4 (size before relaxing)
 .debug_str     0x0000000000001d3a       0xe6 build/stm32f1xx_hal_timebase_tim.o
                                        0xacb (size before relaxing)
 .debug_str     0x0000000000001e20      0x2d3 build/stm32f1xx_hal.o
                                        0x7ff (size before relaxing)
 .debug_str     0x00000000000020f3      0x1cb build/stm32f1xx_hal_rcc.o
                                        0x640 (size before relaxing)
 .debug_str     0x00000000000022be       0x9f build/stm32f1xx_hal_rcc_ex.o
                                        0x3e8 (size before relaxing)
 .debug_str     0x000000000000235d      0x11a build/stm32f1xx_hal_gpio.o
                                        0x415 (size before relaxing)
 .debug_str     0x0000000000002477      0x23a build/stm32f1xx_hal_dma.o
                                        0x612 (size before relaxing)
 .debug_str     0x00000000000026b1      0x395 build/stm32f1xx_hal_cortex.o
                                        0x8ae (size before relaxing)
 .debug_str     0x0000000000002a46      0xd77 build/stm32f1xx_hal_tim.o
                                       0x164d (size before relaxing)
 .debug_str     0x00000000000037bd      0x524 build/stm32f1xx_hal_tim_ex.o
                                        0xe4e (size before relaxing)
 .debug_str     0x0000000000003ce1      0x572 build/stm32f1xx_hal_uart.o
                                        0xca3 (size before relaxing)
 .debug_str     0x0000000000004253       0x52 build/system_stm32f1xx.o
                                        0x269 (size before relaxing)
 .debug_str     0x00000000000042a5      0x145 build/list.o
                                        0x30a (size before relaxing)
 .debug_str     0x00000000000043ea      0x902 build/queue.o
                                        0xc88 (size before relaxing)
 .debug_str     0x0000000000004cec      0xc02 build/tasks.o
                                       0x1295 (size before relaxing)
 .debug_str     0x00000000000058ee      0x5ac build/timers.o
                                        0xbfb (size before relaxing)
 .debug_str     0x0000000000005e9a      0xa34 build/cmsis_os2.o
                                       0x1900 (size before relaxing)
 .debug_str     0x00000000000068ce      0x1d8 build/heap_4.o
                                        0x3f3 (size before relaxing)
 .debug_str     0x0000000000006aa6      0x180 build/port.o
                                        0x476 (size before relaxing)
 .debug_str     0x0000000000006c26       0x78 build/adc.o
                                        0x90b (size before relaxing)
 .debug_str     0x0000000000006c9e      0x2a5 build/stm32f1xx_hal_adc.o
                                        0x8e8 (size before relaxing)
 .debug_str     0x0000000000006f43      0x291 build/stm32f1xx_hal_adc_ex.o
                                        0x8a1 (size before relaxing)
 .debug_str     0x00000000000071d4       0x35 build/startup_stm32f103x6_init.o
                                         0x89 (size before relaxing)

.comment        0x0000000000000000       0x44
 .comment       0x0000000000000000       0x44 build/driver_temp.o
                                         0x45 (size before relaxing)
 .comment       0x0000000000000044       0x45 build/driver_motor.o
 .comment       0x0000000000000044       0x45 build/driver_uart.o
 .comment       0x0000000000000044       0x45 build/driver_lcd.o
 .comment       0x0000000000000044       0x45 build/homework.o
 .comment       0x0000000000000044       0x45 build/main.o
 .comment       0x0000000000000044       0x45 build/gpio.o
 .comment       0x0000000000000044       0x45 build/freertos.o
 .comment       0x0000000000000044       0x45 build/tim.o
 .comment       0x0000000000000044       0x45 build/usart.o
 .comment       0x0000000000000044       0x45 build/stm32f1xx_it.o
 .comment       0x0000000000000044       0x45 build/stm32f1xx_hal_msp.o
 .comment       0x0000000000000044       0x45 build/stm32f1xx_hal_timebase_tim.o
 .comment       0x0000000000000044       0x45 build/stm32f1xx_hal.o
 .comment       0x0000000000000044       0x45 build/stm32f1xx_hal_rcc.o
 .comment       0x0000000000000044       0x45 build/stm32f1xx_hal_rcc_ex.o
 .comment       0x0000000000000044       0x45 build/stm32f1xx_hal_gpio.o
 .comment       0x0000000000000044       0x45 build/stm32f1xx_hal_dma.o
 .comment       0x0000000000000044       0x45 build/stm32f1xx_hal_cortex.o
 .comment       0x0000000000000044       0x45 build/stm32f1xx_hal_tim.o
 .comment       0x0000000000000044       0x45 build/stm32f1xx_hal_tim_ex.o
 .comment       0x0000000000000044       0x45 build/stm32f1xx_hal_uart.o
 .comment       0x0000000000000044       0x45 build/system_stm32f1xx.o
 .comment       0x0000000000000044       0x45 build/list.o
 .comment       0x0000000000000044       0x45 build/queue.o
 .comment       0x0000000000000044       0x45 build/tasks.o
 .comment       0x0000000000000044       0x45 build/timers.o
 .comment       0x0000000000000044       0x45 build/cmsis_os2.o
 .comment       0x0000000000000044       0x45 build/heap_4.o
 .comment       0x0000000000000044       0x45 build/port.o
 .comment       0x0000000000000044       0x45 build/adc.o
 .comment       0x0000000000000044       0x45 build/stm32f1xx_hal_adc.o
 .comment       0x0000000000000044       0x45 build/stm32f1xx_hal_adc_ex.o

.debug_frame    0x0000000000000000     0x400c
 .debug_frame   0x0000000000000000       0x80 build/driver_temp.o
 .debug_frame   0x0000000000000080       0x48 build/driver_motor.o
 .debug_frame   0x00000000000000c8      0x160 build/driver_uart.o
 .debug_frame   0x0000000000000228       0xb4 build/driver_lcd.o
 .debug_frame   0x00000000000002dc       0x4c build/homework.o
 .debug_frame   0x0000000000000328       0x70 build/main.o
 .debug_frame   0x0000000000000398       0x30 build/gpio.o
 .debug_frame   0x00000000000003c8       0x40 build/freertos.o
 .debug_frame   0x0000000000000408       0x78 build/tim.o
 .debug_frame   0x0000000000000480       0x64 build/usart.o
 .debug_frame   0x00000000000004e4       0xb8 build/stm32f1xx_it.o
 .debug_frame   0x000000000000059c       0x2c build/stm32f1xx_hal_msp.o
 .debug_frame   0x00000000000005c8       0x50 build/stm32f1xx_hal_timebase_tim.o
 .debug_frame   0x0000000000000618      0x1cc build/stm32f1xx_hal.o
 .debug_frame   0x00000000000007e4      0x190 build/stm32f1xx_hal_rcc.o
 .debug_frame   0x0000000000000974       0x64 build/stm32f1xx_hal_rcc_ex.o
 .debug_frame   0x00000000000009d8       0xe4 build/stm32f1xx_hal_gpio.o
 .debug_frame   0x0000000000000abc      0x144 build/stm32f1xx_hal_dma.o
 .debug_frame   0x0000000000000c00      0x118 build/stm32f1xx_hal_cortex.o
 .debug_frame   0x0000000000000d18      0xb30 build/stm32f1xx_hal_tim.o
 .debug_frame   0x0000000000001848      0x40c build/stm32f1xx_hal_tim_ex.o
 .debug_frame   0x0000000000001c54      0x5dc build/stm32f1xx_hal_uart.o
 .debug_frame   0x0000000000002230       0x30 build/system_stm32f1xx.o
 .debug_frame   0x0000000000002260       0x70 build/list.o
 .debug_frame   0x00000000000022d0      0x458 build/queue.o
 .debug_frame   0x0000000000002728      0x66c build/tasks.o
 .debug_frame   0x0000000000002d94      0x2cc build/timers.o
 .debug_frame   0x0000000000003060      0x7bc build/cmsis_os2.o
 .debug_frame   0x000000000000381c       0xb0 build/heap_4.o
 .debug_frame   0x00000000000038cc       0xf0 build/port.o
 .debug_frame   0x00000000000039bc       0x68 build/adc.o
 .debug_frame   0x0000000000003a24      0x2c4 build/stm32f1xx_hal_adc.o
 .debug_frame   0x0000000000003ce8      0x19c build/stm32f1xx_hal_adc_ex.o
 .debug_frame   0x0000000000003e84       0x2c c:/users/david/desktop/arm-none-eabi-gcc-10.2.1-1.1/bin/../lib/gcc/arm-none-eabi/10.2.1/../../../../arm-none-eabi/lib/thumb/v7-m/nofp\libc_nano.a(lib_a-init.o)
 .debug_frame   0x0000000000003eb0       0x38 c:/users/david/desktop/arm-none-eabi-gcc-10.2.1-1.1/bin/../lib/gcc/arm-none-eabi/10.2.1/../../../../arm-none-eabi/lib/thumb/v7-m/nofp\libc_nano.a(lib_a-itoa.o)
 .debug_frame   0x0000000000003ee8       0x28 c:/users/david/desktop/arm-none-eabi-gcc-10.2.1-1.1/bin/../lib/gcc/arm-none-eabi/10.2.1/../../../../arm-none-eabi/lib/thumb/v7-m/nofp\libc_nano.a(lib_a-memcpy-stub.o)
 .debug_frame   0x0000000000003f10       0x20 c:/users/david/desktop/arm-none-eabi-gcc-10.2.1-1.1/bin/../lib/gcc/arm-none-eabi/10.2.1/../../../../arm-none-eabi/lib/thumb/v7-m/nofp\libc_nano.a(lib_a-memset.o)
 .debug_frame   0x0000000000003f30       0x48 c:/users/david/desktop/arm-none-eabi-gcc-10.2.1-1.1/bin/../lib/gcc/arm-none-eabi/10.2.1/../../../../arm-none-eabi/lib/thumb/v7-m/nofp\libc_nano.a(lib_a-utoa.o)
 .debug_frame   0x0000000000003f78       0x24 c:/users/david/desktop/arm-none-eabi-gcc-10.2.1-1.1/bin/../lib/gcc/arm-none-eabi/10.2.1/thumb/v7-m/nofp\libgcc.a(_arm_mulsf3.o)
 .debug_frame   0x0000000000003f9c       0x4c c:/users/david/desktop/arm-none-eabi-gcc-10.2.1-1.1/bin/../lib/gcc/arm-none-eabi/10.2.1/thumb/v7-m/nofp\libgcc.a(_arm_addsubsf3.o)
 .debug_frame   0x0000000000003fe8       0x24 c:/users/david/desktop/arm-none-eabi-gcc-10.2.1-1.1/bin/../lib/gcc/arm-none-eabi/10.2.1/thumb/v7-m/nofp\libgcc.a(_arm_fixunssfsi.o)

Cross Reference Table

Symbol                                            File
ADC1_2_IRQHandler                                 build/stm32f1xx_it.o
ADC_ConversionStop_Disable                        build/stm32f1xx_hal_adc.o
                                                  build/stm32f1xx_hal_adc_ex.o
ADC_DMAConvCplt                                   build/stm32f1xx_hal_adc.o
                                                  build/stm32f1xx_hal_adc_ex.o
ADC_DMAError                                      build/stm32f1xx_hal_adc.o
                                                  build/stm32f1xx_hal_adc_ex.o
ADC_DMAHalfConvCplt                               build/stm32f1xx_hal_adc.o
                                                  build/stm32f1xx_hal_adc_ex.o
ADC_Enable                                        build/stm32f1xx_hal_adc.o
                                                  build/stm32f1xx_hal_adc_ex.o
AHBPrescTable                                     build/system_stm32f1xx.o
                                                  build/stm32f1xx_hal_rcc.o
APBPrescTable                                     build/system_stm32f1xx.o
                                                  build/stm32f1xx_hal_rcc.o
BusFault_Handler                                  build/stm32f1xx_it.o
CAN1_RX1_IRQHandler                               build/startup_stm32f103x6_init.o
CAN1_SCE_IRQHandler                               build/startup_stm32f103x6_init.o
DMA1_Channel1_IRQHandler                          build/startup_stm32f103x6_init.o
DMA1_Channel2_IRQHandler                          build/startup_stm32f103x6_init.o
DMA1_Channel3_IRQHandler                          build/startup_stm32f103x6_init.o
DMA1_Channel4_IRQHandler                          build/startup_stm32f103x6_init.o
DMA1_Channel5_IRQHandler                          build/startup_stm32f103x6_init.o
DMA1_Channel6_IRQHandler                          build/startup_stm32f103x6_init.o
DMA1_Channel7_IRQHandler                          build/startup_stm32f103x6_init.o
DebugMon_Handler                                  build/stm32f1xx_it.o
Default_Handler                                   build/startup_stm32f103x6_init.o
EXTI0_IRQHandler                                  build/startup_stm32f103x6_init.o
EXTI15_10_IRQHandler                              build/startup_stm32f103x6_init.o
EXTI1_IRQHandler                                  build/startup_stm32f103x6_init.o
EXTI2_IRQHandler                                  build/startup_stm32f103x6_init.o
EXTI3_IRQHandler                                  build/startup_stm32f103x6_init.o
EXTI4_IRQHandler                                  build/startup_stm32f103x6_init.o
EXTI9_5_IRQHandler                                build/startup_stm32f103x6_init.o
Error_Handler                                     build/main.o
                                                  build/adc.o
                                                  build/usart.o
                                                  build/tim.o
FLASH_IRQHandler                                  build/startup_stm32f103x6_init.o
FLASH_PageErase                                   build/stm32f1xx_hal_flash_ex.o
                                                  build/stm32f1xx_hal_flash.o
FLASH_WaitForLastOperation                        build/stm32f1xx_hal_flash.o
                                                  build/stm32f1xx_hal_flash_ex.o
HAL_ADCEx_Calibration_Start                       build/stm32f1xx_hal_adc_ex.o
HAL_ADCEx_InjectedConfigChannel                   build/stm32f1xx_hal_adc_ex.o
HAL_ADCEx_InjectedConvCpltCallback                build/stm32f1xx_hal_adc_ex.o
                                                  build/stm32f1xx_hal_adc.o
HAL_ADCEx_InjectedGetValue                        build/stm32f1xx_hal_adc_ex.o
HAL_ADCEx_InjectedPollForConversion               build/stm32f1xx_hal_adc_ex.o
HAL_ADCEx_InjectedStart                           build/stm32f1xx_hal_adc_ex.o
HAL_ADCEx_InjectedStart_IT                        build/stm32f1xx_hal_adc_ex.o
HAL_ADCEx_InjectedStop                            build/stm32f1xx_hal_adc_ex.o
HAL_ADCEx_InjectedStop_IT                         build/stm32f1xx_hal_adc_ex.o
HAL_ADCEx_MultiModeConfigChannel                  build/stm32f1xx_hal_adc_ex.o
HAL_ADCEx_MultiModeGetValue                       build/stm32f1xx_hal_adc_ex.o
HAL_ADCEx_MultiModeStart_DMA                      build/stm32f1xx_hal_adc_ex.o
HAL_ADCEx_MultiModeStop_DMA                       build/stm32f1xx_hal_adc_ex.o
HAL_ADC_AnalogWDGConfig                           build/stm32f1xx_hal_adc.o
HAL_ADC_ConfigChannel                             build/stm32f1xx_hal_adc.o
                                                  build/adc.o
HAL_ADC_ConvCpltCallback                          build/driver_temp.o
HAL_ADC_ConvHalfCpltCallback                      build/stm32f1xx_hal_adc.o
HAL_ADC_DeInit                                    build/stm32f1xx_hal_adc.o
HAL_ADC_ErrorCallback                             build/stm32f1xx_hal_adc.o
HAL_ADC_GetError                                  build/stm32f1xx_hal_adc.o
HAL_ADC_GetState                                  build/stm32f1xx_hal_adc.o
HAL_ADC_GetValue                                  build/stm32f1xx_hal_adc.o
                                                  build/driver_temp.o
HAL_ADC_IRQHandler                                build/stm32f1xx_hal_adc.o
                                                  build/stm32f1xx_it.o
HAL_ADC_Init                                      build/stm32f1xx_hal_adc.o
                                                  build/adc.o
HAL_ADC_LevelOutOfWindowCallback                  build/stm32f1xx_hal_adc.o
HAL_ADC_MspDeInit                                 build/adc.o
HAL_ADC_MspInit                                   build/adc.o
HAL_ADC_PollForConversion                         build/stm32f1xx_hal_adc.o
HAL_ADC_PollForEvent                              build/stm32f1xx_hal_adc.o
HAL_ADC_Start                                     build/stm32f1xx_hal_adc.o
HAL_ADC_Start_DMA                                 build/stm32f1xx_hal_adc.o
HAL_ADC_Start_IT                                  build/stm32f1xx_hal_adc.o
                                                  build/driver_temp.o
HAL_ADC_Stop                                      build/stm32f1xx_hal_adc.o
HAL_ADC_Stop_DMA                                  build/stm32f1xx_hal_adc.o
HAL_ADC_Stop_IT                                   build/stm32f1xx_hal_adc.o
HAL_DBGMCU_DisableDBGSleepMode                    build/stm32f1xx_hal.o
HAL_DBGMCU_DisableDBGStandbyMode                  build/stm32f1xx_hal.o
HAL_DBGMCU_DisableDBGStopMode                     build/stm32f1xx_hal.o
HAL_DBGMCU_EnableDBGSleepMode                     build/stm32f1xx_hal.o
HAL_DBGMCU_EnableDBGStandbyMode                   build/stm32f1xx_hal.o
HAL_DBGMCU_EnableDBGStopMode                      build/stm32f1xx_hal.o
HAL_DMA_Abort                                     build/stm32f1xx_hal_dma.o
                                                  build/stm32f1xx_hal_adc_ex.o
                                                  build/stm32f1xx_hal_adc.o
                                                  build/stm32f1xx_hal_uart.o
HAL_DMA_Abort_IT                                  build/stm32f1xx_hal_dma.o
                                                  build/stm32f1xx_hal_uart.o
                                                  build/stm32f1xx_hal_tim_ex.o
                                                  build/stm32f1xx_hal_tim.o
HAL_DMA_DeInit                                    build/stm32f1xx_hal_dma.o
HAL_DMA_GetError                                  build/stm32f1xx_hal_dma.o
                                                  build/stm32f1xx_hal_uart.o
HAL_DMA_GetState                                  build/stm32f1xx_hal_dma.o
HAL_DMA_IRQHandler                                build/stm32f1xx_hal_dma.o
HAL_DMA_Init                                      build/stm32f1xx_hal_dma.o
HAL_DMA_PollForTransfer                           build/stm32f1xx_hal_dma.o
HAL_DMA_RegisterCallback                          build/stm32f1xx_hal_dma.o
HAL_DMA_Start                                     build/stm32f1xx_hal_dma.o
HAL_DMA_Start_IT                                  build/stm32f1xx_hal_dma.o
                                                  build/stm32f1xx_hal_adc_ex.o
                                                  build/stm32f1xx_hal_adc.o
                                                  build/stm32f1xx_hal_uart.o
                                                  build/stm32f1xx_hal_tim_ex.o
                                                  build/stm32f1xx_hal_tim.o
HAL_DMA_UnRegisterCallback                        build/stm32f1xx_hal_dma.o
HAL_DeInit                                        build/stm32f1xx_hal.o
HAL_Delay                                         build/stm32f1xx_hal.o
HAL_EXTI_ClearConfigLine                          build/stm32f1xx_hal_exti.o
HAL_EXTI_ClearPending                             build/stm32f1xx_hal_exti.o
HAL_EXTI_GenerateSWI                              build/stm32f1xx_hal_exti.o
HAL_EXTI_GetConfigLine                            build/stm32f1xx_hal_exti.o
HAL_EXTI_GetHandle                                build/stm32f1xx_hal_exti.o
HAL_EXTI_GetPending                               build/stm32f1xx_hal_exti.o
HAL_EXTI_IRQHandler                               build/stm32f1xx_hal_exti.o
HAL_EXTI_RegisterCallback                         build/stm32f1xx_hal_exti.o
HAL_EXTI_SetConfigLine                            build/stm32f1xx_hal_exti.o
HAL_FLASHEx_Erase                                 build/stm32f1xx_hal_flash_ex.o
HAL_FLASHEx_Erase_IT                              build/stm32f1xx_hal_flash_ex.o
HAL_FLASHEx_OBErase                               build/stm32f1xx_hal_flash_ex.o
HAL_FLASHEx_OBGetConfig                           build/stm32f1xx_hal_flash_ex.o
HAL_FLASHEx_OBGetUserData                         build/stm32f1xx_hal_flash_ex.o
HAL_FLASHEx_OBProgram                             build/stm32f1xx_hal_flash_ex.o
HAL_FLASH_EndOfOperationCallback                  build/stm32f1xx_hal_flash.o
HAL_FLASH_GetError                                build/stm32f1xx_hal_flash.o
HAL_FLASH_IRQHandler                              build/stm32f1xx_hal_flash.o
HAL_FLASH_Lock                                    build/stm32f1xx_hal_flash.o