Archive member included to satisfy reference by file (symbol)

d:/faks/4. godina/7.semestar/mips/gnu mcu/arm-none-eabi-gcc-10.2.1-1.1/bin/../lib/gcc/arm-none-eabi/10.2.1/../../../../arm-none-eabi/lib/thumb/v7-m/nofp\libc_nano.a(lib_a-exit.o)
                              d:/faks/4. godina/7.semestar/mips/gnu mcu/arm-none-eabi-gcc-10.2.1-1.1/bin/../lib/gcc/arm-none-eabi/10.2.1/../../../../arm-none-eabi/lib/thumb/v7-m/nofp/crt0.o (exit)
d:/faks/4. godina/7.semestar/mips/gnu mcu/arm-none-eabi-gcc-10.2.1-1.1/bin/../lib/gcc/arm-none-eabi/10.2.1/../../../../arm-none-eabi/lib/thumb/v7-m/nofp\libc_nano.a(lib_a-impure.o)
                              d:/faks/4. godina/7.semestar/mips/gnu mcu/arm-none-eabi-gcc-10.2.1-1.1/bin/../lib/gcc/arm-none-eabi/10.2.1/../../../../arm-none-eabi/lib/thumb/v7-m/nofp\libc_nano.a(lib_a-exit.o) (_global_impure_ptr)
d:/faks/4. godina/7.semestar/mips/gnu mcu/arm-none-eabi-gcc-10.2.1-1.1/bin/../lib/gcc/arm-none-eabi/10.2.1/../../../../arm-none-eabi/lib/thumb/v7-m/nofp\libc_nano.a(lib_a-init.o)
                              d:/faks/4. godina/7.semestar/mips/gnu mcu/arm-none-eabi-gcc-10.2.1-1.1/bin/../lib/gcc/arm-none-eabi/10.2.1/../../../../arm-none-eabi/lib/thumb/v7-m/nofp/crt0.o (__libc_init_array)
d:/faks/4. godina/7.semestar/mips/gnu mcu/arm-none-eabi-gcc-10.2.1-1.1/bin/../lib/gcc/arm-none-eabi/10.2.1/../../../../arm-none-eabi/lib/thumb/v7-m/nofp\libc_nano.a(lib_a-itoa.o)
                              build/homework.o (itoa)
d:/faks/4. godina/7.semestar/mips/gnu mcu/arm-none-eabi-gcc-10.2.1-1.1/bin/../lib/gcc/arm-none-eabi/10.2.1/../../../../arm-none-eabi/lib/thumb/v7-m/nofp\libc_nano.a(lib_a-memcpy-stub.o)
                              build/queue.o (memcpy)
d:/faks/4. godina/7.semestar/mips/gnu mcu/arm-none-eabi-gcc-10.2.1-1.1/bin/../lib/gcc/arm-none-eabi/10.2.1/../../../../arm-none-eabi/lib/thumb/v7-m/nofp\libc_nano.a(lib_a-memset.o)
                              d:/faks/4. godina/7.semestar/mips/gnu mcu/arm-none-eabi-gcc-10.2.1-1.1/bin/../lib/gcc/arm-none-eabi/10.2.1/../../../../arm-none-eabi/lib/thumb/v7-m/nofp/crt0.o (memset)
d:/faks/4. godina/7.semestar/mips/gnu mcu/arm-none-eabi-gcc-10.2.1-1.1/bin/../lib/gcc/arm-none-eabi/10.2.1/../../../../arm-none-eabi/lib/thumb/v7-m/nofp\libc_nano.a(lib_a-strlen.o)
                              build/homework.o (strlen)
d:/faks/4. godina/7.semestar/mips/gnu mcu/arm-none-eabi-gcc-10.2.1-1.1/bin/../lib/gcc/arm-none-eabi/10.2.1/../../../../arm-none-eabi/lib/thumb/v7-m/nofp\libc_nano.a(lib_a-utoa.o)
                              d:/faks/4. godina/7.semestar/mips/gnu mcu/arm-none-eabi-gcc-10.2.1-1.1/bin/../lib/gcc/arm-none-eabi/10.2.1/../../../../arm-none-eabi/lib/thumb/v7-m/nofp\libc_nano.a(lib_a-itoa.o) (__utoa)
d:/faks/4. godina/7.semestar/mips/gnu mcu/arm-none-eabi-gcc-10.2.1-1.1/bin/../lib/gcc/arm-none-eabi/10.2.1/../../../../arm-none-eabi/lib/thumb/v7-m/nofp\libnosys.a(_exit.o)
                              d:/faks/4. godina/7.semestar/mips/gnu mcu/arm-none-eabi-gcc-10.2.1-1.1/bin/../lib/gcc/arm-none-eabi/10.2.1/../../../../arm-none-eabi/lib/thumb/v7-m/nofp\libc_nano.a(lib_a-exit.o) (_exit)
d:/faks/4. godina/7.semestar/mips/gnu mcu/arm-none-eabi-gcc-10.2.1-1.1/bin/../lib/gcc/arm-none-eabi/10.2.1/thumb/v7-m/nofp\libgcc.a(_arm_muldf3.o)
                              build/driver_brzina.o (__aeabi_dmul)
d:/faks/4. godina/7.semestar/mips/gnu mcu/arm-none-eabi-gcc-10.2.1-1.1/bin/../lib/gcc/arm-none-eabi/10.2.1/thumb/v7-m/nofp\libgcc.a(_arm_mulsf3.o)
                              build/driver_temp.o (__aeabi_fmul)
d:/faks/4. godina/7.semestar/mips/gnu mcu/arm-none-eabi-gcc-10.2.1-1.1/bin/../lib/gcc/arm-none-eabi/10.2.1/thumb/v7-m/nofp\libgcc.a(_arm_addsubdf3.o)
                              build/driver_brzina.o (__aeabi_ui2d)
d:/faks/4. godina/7.semestar/mips/gnu mcu/arm-none-eabi-gcc-10.2.1-1.1/bin/../lib/gcc/arm-none-eabi/10.2.1/thumb/v7-m/nofp\libgcc.a(_arm_truncdfsf2.o)
                              build/driver_brzina.o (__aeabi_d2f)
d:/faks/4. godina/7.semestar/mips/gnu mcu/arm-none-eabi-gcc-10.2.1-1.1/bin/../lib/gcc/arm-none-eabi/10.2.1/thumb/v7-m/nofp\libgcc.a(_arm_addsubsf3.o)
                              build/driver_temp.o (__aeabi_ui2f)
d:/faks/4. godina/7.semestar/mips/gnu mcu/arm-none-eabi-gcc-10.2.1-1.1/bin/../lib/gcc/arm-none-eabi/10.2.1/thumb/v7-m/nofp\libgcc.a(_arm_fixunssfsi.o)
                              build/homework.o (__aeabi_f2uiz)

Discarded input sections

 .text          0x0000000000000000        0x0 d:/faks/4. godina/7.semestar/mips/gnu mcu/arm-none-eabi-gcc-10.2.1-1.1/bin/../lib/gcc/arm-none-eabi/10.2.1/thumb/v7-m/nofp/crti.o
 .data          0x0000000000000000        0x0 d:/faks/4. godina/7.semestar/mips/gnu mcu/arm-none-eabi-gcc-10.2.1-1.1/bin/../lib/gcc/arm-none-eabi/10.2.1/thumb/v7-m/nofp/crti.o
 .bss           0x0000000000000000        0x0 d:/faks/4. godina/7.semestar/mips/gnu mcu/arm-none-eabi-gcc-10.2.1-1.1/bin/../lib/gcc/arm-none-eabi/10.2.1/thumb/v7-m/nofp/crti.o
[...]
Memory Configuration

Name             Origin             Length             Attributes
RAM              0x0000000020000000 0x0000000000002800 xrw
FLASH            0x0000000008000000 0x0000000000008000 xr
*default*        0x0000000000000000 0xffffffffffffffff

Linker script and memory map

LOAD d:/faks/4. godina/7.semestar/mips/gnu mcu/arm-none-eabi-gcc-10.2.1-1.1/bin/../lib/gcc/arm-none-eabi/10.2.1/thumb/v7-m/nofp/crti.o
LOAD d:/faks/4. godina/7.semestar/mips/gnu mcu/arm-none-eabi-gcc-10.2.1-1.1/bin/../lib/gcc/arm-none-eabi/10.2.1/thumb/v7-m/nofp/crtbegin.o
LOAD d:/faks/4. godina/7.semestar/mips/gnu mcu/arm-none-eabi-gcc-10.2.1-1.1/bin/../lib/gcc/arm-none-eabi/10.2.1/../../../../arm-none-eabi/lib/thumb/v7-m/nofp/crt0.o
LOAD build/main.o
LOAD build/stm32f1xx_it.o
LOAD build/stm32f1xx_hal_msp.o
LOAD build/stm32f1xx_hal_gpio_ex.o
LOAD build/stm32f1xx_hal_tim.o
LOAD build/stm32f1xx_hal_tim_ex.o
LOAD build/stm32f1xx_hal.o
LOAD build/stm32f1xx_hal_rcc.o
LOAD build/stm32f1xx_hal_rcc_ex.o
LOAD build/stm32f1xx_hal_gpio.o
LOAD build/stm32f1xx_hal_dma.o
LOAD build/stm32f1xx_hal_cortex.o
LOAD build/stm32f1xx_hal_pwr.o
LOAD build/stm32f1xx_hal_flash.o
LOAD build/stm32f1xx_hal_flash_ex.o
LOAD build/stm32f1xx_hal_exti.o
LOAD build/system_stm32f1xx.o
LOAD build/gpio.o
LOAD build/freertos.o
LOAD build/adc.o
LOAD build/usart.o
LOAD build/stm32f1xx_hal_timebase_tim.o
LOAD build/stm32f1xx_hal_adc.o
LOAD build/stm32f1xx_hal_adc_ex.o
LOAD build/stm32f1xx_hal_uart.o
LOAD build/croutine.o
LOAD build/event_groups.o
LOAD build/list.o
LOAD build/queue.o
LOAD build/stream_buffer.o
LOAD build/tasks.o
LOAD build/timers.o
LOAD build/cmsis_os2.o
LOAD build/heap_4.o
LOAD build/port.o
LOAD build/tim.o
LOAD build/homework.o
LOAD build/driver_lcd.o
LOAD build/driver_temp.o
LOAD build/driver_brzina.o
LOAD build/driver_led.o
LOAD build/startup_stm32f103x6_init.o
LOAD d:/faks/4. godina/7.semestar/mips/gnu mcu/arm-none-eabi-gcc-10.2.1-1.1/bin/../lib/gcc/arm-none-eabi/10.2.1/../../../../arm-none-eabi/lib/thumb/v7-m/nofp\libc_nano.a
LOAD d:/faks/4. godina/7.semestar/mips/gnu mcu/arm-none-eabi-gcc-10.2.1-1.1/bin/../lib/gcc/arm-none-eabi/10.2.1/../../../../arm-none-eabi/lib/thumb/v7-m/nofp\libm.a
LOAD d:/faks/4. godina/7.semestar/mips/gnu mcu/arm-none-eabi-gcc-10.2.1-1.1/bin/../lib/gcc/arm-none-eabi/10.2.1/../../../../arm-none-eabi/lib/thumb/v7-m/nofp\libnosys.a
START GROUP
LOAD d:/faks/4. godina/7.semestar/mips/gnu mcu/arm-none-eabi-gcc-10.2.1-1.1/bin/../lib/gcc/arm-none-eabi/10.2.1/thumb/v7-m/nofp\libgcc.a
LOAD d:/faks/4. godina/7.semestar/mips/gnu mcu/arm-none-eabi-gcc-10.2.1-1.1/bin/../lib/gcc/arm-none-eabi/10.2.1/../../../../arm-none-eabi/lib/thumb/v7-m/nofp\libc_nano.a
END GROUP
START GROUP
LOAD d:/faks/4. godina/7.semestar/mips/gnu mcu/arm-none-eabi-gcc-10.2.1-1.1/bin/../lib/gcc/arm-none-eabi/10.2.1/thumb/v7-m/nofp\libgcc.a
LOAD d:/faks/4. godina/7.semestar/mips/gnu mcu/arm-none-eabi-gcc-10.2.1-1.1/bin/../lib/gcc/arm-none-eabi/10.2.1/../../../../arm-none-eabi/lib/thumb/v7-m/nofp\libc_nano.a
END GROUP
LOAD d:/faks/4. godina/7.semestar/mips/gnu mcu/arm-none-eabi-gcc-10.2.1-1.1/bin/../lib/gcc/arm-none-eabi/10.2.1/thumb/v7-m/nofp/crtend.o
LOAD d:/faks/4. godina/7.semestar/mips/gnu mcu/arm-none-eabi-gcc-10.2.1-1.1/bin/../lib/gcc/arm-none-eabi/10.2.1/thumb/v7-m/nofp/crtn.o
                0x0000000020002800                _estack = 0x20002800
                0x0000000000000200                _Min_Heap_Size = 0x200
                0x0000000000000400                _Min_Stack_Size = 0x400

.isr_vector     0x0000000008000000      0x10c
                0x0000000008000000                . = ALIGN (0x4)
 *(.isr_vector)
 .isr_vector    0x0000000008000000      0x10c build/startup_stm32f103x6_init.o
                0x0000000008000000                g_pfnVectors
                0x000000000800010c                . = ALIGN (0x4)

.text           0x0000000008000110     0x5d94
                0x0000000008000110                . = ALIGN (0x4)
 *(.text)
 .text          0x0000000008000110       0x10 d:/faks/4. godina/7.semestar/mips/gnu mcu/arm-none-eabi-gcc-10.2.1-1.1/bin/../lib/gcc/arm-none-eabi/10.2.1/../../../../arm-none-eabi/lib/thumb/v7-m/nofp\libc_nano.a(lib_a-strlen.o)
                0x0000000008000110                strlen
 .text          0x0000000008000120      0x254 d:/faks/4. godina/7.semestar/mips/gnu mcu/arm-none-eabi-gcc-10.2.1-1.1/bin/../lib/gcc/arm-none-eabi/10.2.1/thumb/v7-m/nofp\libgcc.a(_arm_muldf3.o)
                0x0000000008000120                __muldf3
                0x0000000008000120                __aeabi_dmul
 .text          0x0000000008000374      0x168 d:/faks/4. godina/7.semestar/mips/gnu mcu/arm-none-eabi-gcc-10.2.1-1.1/bin/../lib/gcc/arm-none-eabi/10.2.1/thumb/v7-m/nofp\libgcc.a(_arm_mulsf3.o)
                0x0000000008000374                __aeabi_fmul
                0x0000000008000374                __mulsf3
 .text          0x00000000080004dc      0x378 d:/faks/4. godina/7.semestar/mips/gnu mcu/arm-none-eabi-gcc-10.2.1-1.1/bin/../lib/gcc/arm-none-eabi/10.2.1/thumb/v7-m/nofp\libgcc.a(_arm_addsubdf3.o)
                0x00000000080004dc                __aeabi_drsub
                0x00000000080004e4                __aeabi_dsub
                0x00000000080004e4                __subdf3
                0x00000000080004e8                __aeabi_dadd
                0x00000000080004e8                __adddf3
                0x0000000008000760                __floatunsidf
                0x0000000008000760                __aeabi_ui2d
                0x0000000008000780                __floatsidf
                0x0000000008000780                __aeabi_i2d
                0x00000000080007a4                __aeabi_f2d
                0x00000000080007a4                __extendsfdf2
                0x00000000080007e8                __floatundidf
                0x00000000080007e8                __aeabi_ul2d
                0x00000000080007f8                __floatdidf
                0x00000000080007f8                __aeabi_l2d
 .text          0x0000000008000854       0xa0 d:/faks/4. godina/7.semestar/mips/gnu mcu/arm-none-eabi-gcc-10.2.1-1.1/bin/../lib/gcc/arm-none-eabi/10.2.1/thumb/v7-m/nofp\libgcc.a(_arm_truncdfsf2.o)
                0x0000000008000854                __truncdfsf2
                0x0000000008000854                __aeabi_d2f
 .text          0x00000000080008f4      0x21c d:/faks/4. godina/7.semestar/mips/gnu mcu/arm-none-eabi-gcc-10.2.1-1.1/bin/../lib/gcc/arm-none-eabi/10.2.1/thumb/v7-m/nofp\libgcc.a(_arm_addsubsf3.o)
                0x00000000080008f4                __aeabi_frsub
                0x00000000080008fc                __subsf3
                0x00000000080008fc                __aeabi_fsub
                0x0000000008000900                __aeabi_fadd
                0x0000000008000900                __addsf3
                0x0000000008000a60                __aeabi_ui2f
                0x0000000008000a60                __floatunsisf
                0x0000000008000a68                __aeabi_i2f
                0x0000000008000a68                __floatsisf
                0x0000000008000a84                __aeabi_ul2f
                0x0000000008000a84                __floatundisf
                0x0000000008000a94                __aeabi_l2f
                0x0000000008000a94                __floatdisf
 .text          0x0000000008000b10       0x40 d:/faks/4. godina/7.semestar/mips/gnu mcu/arm-none-eabi-gcc-10.2.1-1.1/bin/../lib/gcc/arm-none-eabi/10.2.1/thumb/v7-m/nofp\libgcc.a(_arm_fixunssfsi.o)
                0x0000000008000b10                __fixunssfsi
                0x0000000008000b10                __aeabi_f2uiz
 *(.text*)
 .text.__do_global_dtors_aux
                0x0000000008000b50       0x24 d:/faks/4. godina/7.semestar/mips/gnu mcu/arm-none-eabi-gcc-10.2.1-1.1/bin/../lib/gcc/arm-none-eabi/10.2.1/thumb/v7-m/nofp/crtbegin.o
 .text.frame_dummy
                0x0000000008000b74       0x1c d:/faks/4. godina/7.semestar/mips/gnu mcu/arm-none-eabi-gcc-10.2.1-1.1/bin/../lib/gcc/arm-none-eabi/10.2.1/thumb/v7-m/nofp/crtbegin.o
 .text.Error_Handler
                0x0000000008000b90        0x4 build/main.o
                0x0000000008000b90                Error_Handler
 .text.SystemClock_Config
                0x0000000008000b94       0x84 build/main.o
                0x0000000008000b94                SystemClock_Config
 .text.main     0x0000000008000c18       0x54 build/main.o
                0x0000000008000c18                main
 .text.NMI_Handler
                0x0000000008000c6c        0x2 build/stm32f1xx_it.o
                0x0000000008000c6c                NMI_Handler
 .text.HardFault_Handler
                0x0000000008000c6e        0x2 build/stm32f1xx_it.o
                0x0000000008000c6e                HardFault_Handler
 .text.MemManage_Handler
                0x0000000008000c70        0x2 build/stm32f1xx_it.o
                0x0000000008000c70                MemManage_Handler
 .text.BusFault_Handler
                0x0000000008000c72        0x2 build/stm32f1xx_it.o
                0x0000000008000c72                BusFault_Handler
 .text.UsageFault_Handler
                0x0000000008000c74        0x2 build/stm32f1xx_it.o
                0x0000000008000c74                UsageFault_Handler
 .text.DebugMon_Handler
                0x0000000008000c76        0x2 build/stm32f1xx_it.o
                0x0000000008000c76                DebugMon_Handler
 .text.ADC1_2_IRQHandler
                0x0000000008000c78       0x14 build/stm32f1xx_it.o
                0x0000000008000c78                ADC1_2_IRQHandler
 .text.TIM1_UP_IRQHandler
                0x0000000008000c8c       0x14 build/stm32f1xx_it.o
                0x0000000008000c8c                TIM1_UP_IRQHandler
 .text.TIM1_CC_IRQHandler
                0x0000000008000ca0       0x14 build/stm32f1xx_it.o
                0x0000000008000ca0                TIM1_CC_IRQHandler
 .text.TIM2_IRQHandler
                0x0000000008000cb4       0x14 build/stm32f1xx_it.o
                0x0000000008000cb4                TIM2_IRQHandler
 .text.USART1_IRQHandler
                0x0000000008000cc8       0x14 build/stm32f1xx_it.o
                0x0000000008000cc8                USART1_IRQHandler
 .text.HAL_MspInit
                0x0000000008000cdc       0x58 build/stm32f1xx_hal_msp.o
                0x0000000008000cdc                HAL_MspInit
 .text.TIM_TI1_ConfigInputStage
                0x0000000008000d34       0x24 build/stm32f1xx_hal_tim.o
 .text.TIM_TI2_SetConfig
                0x0000000008000d58       0x36 build/stm32f1xx_hal_tim.o
 .text.TIM_TI2_ConfigInputStage
                0x0000000008000d8e       0x26 build/stm32f1xx_hal_tim.o
 .text.TIM_TI3_SetConfig
                0x0000000008000db4       0x36 build/stm32f1xx_hal_tim.o
 .text.TIM_TI4_SetConfig
                0x0000000008000dea       0x36 build/stm32f1xx_hal_tim.o
 .text.TIM_ITRx_SetConfig
                0x0000000008000e20       0x10 build/stm32f1xx_hal_tim.o
 .text.HAL_TIM_Base_Start_IT
                0x0000000008000e30       0x60 build/stm32f1xx_hal_tim.o
                0x0000000008000e30                HAL_TIM_Base_Start_IT
 .text.HAL_TIM_IC_MspInit
                0x0000000008000e90        0x2 build/stm32f1xx_hal_tim.o
                0x0000000008000e90                HAL_TIM_IC_MspInit
 .text.HAL_TIM_ReadCapturedValue
                0x0000000008000e92       0x32 build/stm32f1xx_hal_tim.o
                0x0000000008000e92                HAL_TIM_ReadCapturedValue
 .text.HAL_TIM_OC_DelayElapsedCallback
                0x0000000008000ec4        0x2 build/stm32f1xx_hal_tim.o
                0x0000000008000ec4                HAL_TIM_OC_DelayElapsedCallback
 .text.HAL_TIM_PWM_PulseFinishedCallback
                0x0000000008000ec6        0x2 build/stm32f1xx_hal_tim.o
                0x0000000008000ec6                HAL_TIM_PWM_PulseFinishedCallback
 .text.HAL_TIM_TriggerCallback
                0x0000000008000ec8        0x2 build/stm32f1xx_hal_tim.o
                0x0000000008000ec8                HAL_TIM_TriggerCallback
 *fill*         0x0000000008000eca        0x2 
 .text.HAL_TIM_IRQHandler
                0x0000000008000ecc      0x198 build/stm32f1xx_hal_tim.o
                0x0000000008000ecc                HAL_TIM_IRQHandler
 .text.TIM_Base_SetConfig
                0x0000000008001064       0x64 build/stm32f1xx_hal_tim.o
                0x0000000008001064                TIM_Base_SetConfig
 .text.HAL_TIM_Base_Init
                0x00000000080010c8       0x60 build/stm32f1xx_hal_tim.o
                0x00000000080010c8                HAL_TIM_Base_Init
 .text.HAL_TIM_IC_Init
                0x0000000008001128       0x60 build/stm32f1xx_hal_tim.o
                0x0000000008001128                HAL_TIM_IC_Init
 .text.TIM_TI1_SetConfig
                0x0000000008001188       0x50 build/stm32f1xx_hal_tim.o
                0x0000000008001188                TIM_TI1_SetConfig
 .text.HAL_TIM_IC_ConfigChannel
                0x00000000080011d8       0xc4 build/stm32f1xx_hal_tim.o
                0x00000000080011d8                HAL_TIM_IC_ConfigChannel
 .text.TIM_ETR_SetConfig
                0x000000000800129c       0x18 build/stm32f1xx_hal_tim.o
                0x000000000800129c                TIM_ETR_SetConfig
 .text.HAL_TIM_ConfigClockSource
                0x00000000080012b4       0xec build/stm32f1xx_hal_tim.o
                0x00000000080012b4                HAL_TIM_ConfigClockSource
 .text.TIM_CCxChannelCmd
                0x00000000080013a0       0x1e build/stm32f1xx_hal_tim.o
                0x00000000080013a0                TIM_CCxChannelCmd
 *fill*         0x00000000080013be        0x2 
 .text.HAL_TIM_IC_Start_IT
                0x00000000080013c0      0x14c build/stm32f1xx_hal_tim.o
                0x00000000080013c0                HAL_TIM_IC_Start_IT
 .text.HAL_TIMEx_MasterConfigSynchronization
                0x000000000800150c       0x64 build/stm32f1xx_hal_tim_ex.o
                0x000000000800150c                HAL_TIMEx_MasterConfigSynchronization
 .text.HAL_TIMEx_CommutCallback
                0x0000000008001570        0x2 build/stm32f1xx_hal_tim_ex.o
                0x0000000008001570                HAL_TIMEx_CommutCallback
 .text.HAL_TIMEx_BreakCallback
                0x0000000008001572        0x2 build/stm32f1xx_hal_tim_ex.o
                0x0000000008001572                HAL_TIMEx_BreakCallback
 .text.HAL_Init
                0x0000000008001574       0x30 build/stm32f1xx_hal.o
                0x0000000008001574                HAL_Init
 .text.HAL_IncTick
                0x00000000080015a4       0x18 build/stm32f1xx_hal.o
                0x00000000080015a4                HAL_IncTick
 .text.HAL_GetTick
                0x00000000080015bc        0xc build/stm32f1xx_hal.o
                0x00000000080015bc                HAL_GetTick
 .text.RCC_Delay
                0x00000000080015c8       0x2c build/stm32f1xx_hal_rcc.o
 .text.HAL_RCC_OscConfig
                0x00000000080015f4      0x420 build/stm32f1xx_hal_rcc.o
                0x00000000080015f4                HAL_RCC_OscConfig
 .text.HAL_RCC_GetSysClockFreq
                0x0000000008001a14       0x6c build/stm32f1xx_hal_rcc.o
                0x0000000008001a14                HAL_RCC_GetSysClockFreq
 .text.HAL_RCC_ClockConfig
                0x0000000008001a80      0x178 build/stm32f1xx_hal_rcc.o
                0x0000000008001a80                HAL_RCC_ClockConfig
 .text.HAL_RCC_GetHCLKFreq
                0x0000000008001bf8        0xc build/stm32f1xx_hal_rcc.o
                0x0000000008001bf8                HAL_RCC_GetHCLKFreq
 .text.HAL_RCC_GetPCLK1Freq
                0x0000000008001c04       0x24 build/stm32f1xx_hal_rcc.o
                0x0000000008001c04                HAL_RCC_GetPCLK1Freq
 .text.HAL_RCC_GetPCLK2Freq
                0x0000000008001c28       0x24 build/stm32f1xx_hal_rcc.o
                0x0000000008001c28                HAL_RCC_GetPCLK2Freq
 .text.HAL_RCC_GetClockConfig
                0x0000000008001c4c       0x3c build/stm32f1xx_hal_rcc.o
                0x0000000008001c4c                HAL_RCC_GetClockConfig
 .text.HAL_RCCEx_PeriphCLKConfig
                0x0000000008001c88      0x11c build/stm32f1xx_hal_rcc_ex.o
                0x0000000008001c88                HAL_RCCEx_PeriphCLKConfig
 .text.HAL_GPIO_Init
                0x0000000008001da4      0x220 build/stm32f1xx_hal_gpio.o
                0x0000000008001da4                HAL_GPIO_Init
 .text.HAL_GPIO_WritePin
                0x0000000008001fc4        0xc build/stm32f1xx_hal_gpio.o
                0x0000000008001fc4                HAL_GPIO_WritePin
 .text.HAL_GPIO_TogglePin
                0x0000000008001fd0       0x12 build/stm32f1xx_hal_gpio.o
                0x0000000008001fd0                HAL_GPIO_TogglePin
 .text.HAL_DMA_Abort
                0x0000000008001fe2       0x44 build/stm32f1xx_hal_dma.o
                0x0000000008001fe2                HAL_DMA_Abort
 *fill*         0x0000000008002026        0x2 
 .text.HAL_DMA_Abort_IT
                0x0000000008002028       0x98 build/stm32f1xx_hal_dma.o
                0x0000000008002028                HAL_DMA_Abort_IT
 .text.HAL_NVIC_SetPriorityGrouping
                0x00000000080020c0       0x24 build/stm32f1xx_hal_cortex.o
                0x00000000080020c0                HAL_NVIC_SetPriorityGrouping
 .text.HAL_NVIC_SetPriority
                0x00000000080020e4       0x70 build/stm32f1xx_hal_cortex.o
                0x00000000080020e4                HAL_NVIC_SetPriority
 .text.HAL_NVIC_EnableIRQ
                0x0000000008002154       0x1c build/stm32f1xx_hal_cortex.o
                0x0000000008002154                HAL_NVIC_EnableIRQ
 .text.SystemInit
                0x0000000008002170        0x2 build/system_stm32f1xx.o
                0x0000000008002170                SystemInit
 *fill*         0x0000000008002172        0x2 
 .text.MX_GPIO_Init
                0x0000000008002174       0xa8 build/gpio.o
                0x0000000008002174                MX_GPIO_Init
 .text.StartDefaultTask
                0x000000000800221c       0x10 build/freertos.o
                0x000000000800221c                StartDefaultTask
 .text.MX_FREERTOS_Init
                0x000000000800222c       0x24 build/freertos.o
                0x000000000800222c                MX_FREERTOS_Init
 .text.MX_ADC1_Init
                0x0000000008002250       0x68 build/adc.o
                0x0000000008002250                MX_ADC1_Init
 .text.HAL_ADC_MspInit
                0x00000000080022b8       0x7c build/adc.o
                0x00000000080022b8                HAL_ADC_MspInit
 .text.MX_USART1_UART_Init
                0x0000000008002334       0x40 build/usart.o
                0x0000000008002334                MX_USART1_UART_Init
 .text.HAL_UART_MspInit
                0x0000000008002374       0xa0 build/usart.o
                0x0000000008002374                HAL_UART_MspInit
 .text.HAL_InitTick
                0x0000000008002414       0x90 build/stm32f1xx_hal_timebase_tim.o
                0x0000000008002414                HAL_InitTick
 .text.HAL_ADC_GetValue
                0x00000000080024a4        0x6 build/stm32f1xx_hal_adc.o
                0x00000000080024a4                HAL_ADC_GetValue
 .text.HAL_ADC_LevelOutOfWindowCallback
                0x00000000080024aa        0x2 build/stm32f1xx_hal_adc.o
                0x00000000080024aa                HAL_ADC_LevelOutOfWindowCallback
 .text.HAL_ADC_IRQHandler
                0x00000000080024ac      0x118 build/stm32f1xx_hal_adc.o
                0x00000000080024ac                HAL_ADC_IRQHandler
 .text.HAL_ADC_ConfigChannel
                0x00000000080025c4      0x144 build/stm32f1xx_hal_adc.o
                0x00000000080025c4                HAL_ADC_ConfigChannel
 .text.ADC_Enable
                0x0000000008002708       0x8c build/stm32f1xx_hal_adc.o
                0x0000000008002708                ADC_Enable
 .text.HAL_ADC_Start_IT
                0x0000000008002794       0xf4 build/stm32f1xx_hal_adc.o
                0x0000000008002794                HAL_ADC_Start_IT
 .text.ADC_ConversionStop_Disable
                0x0000000008002888       0x5c build/stm32f1xx_hal_adc.o
                0x0000000008002888                ADC_ConversionStop_Disable
 .text.HAL_ADC_Init
                0x00000000080028e4      0x110 build/stm32f1xx_hal_adc.o
                0x00000000080028e4                HAL_ADC_Init
 .text.HAL_ADCEx_InjectedConvCpltCallback
                0x00000000080029f4        0x2 build/stm32f1xx_hal_adc_ex.o
                0x00000000080029f4                HAL_ADCEx_InjectedConvCpltCallback
 .text.UART_EndRxTransfer
                0x00000000080029f6       0x32 build/stm32f1xx_hal_uart.o
 .text.UART_Transmit_IT
                0x0000000008002a28       0x60 build/stm32f1xx_hal_uart.o
 .text.UART_SetConfig
                0x0000000008002a88       0x9c build/stm32f1xx_hal_uart.o
 .text.HAL_UART_Init
                0x0000000008002b24       0x68 build/stm32f1xx_hal_uart.o
                0x0000000008002b24                HAL_UART_Init
 .text.HAL_UART_Transmit_IT
                0x0000000008002b8c       0x4e build/stm32f1xx_hal_uart.o
                0x0000000008002b8c                HAL_UART_Transmit_IT
 *fill*         0x0000000008002bda        0x2 
 .text.UART_EndTransmit_IT
                0x0000000008002bdc       0x20 build/stm32f1xx_hal_uart.o
 .text.HAL_UART_ErrorCallback
                0x0000000008002bfc        0x2 build/stm32f1xx_hal_uart.o
                0x0000000008002bfc                HAL_UART_ErrorCallback
 *fill*         0x0000000008002bfe        0x2 
 .text.UART_DMAAbortOnError
                0x0000000008002c00       0x14 build/stm32f1xx_hal_uart.o
 .text.HAL_UARTEx_RxEventCallback
                0x0000000008002c14        0x2 build/stm32f1xx_hal_uart.o
                0x0000000008002c14                HAL_UARTEx_RxEventCallback
 *fill*         0x0000000008002c16        0x2 
 .text.UART_Receive_IT
                0x0000000008002c18       0xdc build/stm32f1xx_hal_uart.o
 .text.HAL_UART_IRQHandler
                0x0000000008002cf4      0x224 build/stm32f1xx_hal_uart.o
                0x0000000008002cf4                HAL_UART_IRQHandler
 .text.vListInitialise
                0x0000000008002f18       0x16 build/list.o
                0x0000000008002f18                vListInitialise
 .text.vListInitialiseItem
                0x0000000008002f2e        0x6 build/list.o
                0x0000000008002f2e                vListInitialiseItem
 .text.vListInsertEnd
                0x0000000008002f34       0x16 build/list.o
                0x0000000008002f34                vListInsertEnd
 .text.vListInsert
                0x0000000008002f4a       0x32 build/list.o
                0x0000000008002f4a                vListInsert
 .text.uxListRemove
                0x0000000008002f7c       0x26 build/list.o
                0x0000000008002f7c                uxListRemove
 .text.prvGetDisinheritPriorityAfterTimeout
                0x0000000008002fa2       0x10 build/queue.o
 *fill*         0x0000000008002fb2        0x2 
 .text.prvIsQueueFull
                0x0000000008002fb4       0x28 build/queue.o
 .text.prvIsQueueEmpty
                0x0000000008002fdc       0x24 build/queue.o
 .text.prvCopyDataToQueue
                0x0000000008003000       0x80 build/queue.o
 .text.prvCopyDataFromQueue
                0x0000000008003080       0x28 build/queue.o
 .text.prvUnlockQueue
                0x00000000080030a8       0x80 build/queue.o
 .text.xQueueGenericReset
                0x0000000008003128       0x94 build/queue.o
                0x0000000008003128                xQueueGenericReset
 .text.prvInitialiseNewQueue
                0x00000000080031bc       0x28 build/queue.o
 .text.xQueueGenericCreateStatic
                0x00000000080031e4       0x98 build/queue.o
                0x00000000080031e4                xQueueGenericCreateStatic
 .text.xQueueGenericCreate
                0x000000000800327c       0x58 build/queue.o
                0x000000000800327c                xQueueGenericCreate
 .text.xQueueGenericSend
                0x00000000080032d4      0x1b8 build/queue.o
                0x00000000080032d4                xQueueGenericSend
 .text.prvInitialiseMutex
                0x000000000800348c       0x1c build/queue.o
 .text.xQueueCreateMutex
                0x00000000080034a8       0x20 build/queue.o
                0x00000000080034a8                xQueueCreateMutex
 .text.xQueueGenericSendFromISR
                0x00000000080034c8       0xd8 build/queue.o
                0x00000000080034c8                xQueueGenericSendFromISR
 .text.xQueueReceive
                0x00000000080035a0      0x190 build/queue.o
                0x00000000080035a0                xQueueReceive
 .text.xQueueSemaphoreTake
                0x0000000008003730      0x1e4 build/queue.o
                0x0000000008003730                xQueueSemaphoreTake
 .text.xQueuePeek
                0x0000000008003914      0x190 build/queue.o
                0x0000000008003914                xQueuePeek
 .text.vQueueAddToRegistry
                0x0000000008003aa4       0x28 build/queue.o
                0x0000000008003aa4                vQueueAddToRegistry
 .text.vQueueWaitForMessageRestricted
                0x0000000008003acc       0x64 build/queue.o
                0x0000000008003acc                vQueueWaitForMessageRestricted
 .text.prvResetNextTaskUnblockTime
                0x0000000008003b30       0x2c build/tasks.o
 .text.prvInitialiseNewTask
                0x0000000008003b5c       0xa8 build/tasks.o
 .text.prvInitialiseTaskLists
                0x0000000008003c04       0x64 build/tasks.o
 .text.prvAddNewTaskToReadyList
                0x0000000008003c68       0xbc build/tasks.o
 .text.prvDeleteTCB
                0x0000000008003d24       0x3c build/tasks.o
 .text.prvCheckTasksWaitingTermination
                0x0000000008003d60       0x5c build/tasks.o
 .text.prvIdleTask
                0x0000000008003dbc       0x2c build/tasks.o
 .text.prvAddCurrentTaskToDelayedList
                0x0000000008003de8       0x88 build/tasks.o
 .text.xTaskCreateStatic
                0x0000000008003e70       0x7c build/tasks.o
                0x0000000008003e70                xTaskCreateStatic
 .text.xTaskCreate
                0x0000000008003eec       0x78 build/tasks.o
                0x0000000008003eec                xTaskCreate
 .text.vTaskStartScheduler
                0x0000000008003f64       0xac build/tasks.o
                0x0000000008003f64                vTaskStartScheduler
 .text.vTaskSuspendAll
                0x0000000008004010       0x10 build/tasks.o
                0x0000000008004010                vTaskSuspendAll
 .text.xTaskGetTickCount
                0x0000000008004020        0xc build/tasks.o
                0x0000000008004020                xTaskGetTickCount
 .text.xTaskIncrementTick
                0x000000000800402c      0x124 build/tasks.o
                0x000000000800402c                xTaskIncrementTick
 .text.xTaskResumeAll
                0x0000000008004150      0x10c build/tasks.o
                0x0000000008004150                xTaskResumeAll
 .text.vTaskDelay
                0x000000000800425c       0x58 build/tasks.o
                0x000000000800425c                vTaskDelay
 .text.vTaskSwitchContext
                0x00000000080042b4       0x94 build/tasks.o
                0x00000000080042b4                vTaskSwitchContext
 .text.vTaskPlaceOnEventList
                0x0000000008004348       0x38 build/tasks.o
                0x0000000008004348                vTaskPlaceOnEventList
 .text.vTaskPlaceOnEventListRestricted
                0x0000000008004380       0x40 build/tasks.o
                0x0000000008004380                vTaskPlaceOnEventListRestricted
 .text.xTaskRemoveFromEventList
                0x00000000080043c0       0x94 build/tasks.o
                0x00000000080043c0                xTaskRemoveFromEventList
 .text.vTaskInternalSetTimeOutState
                0x0000000008004454       0x18 build/tasks.o
                0x0000000008004454                vTaskInternalSetTimeOutState
 .text.xTaskCheckForTimeOut
                0x000000000800446c       0x90 build/tasks.o
                0x000000000800446c                xTaskCheckForTimeOut
 .text.vTaskMissedYield
                0x00000000080044fc        0xc build/tasks.o
                0x00000000080044fc                vTaskMissedYield
 .text.xTaskGetSchedulerState
                0x0000000008004508       0x20 build/tasks.o
                0x0000000008004508                xTaskGetSchedulerState
 .text.xTaskPriorityInherit
                0x0000000008004528       0xa0 build/tasks.o
                0x0000000008004528                xTaskPriorityInherit
 .text.xTaskPriorityDisinherit
                0x00000000080045c8       0x98 build/tasks.o
                0x00000000080045c8                xTaskPriorityDisinherit
 .text.vTaskPriorityDisinheritAfterTimeout
                0x0000000008004660       0xa8 build/tasks.o
                0x0000000008004660                vTaskPriorityDisinheritAfterTimeout
 .text.pvTaskIncrementMutexHeldCount
                0x0000000008004708       0x1c build/tasks.o
                0x0000000008004708                pvTaskIncrementMutexHeldCount
 .text.ulTaskNotifyTake
                0x0000000008004724       0x84 build/tasks.o
                0x0000000008004724                ulTaskNotifyTake
 .text.vTaskNotifyGiveFromISR
                0x00000000080047a8       0xdc build/tasks.o
                0x00000000080047a8                vTaskNotifyGiveFromISR
 .text.prvGetNextExpireTime
                0x0000000008004884       0x20 build/timers.o
 .text.prvInsertTimerInActiveList
                0x00000000080048a4       0x4c build/timers.o
 .text.prvCheckForValidListAndQueue
                0x00000000080048f0       0x80 build/timers.o
 .text.xTimerCreateTimerTask
                0x0000000008004970       0x70 build/timers.o
                0x0000000008004970                xTimerCreateTimerTask
 .text.xTimerGenericCommand
                0x00000000080049e0       0x78 build/timers.o
                0x00000000080049e0                xTimerGenericCommand
 .text.prvSwitchTimerLists
                0x0000000008004a58       0x88 build/timers.o
 .text.prvSampleTimeNow
                0x0000000008004ae0       0x34 build/timers.o
 .text.prvProcessExpiredTimer
                0x0000000008004b14       0x6c build/timers.o
 .text.prvProcessTimerOrBlockTask
                0x0000000008004b80       0x88 build/timers.o
 .text.prvProcessReceivedCommands
                0x0000000008004c08      0x110 build/timers.o
 .text.prvTimerTask
                0x0000000008004d18       0x24 build/timers.o
 .text.osKernelInitialize
                0x0000000008004d3c       0x44 build/cmsis_os2.o
                0x0000000008004d3c                osKernelInitialize
 .text.osKernelStart
                0x0000000008004d80       0x50 build/cmsis_os2.o
                0x0000000008004d80                osKernelStart
 .text.osThreadNew
                0x0000000008004dd0       0xf4 build/cmsis_os2.o
                0x0000000008004dd0                osThreadNew
 .text.osDelay  0x0000000008004ec4       0x48 build/cmsis_os2.o
                0x0000000008004ec4                osDelay
 .text.vApplicationGetIdleTaskMemory
                0x0000000008004f0c       0x18 build/cmsis_os2.o
                0x0000000008004f0c                vApplicationGetIdleTaskMemory
 .text.vApplicationGetTimerTaskMemory
                0x0000000008004f24       0x18 build/cmsis_os2.o
                0x0000000008004f24                vApplicationGetTimerTaskMemory
 .text.prvHeapInit
                0x0000000008004f3c       0x64 build/heap_4.o
 .text.prvInsertBlockIntoFreeList
                0x0000000008004fa0       0x60 build/heap_4.o
 .text.pvPortMalloc
                0x0000000008005000      0x100 build/heap_4.o
                0x0000000008005000                pvPortMalloc
 .text.vPortFree
                0x0000000008005100       0x7c build/heap_4.o
                0x0000000008005100                vPortFree
 .text.prvTaskExitError
                0x000000000800517c       0x40 build/port.o
 .text.prvPortStartFirstTask
                0x00000000080051bc       0x20 build/port.o
 .text.pxPortInitialiseStack
                0x00000000080051dc       0x24 build/port.o
                0x00000000080051dc                pxPortInitialiseStack
 .text.SVC_Handler
                0x0000000008005200       0x24 build/port.o
                0x0000000008005200                SVC_Handler
 .text.vPortEnterCritical
                0x0000000008005224       0x44 build/port.o
                0x0000000008005224                vPortEnterCritical
 .text.vPortExitCritical
                0x0000000008005268       0x2c build/port.o
                0x0000000008005268                vPortExitCritical
 *fill*         0x0000000008005294        0xc 
 .text.PendSV_Handler
                0x00000000080052a0       0x44 build/port.o
                0x00000000080052a0                PendSV_Handler
 .text.SysTick_Handler
                0x00000000080052e4       0x30 build/port.o
                0x00000000080052e4                SysTick_Handler
 .text.vPortSetupTimerInterrupt
                0x0000000008005314       0x28 build/port.o
                0x0000000008005314                vPortSetupTimerInterrupt
 .text.xPortStartScheduler
                0x000000000800533c       0xb8 build/port.o
                0x000000000800533c                xPortStartScheduler
 .text.vPortValidateInterruptPriority
                0x00000000080053f4       0x5c build/port.o
                0x00000000080053f4                vPortValidateInterruptPriority
 .text.MX_TIM1_Init
                0x0000000008005450       0xd4 build/tim.o
                0x0000000008005450                MX_TIM1_Init
 .text.HAL_TIM_Base_MspInit
                0x0000000008005524       0x84 build/tim.o
                0x0000000008005524                HAL_TIM_Base_MspInit
 .text.homeworkTask
                0x00000000080055a8      0x17c build/homework.o
 .text.init     0x0000000008005724       0x48 build/homework.o
                0x0000000008005724                init
 .text.LCD_Write
                0x000000000800576c       0x28 build/driver_lcd.o
 .text.LCD_CommandInitiate
                0x0000000008005794       0x24 build/driver_lcd.o
 .text.lcd_task
                0x00000000080057b8       0x60 build/driver_lcd.o
 .text.lcd_init
                0x0000000008005818       0x44 build/driver_lcd.o
                0x0000000008005818                lcd_init
 .text.lcd_put  0x000000000800585c       0x28 build/driver_lcd.o
                0x000000000800585c                lcd_put
 .text.tempTask
                0x0000000008005884       0x74 build/driver_temp.o
 .text.getTemp  0x00000000080058f8       0x24 build/driver_temp.o
                0x00000000080058f8                getTemp
 .text.HAL_ADC_ConvCpltCallback
                0x000000000800591c       0x18 build/driver_temp.o
                0x000000000800591c                HAL_ADC_ConvCpltCallback
 .text.initTemp
                0x0000000008005934       0x44 build/driver_temp.o
                0x0000000008005934                initTemp
 .text.uartTask
                0x0000000008005978       0x40 build/driver_brzina.o
 .text.HAL_TIM_IC_CaptureCallback
                0x00000000080059b8      0x10c build/driver_brzina.o
                0x00000000080059b8                HAL_TIM_IC_CaptureCallback
 .text.HAL_TIM_PeriodElapsedCallback
                0x0000000008005ac4       0x24 build/driver_brzina.o
                0x0000000008005ac4                HAL_TIM_PeriodElapsedCallback
 .text.getBrzina
                0x0000000008005ae8       0x38 build/driver_brzina.o
                0x0000000008005ae8                getBrzina
 .text.brzina_init
                0x0000000008005b20       0x78 build/driver_brzina.o
                0x0000000008005b20                brzina_init
 .text.transmit_char
                0x0000000008005b98       0x44 build/driver_brzina.o
                0x0000000008005b98                transmit_char
 .text.transmit_digit
                0x0000000008005bdc       0x7c build/driver_brzina.o
                0x0000000008005bdc                transmit_digit
 .text.HAL_UART_RxCpltCallback
                0x0000000008005c58        0x2 build/driver_brzina.o
                0x0000000008005c58                HAL_UART_RxCpltCallback
 *fill*         0x0000000008005c5a        0x2 
 .text.HAL_UART_TxCpltCallback
                0x0000000008005c5c       0x48 build/driver_brzina.o
                0x0000000008005c5c                HAL_UART_TxCpltCallback
 .text.led_task
                0x0000000008005ca4       0x48 build/driver_led.o
 .text.led_init
                0x0000000008005cec       0x28 build/driver_led.o
                0x0000000008005cec                led_init
 .text.Reset_Handler
                0x0000000008005d14       0x48 build/startup_stm32f103x6_init.o
                0x0000000008005d14                Reset_Handler
 .text.Default_Handler
                0x0000000008005d5c        0x2 build/startup_stm32f103x6_init.o
                0x0000000008005d5c                RTC_Alarm_IRQHandler
                0x0000000008005d5c                EXTI2_IRQHandler
                0x0000000008005d5c                PVD_IRQHandler
                0x0000000008005d5c                EXTI3_IRQHandler
                0x0000000008005d5c                EXTI0_IRQHandler
                0x0000000008005d5c                SPI1_IRQHandler
                0x0000000008005d5c                TAMPER_IRQHandler
                0x0000000008005d5c                DMA1_Channel4_IRQHandler
                0x0000000008005d5c                RTC_IRQHandler
                0x0000000008005d5c                DMA1_Channel7_IRQHandler
                0x0000000008005d5c                CAN1_RX1_IRQHandler
                0x0000000008005d5c                I2C1_EV_IRQHandler
                0x0000000008005d5c                DMA1_Channel6_IRQHandler
                0x0000000008005d5c                TIM3_IRQHandler
                0x0000000008005d5c                RCC_IRQHandler
                0x0000000008005d5c                TIM1_TRG_COM_IRQHandler
                0x0000000008005d5c                DMA1_Channel1_IRQHandler
                0x0000000008005d5c                Default_Handler
                0x0000000008005d5c                EXTI15_10_IRQHandler
                0x0000000008005d5c                EXTI9_5_IRQHandler
                0x0000000008005d5c                DMA1_Channel5_IRQHandler
                0x0000000008005d5c                EXTI4_IRQHandler
                0x0000000008005d5c                USB_LP_CAN1_RX0_IRQHandler
                0x0000000008005d5c                USB_HP_CAN1_TX_IRQHandler
                0x0000000008005d5c                DMA1_Channel3_IRQHandler
                0x0000000008005d5c                WWDG_IRQHandler
                0x0000000008005d5c                TIM1_BRK_IRQHandler
                0x0000000008005d5c                EXTI1_IRQHandler
                0x0000000008005d5c                USART2_IRQHandler
                0x0000000008005d5c                DMA1_Channel2_IRQHandler
                0x0000000008005d5c                CAN1_SCE_IRQHandler
                0x0000000008005d5c                FLASH_IRQHandler
                0x0000000008005d5c                I2C1_ER_IRQHandler
                0x0000000008005d5c                USBWakeUp_IRQHandler
 *fill*         0x0000000008005d5e        0x2 
 .text.__libc_init_array
                0x0000000008005d60       0x48 d:/faks/4. godina/7.semestar/mips/gnu mcu/arm-none-eabi-gcc-10.2.1-1.1/bin/../lib/gcc/arm-none-eabi/10.2.1/../../../../arm-none-eabi/lib/thumb/v7-m/nofp\libc_nano.a(lib_a-init.o)
                0x0000000008005d60                __libc_init_array
 .text.__itoa   0x0000000008005da8       0x30 d:/faks/4. godina/7.semestar/mips/gnu mcu/arm-none-eabi-gcc-10.2.1-1.1/bin/../lib/gcc/arm-none-eabi/10.2.1/../../../../arm-none-eabi/lib/thumb/v7-m/nofp\libc_nano.a(lib_a-itoa.o)
                0x0000000008005da8                __itoa
 .text.itoa     0x0000000008005dd8        0x4 d:/faks/4. godina/7.semestar/mips/gnu mcu/arm-none-eabi-gcc-10.2.1-1.1/bin/../lib/gcc/arm-none-eabi/10.2.1/../../../../arm-none-eabi/lib/thumb/v7-m/nofp\libc_nano.a(lib_a-itoa.o)
                0x0000000008005dd8                itoa
 .text.memcpy   0x0000000008005ddc       0x1c d:/faks/4. godina/7.semestar/mips/gnu mcu/arm-none-eabi-gcc-10.2.1-1.1/bin/../lib/gcc/arm-none-eabi/10.2.1/../../../../arm-none-eabi/lib/thumb/v7-m/nofp\libc_nano.a(lib_a-memcpy-stub.o)
                0x0000000008005ddc                memcpy
 .text.memset   0x0000000008005df8       0x10 d:/faks/4. godina/7.semestar/mips/gnu mcu/arm-none-eabi-gcc-10.2.1-1.1/bin/../lib/gcc/arm-none-eabi/10.2.1/../../../../arm-none-eabi/lib/thumb/v7-m/nofp\libc_nano.a(lib_a-memset.o)
                0x0000000008005df8                memset
 .text.__utoa   0x0000000008005e08       0x84 d:/faks/4. godina/7.semestar/mips/gnu mcu/arm-none-eabi-gcc-10.2.1-1.1/bin/../lib/gcc/arm-none-eabi/10.2.1/../../../../arm-none-eabi/lib/thumb/v7-m/nofp\libc_nano.a(lib_a-utoa.o)
                0x0000000008005e08                __utoa
 *(.glue_7)
 .glue_7        0x0000000008005e8c        0x0 linker stubs
 *(.glue_7t)
 .glue_7t       0x0000000008005e8c        0x0 linker stubs
 *(.eh_frame)
 .eh_frame      0x0000000008005e8c        0x0 d:/faks/4. godina/7.semestar/mips/gnu mcu/arm-none-eabi-gcc-10.2.1-1.1/bin/../lib/gcc/arm-none-eabi/10.2.1/thumb/v7-m/nofp/crtbegin.o
 *(.init)
 .init          0x0000000008005e8c        0x4 d:/faks/4. godina/7.semestar/mips/gnu mcu/arm-none-eabi-gcc-10.2.1-1.1/bin/../lib/gcc/arm-none-eabi/10.2.1/thumb/v7-m/nofp/crti.o
                0x0000000008005e8c                _init
 .init          0x0000000008005e90        0x8 d:/faks/4. godina/7.semestar/mips/gnu mcu/arm-none-eabi-gcc-10.2.1-1.1/bin/../lib/gcc/arm-none-eabi/10.2.1/thumb/v7-m/nofp/crtn.o
 *(.fini)
 .fini          0x0000000008005e98        0x4 d:/faks/4. godina/7.semestar/mips/gnu mcu/arm-none-eabi-gcc-10.2.1-1.1/bin/../lib/gcc/arm-none-eabi/10.2.1/thumb/v7-m/nofp/crti.o
                0x0000000008005e98                _fini
 .fini          0x0000000008005e9c        0x8 d:/faks/4. godina/7.semestar/mips/gnu mcu/arm-none-eabi-gcc-10.2.1-1.1/bin/../lib/gcc/arm-none-eabi/10.2.1/thumb/v7-m/nofp/crtn.o
                0x0000000008005ea4                . = ALIGN (0x4)
                0x0000000008005ea4                _etext = .

.vfp11_veneer   0x0000000008005ea4        0x0
 .vfp11_veneer  0x0000000008005ea4        0x0 linker stubs

.v4_bx          0x0000000008005ea4        0x0
 .v4_bx         0x0000000008005ea4        0x0 linker stubs

.iplt           0x0000000008005ea4        0x0
 .iplt          0x0000000008005ea4        0x0 d:/faks/4. godina/7.semestar/mips/gnu mcu/arm-none-eabi-gcc-10.2.1-1.1/bin/../lib/gcc/arm-none-eabi/10.2.1/thumb/v7-m/nofp/crtbegin.o

.rodata         0x0000000008005ea4       0xf0
                0x0000000008005ea4                . = ALIGN (0x4)
 *(.rodata)
 *(.rodata*)
 .rodata.HAL_RCC_GetSysClockFreq.str1.4
                0x0000000008005ea4       0x11 build/stm32f1xx_hal_rcc.o
 *fill*         0x0000000008005eb5        0x3 
 .rodata.AHBPrescTable
                0x0000000008005eb8       0x10 build/system_stm32f1xx.o
                0x0000000008005eb8                AHBPrescTable
 .rodata.APBPrescTable
                0x0000000008005ec8        0x8 build/system_stm32f1xx.o
                0x0000000008005ec8                APBPrescTable
 .rodata.str1.4
                0x0000000008005ed0        0xc build/freertos.o
 .rodata.defaultTask_attributes
                0x0000000008005edc       0x24 build/freertos.o
                0x0000000008005edc                defaultTask_attributes
 .rodata.vTaskStartScheduler.str1.4
                0x0000000008005f00        0x5 build/tasks.o
 *fill*         0x0000000008005f05        0x3 
 .rodata.prvCheckForValidListAndQueue.str1.4
                0x0000000008005f08        0x5 build/timers.o
 *fill*         0x0000000008005f0d        0x3 
 .rodata.xTimerCreateTimerTask.str1.4
                0x0000000008005f10        0x8 build/timers.o
 .rodata.homeworkTask.str1.4
                0x0000000008005f18       0x15 build/homework.o
 *fill*         0x0000000008005f2d        0x3 
 .rodata.init.str1.4
                0x0000000008005f30        0xd build/homework.o
 *fill*         0x0000000008005f3d        0x3 
 .rodata.lcd_init.str1.4
                0x0000000008005f40        0x9 build/driver_lcd.o
 *fill*         0x0000000008005f49        0x3 
 .rodata.initTemp.str1.4
                0x0000000008005f4c        0x9 build/driver_temp.o
 *fill*         0x0000000008005f55        0x3 
 .rodata.brzina_init.str1.4
                0x0000000008005f58        0x9 build/driver_brzina.o
 *fill*         0x0000000008005f61        0x3 
 .rodata.led_init.str1.4
                0x0000000008005f64        0x9 build/driver_led.o
 .rodata.__utoa.str1.1
                0x0000000008005f6d       0x25 d:/faks/4. godina/7.semestar/mips/gnu mcu/arm-none-eabi-gcc-10.2.1-1.1/bin/../lib/gcc/arm-none-eabi/10.2.1/../../../../arm-none-eabi/lib/thumb/v7-m/nofp\libc_nano.a(lib_a-utoa.o)
                0x0000000008005f94                . = ALIGN (0x4)
 *fill*         0x0000000008005f92        0x2 

.rel.dyn        0x0000000008005f94        0x0
 .rel.iplt      0x0000000008005f94        0x0 d:/faks/4. godina/7.semestar/mips/gnu mcu/arm-none-eabi-gcc-10.2.1-1.1/bin/../lib/gcc/arm-none-eabi/10.2.1/thumb/v7-m/nofp/crtbegin.o

.ARM.extab
 *(.ARM.extab* .gnu.linkonce.armextab.*)

.ARM            0x0000000008005f94        0x0
                0x0000000008005f94                __exidx_start = .
 *(.ARM.exidx*)
                0x0000000008005f94                __exidx_end = .

.preinit_array  0x0000000008005f94        0x0
                0x0000000008005f94                PROVIDE (__preinit_array_start = .)
 *(.preinit_array*)
                0x0000000008005f94                PROVIDE (__preinit_array_end = .)

.init_array     0x0000000008005f94        0x4
                0x0000000008005f94                PROVIDE (__init_array_start = .)
 *(SORT_BY_NAME(.init_array.*))
 *(.init_array*)
 .init_array    0x0000000008005f94        0x4 d:/faks/4. godina/7.semestar/mips/gnu mcu/arm-none-eabi-gcc-10.2.1-1.1/bin/../lib/gcc/arm-none-eabi/10.2.1/thumb/v7-m/nofp/crtbegin.o
                0x0000000008005f98                PROVIDE (__init_array_end = .)

.fini_array     0x0000000008005f98        0x4
                [!provide]                        PROVIDE (__fini_array_start = .)
 *(SORT_BY_NAME(.fini_array.*))
 *(.fini_array*)
 .fini_array    0x0000000008005f98        0x4 d:/faks/4. godina/7.semestar/mips/gnu mcu/arm-none-eabi-gcc-10.2.1-1.1/bin/../lib/gcc/arm-none-eabi/10.2.1/thumb/v7-m/nofp/crtbegin.o
                [!provide]                        PROVIDE (__fini_array_end = .)
                0x0000000008005f9c                _sidata = LOADADDR (.data)

.data           0x0000000020000000       0x10 load address 0x0000000008005f9c
                0x0000000020000000                . = ALIGN (0x4)
                0x0000000020000000                _sdata = .
 *(.data)
 *(.data*)
 .data.uwTickFreq
                0x0000000020000000        0x1 build/stm32f1xx_hal.o
                0x0000000020000000                uwTickFreq
 *fill*         0x0000000020000001        0x3 
 .data.uwTickPrio
                0x0000000020000004        0x4 build/stm32f1xx_hal.o
                0x0000000020000004                uwTickPrio
 .data.SystemCoreClock
                0x0000000020000008        0x4 build/system_stm32f1xx.o
                0x0000000020000008                SystemCoreClock
 .data.uxCriticalNesting
                0x000000002000000c        0x4 build/port.o
                0x0000000020000010                . = ALIGN (0x4)
                0x0000000020000010                _edata = .

.igot.plt       0x0000000020000010        0x0 load address 0x0000000008005fac
 .igot.plt      0x0000000020000010        0x0 d:/faks/4. godina/7.semestar/mips/gnu mcu/arm-none-eabi-gcc-10.2.1-1.1/bin/../lib/gcc/arm-none-eabi/10.2.1/thumb/v7-m/nofp/crtbegin.o
                0x0000000020000010                . = ALIGN (0x4)

.bss            0x0000000020000010     0x1abc load address 0x0000000008005fac
                0x0000000020000010                _sbss = .
                0x0000000020000010                __bss_start__ = _sbss
 *(.bss)
 *(.bss*)
 .bss.completed.1
                0x0000000020000010        0x1 d:/faks/4. godina/7.semestar/mips/gnu mcu/arm-none-eabi-gcc-10.2.1-1.1/bin/../lib/gcc/arm-none-eabi/10.2.1/thumb/v7-m/nofp/crtbegin.o
 *fill*         0x0000000020000011        0x3 
 .bss.object.0  0x0000000020000014       0x18 d:/faks/4. godina/7.semestar/mips/gnu mcu/arm-none-eabi-gcc-10.2.1-1.1/bin/../lib/gcc/arm-none-eabi/10.2.1/thumb/v7-m/nofp/crtbegin.o
 .bss.overflow  0x000000002000002c        0x4 build/main.o
                0x000000002000002c                overflow
 .bss.uwTick    0x0000000020000030        0x4 build/stm32f1xx_hal.o
                0x0000000020000030                uwTick
 .bss.defaultTaskHandle
                0x0000000020000034        0x4 build/freertos.o
                0x0000000020000034                defaultTaskHandle
 .bss.hadc1     0x0000000020000038       0x30 build/adc.o
                0x0000000020000038                hadc1
 .bss.huart1    0x0000000020000068       0x44 build/usart.o
                0x0000000020000068                huart1
 .bss.htim2     0x00000000200000ac       0x48 build/stm32f1xx_hal_timebase_tim.o
                0x00000000200000ac                htim2
 .bss.xQueueRegistry
                0x00000000200000f4       0x40 build/queue.o
                0x00000000200000f4                xQueueRegistry
 .bss.pxCurrentTCB
                0x0000000020000134        0x4 build/tasks.o
                0x0000000020000134                pxCurrentTCB
 .bss.pxDelayedTaskList
                0x0000000020000138        0x4 build/tasks.o
 .bss.pxOverflowDelayedTaskList
                0x000000002000013c        0x4 build/tasks.o
 .bss.pxReadyTasksLists
                0x0000000020000140      0x460 build/tasks.o
 .bss.uxCurrentNumberOfTasks
                0x00000000200005a0        0x4 build/tasks.o
 .bss.uxDeletedTasksWaitingCleanUp
                0x00000000200005a4        0x4 build/tasks.o
 .bss.uxPendedTicks
                0x00000000200005a8        0x4 build/tasks.o
 .bss.uxSchedulerSuspended
                0x00000000200005ac        0x4 build/tasks.o
 .bss.uxTaskNumber
                0x00000000200005b0        0x4 build/tasks.o
 .bss.uxTopReadyPriority
                0x00000000200005b4        0x4 build/tasks.o
 .bss.xDelayedTaskList1
                0x00000000200005b8       0x14 build/tasks.o
 .bss.xDelayedTaskList2
                0x00000000200005cc       0x14 build/tasks.o
 .bss.xIdleTaskHandle
                0x00000000200005e0        0x4 build/tasks.o
 .bss.xNextTaskUnblockTime
                0x00000000200005e4        0x4 build/tasks.o
 .bss.xNumOfOverflows
                0x00000000200005e8        0x4 build/tasks.o
 .bss.xPendingReadyList
                0x00000000200005ec       0x14 build/tasks.o
 .bss.xSchedulerRunning
                0x0000000020000600        0x4 build/tasks.o
 .bss.xSuspendedTaskList
                0x0000000020000604       0x14 build/tasks.o
 .bss.xTasksWaitingTermination
                0x0000000020000618       0x14 build/tasks.o
 .bss.xTickCount
                0x000000002000062c        0x4 build/tasks.o
 .bss.xYieldPending
                0x0000000020000630        0x4 build/tasks.o
 .bss.pxCurrentTimerList
                0x0000000020000634        0x4 build/timers.o
 .bss.pxOverflowTimerList
                0x0000000020000638        0x4 build/timers.o
 .bss.ucStaticTimerQueueStorage.1
                0x000000002000063c       0xa0 build/timers.o
 .bss.xActiveTimerList1
                0x00000000200006dc       0x14 build/timers.o
 .bss.xActiveTimerList2
                0x00000000200006f0       0x14 build/timers.o
 .bss.xLastTime.2
                0x0000000020000704        0x4 build/timers.o
 .bss.xStaticTimerQueue.0
                0x0000000020000708       0x50 build/timers.o
 .bss.xTimerQueue
                0x0000000020000758        0x4 build/timers.o
 .bss.xTimerTaskHandle
                0x000000002000075c        0x4 build/timers.o
 .bss.Idle_Stack
                0x0000000020000760      0x200 build/cmsis_os2.o
 .bss.Idle_TCB  0x0000000020000960       0x5c build/cmsis_os2.o
 .bss.KernelState
                0x00000000200009bc        0x4 build/cmsis_os2.o
 .bss.Timer_Stack
                0x00000000200009c0      0x400 build/cmsis_os2.o
 .bss.Timer_TCB
                0x0000000020000dc0       0x5c build/cmsis_os2.o
 .bss.pxEnd     0x0000000020000e1c        0x4 build/heap_4.o
 .bss.ucHeap    0x0000000020000e20      0xc00 build/heap_4.o
 .bss.xBlockAllocatedBit
                0x0000000020001a20        0x4 build/heap_4.o
 .bss.xFreeBytesRemaining
                0x0000000020001a24        0x4 build/heap_4.o
 .bss.xMinimumEverFreeBytesRemaining
                0x0000000020001a28        0x4 build/heap_4.o
 .bss.xStart    0x0000000020001a2c        0x8 build/heap_4.o
 .bss.ucMaxSysCallPriority
                0x0000000020001a34        0x1 build/port.o
 *fill*         0x0000000020001a35        0x3 
 .bss.ulMaxPRIGROUPValue
                0x0000000020001a38        0x4 build/port.o
 .bss.htim1     0x0000000020001a3c       0x48 build/tim.o
                0x0000000020001a3c                htim1
 .bss.broj      0x0000000020001a84        0x4 build/homework.o
 .bss.text1     0x0000000020001a88        0x4 build/homework.o
 .bss.text2     0x0000000020001a8c        0x4 build/homework.o
 .bss.lcdQueue  0x0000000020001a90        0x4 build/driver_lcd.o
 .bss.lcdTask   0x0000000020001a94        0x4 build/driver_lcd.o
 .bss.mailBox   0x0000000020001a98        0x4 build/driver_temp.o
 .bss.tempTaskHandle
                0x0000000020001a9c        0x4 build/driver_temp.o
 .bss.duty      0x0000000020001aa0        0x4 build/driver_brzina.o
                0x0000000020001aa0                duty
 .bss.elapsed   0x0000000020001aa4        0x4 build/driver_brzina.o
                0x0000000020001aa4                elapsed
 .bss.elapsedActive
                0x0000000020001aa8        0x4 build/driver_brzina.o
                0x0000000020001aa8                elapsedActive
 .bss.endTime   0x0000000020001aac        0x4 build/driver_brzina.o
                0x0000000020001aac                endTime
 .bss.fall      0x0000000020001ab0        0x4 build/driver_brzina.o
                0x0000000020001ab0                fall
 .bss.freq      0x0000000020001ab4        0x4 build/driver_brzina.o
                0x0000000020001ab4                freq
 .bss.stanje    0x0000000020001ab8        0x1 build/driver_brzina.o
                0x0000000020001ab8                stanje
 *fill*         0x0000000020001ab9        0x3 
 .bss.start     0x0000000020001abc        0x4 build/driver_brzina.o
                0x0000000020001abc                start
 .bss.uartHandle
                0x0000000020001ac0        0x4 build/driver_brzina.o
 .bss.uartQueueHandle
                0x0000000020001ac4        0x4 build/driver_brzina.o
 .bss.uartSem   0x0000000020001ac8        0x4 build/driver_brzina.o
 *(COMMON)
                0x0000000020001acc                . = ALIGN (0x4)
                0x0000000020001acc                _ebss = .
                0x0000000020001acc                __bss_end__ = _ebss

._user_heap_stack
                0x0000000020001acc      0x604 load address 0x0000000008005fac
                0x0000000020001ad0                . = ALIGN (0x8)
 *fill*         0x0000000020001acc        0x4 
                [!provide]                        PROVIDE (end = .)
                [!provide]                        PROVIDE (_end = .)
                0x0000000020001cd0                . = (. + _Min_Heap_Size)
 *fill*         0x0000000020001ad0      0x200 
                0x00000000200020d0                . = (. + _Min_Stack_Size)
 *fill*         0x0000000020001cd0      0x400 
                0x00000000200020d0                . = ALIGN (0x8)

/DISCARD/
 libc.a(*)
 libm.a(*)
 libgcc.a(*)

.ARM.attributes
                0x0000000000000000       0x29
 *(.ARM.attributes)
 .ARM.attributes
                0x0000000000000000       0x1d d:/faks/4. godina/7.semestar/mips/gnu mcu/arm-none-eabi-gcc-10.2.1-1.1/bin/../lib/gcc/arm-none-eabi/10.2.1/thumb/v7-m/nofp/crti.o
 .ARM.attributes
                0x000000000000001d       0x2d d:/faks/4. godina/7.semestar/mips/gnu mcu/arm-none-eabi-gcc-10.2.1-1.1/bin/../lib/gcc/arm-none-eabi/10.2.1/thumb/v7-m/nofp/crtbegin.o
 .ARM.attributes
                0x000000000000004a       0x2d build/main.o
 .ARM.attributes
                0x0000000000000077       0x2d build/stm32f1xx_it.o
 .ARM.attributes
                0x00000000000000a4       0x2d build/stm32f1xx_hal_msp.o
 .ARM.attributes
                0x00000000000000d1       0x2d build/stm32f1xx_hal_tim.o
 .ARM.attributes
                0x00000000000000fe       0x2d build/stm32f1xx_hal_tim_ex.o
 .ARM.attributes
                0x000000000000012b       0x2d build/stm32f1xx_hal.o
 .ARM.attributes
                0x0000000000000158       0x2d build/stm32f1xx_hal_rcc.o
 .ARM.attributes
                0x0000000000000185       0x2d build/stm32f1xx_hal_rcc_ex.o
 .ARM.attributes
                0x00000000000001b2       0x2d build/stm32f1xx_hal_gpio.o
 .ARM.attributes
                0x00000000000001df       0x2d build/stm32f1xx_hal_dma.o
 .ARM.attributes
                0x000000000000020c       0x2d build/stm32f1xx_hal_cortex.o
 .ARM.attributes
                0x0000000000000239       0x2d build/system_stm32f1xx.o
 .ARM.attributes
                0x0000000000000266       0x2d build/gpio.o
 .ARM.attributes
                0x0000000000000293       0x2d build/freertos.o
 .ARM.attributes
                0x00000000000002c0       0x2d build/adc.o
 .ARM.attributes
                0x00000000000002ed       0x2d build/usart.o
 .ARM.attributes
                0x000000000000031a       0x2d build/stm32f1xx_hal_timebase_tim.o
 .ARM.attributes
                0x0000000000000347       0x2d build/stm32f1xx_hal_adc.o
 .ARM.attributes
                0x0000000000000374       0x2d build/stm32f1xx_hal_adc_ex.o
 .ARM.attributes
                0x00000000000003a1       0x2d build/stm32f1xx_hal_uart.o
 .ARM.attributes
                0x00000000000003ce       0x2d build/list.o
 .ARM.attributes
                0x00000000000003fb       0x2d build/queue.o
 .ARM.attributes
                0x0000000000000428       0x2d build/tasks.o
 .ARM.attributes
                0x0000000000000455       0x2d build/timers.o
 .ARM.attributes
                0x0000000000000482       0x2d build/cmsis_os2.o
 .ARM.attributes
                0x00000000000004af       0x2d build/heap_4.o
 .ARM.attributes
                0x00000000000004dc       0x2d build/port.o
 .ARM.attributes
                0x0000000000000509       0x2d build/tim.o
 .ARM.attributes
                0x0000000000000536       0x2d build/homework.o
 .ARM.attributes
                0x0000000000000563       0x2d build/driver_lcd.o
 .ARM.attributes
                0x0000000000000590       0x2d build/driver_temp.o
 .ARM.attributes
                0x00000000000005bd       0x2d build/driver_brzina.o
 .ARM.attributes
                0x00000000000005ea       0x2d build/driver_led.o
 .ARM.attributes
                0x0000000000000617       0x21 build/startup_stm32f103x6_init.o
 .ARM.attributes
                0x0000000000000638       0x2d d:/faks/4. godina/7.semestar/mips/gnu mcu/arm-none-eabi-gcc-10.2.1-1.1/bin/../lib/gcc/arm-none-eabi/10.2.1/../../../../arm-none-eabi/lib/thumb/v7-m/nofp\libc_nano.a(lib_a-init.o)
 .ARM.attributes
                0x0000000000000665       0x2d d:/faks/4. godina/7.semestar/mips/gnu mcu/arm-none-eabi-gcc-10.2.1-1.1/bin/../lib/gcc/arm-none-eabi/10.2.1/../../../../arm-none-eabi/lib/thumb/v7-m/nofp\libc_nano.a(lib_a-itoa.o)
 .ARM.attributes
                0x0000000000000692       0x2d d:/faks/4. godina/7.semestar/mips/gnu mcu/arm-none-eabi-gcc-10.2.1-1.1/bin/../lib/gcc/arm-none-eabi/10.2.1/../../../../arm-none-eabi/lib/thumb/v7-m/nofp\libc_nano.a(lib_a-memcpy-stub.o)
 .ARM.attributes
                0x00000000000006bf       0x2d d:/faks/4. godina/7.semestar/mips/gnu mcu/arm-none-eabi-gcc-10.2.1-1.1/bin/../lib/gcc/arm-none-eabi/10.2.1/../../../../arm-none-eabi/lib/thumb/v7-m/nofp\libc_nano.a(lib_a-memset.o)
 .ARM.attributes
                0x00000000000006ec       0x17 d:/faks/4. godina/7.semestar/mips/gnu mcu/arm-none-eabi-gcc-10.2.1-1.1/bin/../lib/gcc/arm-none-eabi/10.2.1/../../../../arm-none-eabi/lib/thumb/v7-m/nofp\libc_nano.a(lib_a-strlen.o)
 .ARM.attributes
                0x0000000000000703       0x2d d:/faks/4. godina/7.semestar/mips/gnu mcu/arm-none-eabi-gcc-10.2.1-1.1/bin/../lib/gcc/arm-none-eabi/10.2.1/../../../../arm-none-eabi/lib/thumb/v7-m/nofp\libc_nano.a(lib_a-utoa.o)
 .ARM.attributes
                0x0000000000000730       0x1d d:/faks/4. godina/7.semestar/mips/gnu mcu/arm-none-eabi-gcc-10.2.1-1.1/bin/../lib/gcc/arm-none-eabi/10.2.1/thumb/v7-m/nofp\libgcc.a(_arm_muldf3.o)
 .ARM.attributes
                0x000000000000074d       0x1d d:/faks/4. godina/7.semestar/mips/gnu mcu/arm-none-eabi-gcc-10.2.1-1.1/bin/../lib/gcc/arm-none-eabi/10.2.1/thumb/v7-m/nofp\libgcc.a(_arm_mulsf3.o)
 .ARM.attributes
                0x000000000000076a       0x1d d:/faks/4. godina/7.semestar/mips/gnu mcu/arm-none-eabi-gcc-10.2.1-1.1/bin/../lib/gcc/arm-none-eabi/10.2.1/thumb/v7-m/nofp\libgcc.a(_arm_addsubdf3.o)
 .ARM.attributes
                0x0000000000000787       0x1d d:/faks/4. godina/7.semestar/mips/gnu mcu/arm-none-eabi-gcc-10.2.1-1.1/bin/../lib/gcc/arm-none-eabi/10.2.1/thumb/v7-m/nofp\libgcc.a(_arm_truncdfsf2.o)
 .ARM.attributes
                0x00000000000007a4       0x1d d:/faks/4. godina/7.semestar/mips/gnu mcu/arm-none-eabi-gcc-10.2.1-1.1/bin/../lib/gcc/arm-none-eabi/10.2.1/thumb/v7-m/nofp\libgcc.a(_arm_addsubsf3.o)
 .ARM.attributes
                0x00000000000007c1       0x1d d:/faks/4. godina/7.semestar/mips/gnu mcu/arm-none-eabi-gcc-10.2.1-1.1/bin/../lib/gcc/arm-none-eabi/10.2.1/thumb/v7-m/nofp\libgcc.a(_arm_fixunssfsi.o)
 .ARM.attributes
                0x00000000000007de       0x1d d:/faks/4. godina/7.semestar/mips/gnu mcu/arm-none-eabi-gcc-10.2.1-1.1/bin/../lib/gcc/arm-none-eabi/10.2.1/thumb/v7-m/nofp/crtn.o
OUTPUT(build/code.elf elf32-littlearm)
LOAD linker stubs
LOAD d:/faks/4. godina/7.semestar/mips/gnu mcu/arm-none-eabi-gcc-10.2.1-1.1/bin/../lib/gcc/arm-none-eabi/10.2.1/../../../../arm-none-eabi/lib/thumb/v7-m/nofp\libc.a
LOAD d:/faks/4. godina/7.semestar/mips/gnu mcu/arm-none-eabi-gcc-10.2.1-1.1/bin/../lib/gcc/arm-none-eabi/10.2.1/../../../../arm-none-eabi/lib/thumb/v7-m/nofp\libm.a
LOAD d:/faks/4. godina/7.semestar/mips/gnu mcu/arm-none-eabi-gcc-10.2.1-1.1/bin/../lib/gcc/arm-none-eabi/10.2.1/thumb/v7-m/nofp\libgcc.a

.debug_info     0x0000000000000000    0x20b8f
 .debug_info    0x0000000000000000      0x493 build/main.o
 .debug_info    0x0000000000000493      0xd27 build/stm32f1xx_it.o
 .debug_info    0x00000000000011ba      0x392 build/stm32f1xx_hal_msp.o
 .debug_info    0x000000000000154c     0x3e12 build/stm32f1xx_hal_tim.o
 .debug_info    0x000000000000535e     0x1b67 build/stm32f1xx_hal_tim_ex.o
 .debug_info    0x0000000000006ec5      0x837 build/stm32f1xx_hal.o
 .debug_info    0x00000000000076fc      0xaec build/stm32f1xx_hal_rcc.o
 .debug_info    0x00000000000081e8      0x479 build/stm32f1xx_hal_rcc_ex.o
 .debug_info    0x0000000000008661      0x6d7 build/stm32f1xx_hal_gpio.o
 .debug_info    0x0000000000008d38      0x8bb build/stm32f1xx_hal_dma.o
 .debug_info    0x00000000000095f3      0xe0f build/stm32f1xx_hal_cortex.o
 .debug_info    0x000000000000a402      0x26e build/system_stm32f1xx.o
 .debug_info    0x000000000000a670      0x36a build/gpio.o
 .debug_info    0x000000000000a9da      0x379 build/freertos.o
 .debug_info    0x000000000000ad53      0xab9 build/adc.o
 .debug_info    0x000000000000b80c      0xb16 build/usart.o
 .debug_info    0x000000000000c322      0xaa6 build/stm32f1xx_hal_timebase_tim.o
 .debug_info    0x000000000000cdc8     0x1026 build/stm32f1xx_hal_adc.o
 .debug_info    0x000000000000ddee      0xd15 build/stm32f1xx_hal_adc_ex.o
 .debug_info    0x000000000000eb03     0x1e17 build/stm32f1xx_hal_uart.o
 .debug_info    0x000000000001091a      0x309 build/list.o
 .debug_info    0x0000000000010c23     0x2875 build/queue.o
 .debug_info    0x0000000000013498     0x31ce build/tasks.o
 .debug_info    0x0000000000016666     0x1a79 build/timers.o
 .debug_info    0x00000000000180df     0x4d74 build/cmsis_os2.o
 .debug_info    0x000000000001ce53      0x49b build/heap_4.o
 .debug_info    0x000000000001d2ee      0x54d build/port.o
 .debug_info    0x000000000001d83b      0xda4 build/tim.o
 .debug_info    0x000000000001e5df      0x5c8 build/homework.o
 .debug_info    0x000000000001eba7      0x583 build/driver_lcd.o
 .debug_info    0x000000000001f12a      0x83d build/driver_temp.o
 .debug_info    0x000000000001f967      0xf63 build/driver_brzina.o
 .debug_info    0x00000000000208ca      0x2a3 build/driver_led.o
 .debug_info    0x0000000000020b6d       0x22 build/startup_stm32f103x6_init.o

.debug_abbrev   0x0000000000000000     0x4907
 .debug_abbrev  0x0000000000000000      0x1b6 build/main.o
 .debug_abbrev  0x00000000000001b6      0x18d build/stm32f1xx_it.o
 .debug_abbrev  0x0000000000000343      0x130 build/stm32f1xx_hal_msp.o
 .debug_abbrev  0x0000000000000473      0x296 build/stm32f1xx_hal_tim.o
 .debug_abbrev  0x0000000000000709      0x298 build/stm32f1xx_hal_tim_ex.o
 .debug_abbrev  0x00000000000009a1      0x1f7 build/stm32f1xx_hal.o
 .debug_abbrev  0x0000000000000b98      0x29a build/stm32f1xx_hal_rcc.o
 .debug_abbrev  0x0000000000000e32      0x1d5 build/stm32f1xx_hal_rcc_ex.o
 .debug_abbrev  0x0000000000001007      0x222 build/stm32f1xx_hal_gpio.o
 .debug_abbrev  0x0000000000001229      0x244 build/stm32f1xx_hal_dma.o
 .debug_abbrev  0x000000000000146d      0x359 build/stm32f1xx_hal_cortex.o
 .debug_abbrev  0x00000000000017c6      0x140 build/system_stm32f1xx.o
 .debug_abbrev  0x0000000000001906      0x13f build/gpio.o
 .debug_abbrev  0x0000000000001a45      0x10e build/freertos.o
 .debug_abbrev  0x0000000000001b53      0x1ce build/adc.o
 .debug_abbrev  0x0000000000001d21      0x1f4 build/usart.o
 .debug_abbrev  0x0000000000001f15      0x1ef build/stm32f1xx_hal_timebase_tim.o
 .debug_abbrev  0x0000000000002104      0x239 build/stm32f1xx_hal_adc.o
 .debug_abbrev  0x000000000000233d      0x26a build/stm32f1xx_hal_adc_ex.o
 .debug_abbrev  0x00000000000025a7      0x2ab build/stm32f1xx_hal_uart.o
 .debug_abbrev  0x0000000000002852      0x124 build/list.o
 .debug_abbrev  0x0000000000002976      0x3e7 build/queue.o
 .debug_abbrev  0x0000000000002d5d      0x399 build/tasks.o
 .debug_abbrev  0x00000000000030f6      0x35d build/timers.o
 .debug_abbrev  0x0000000000003453      0x459 build/cmsis_os2.o
 .debug_abbrev  0x00000000000038ac      0x255 build/heap_4.o
 .debug_abbrev  0x0000000000003b01      0x29d build/port.o
 .debug_abbrev  0x0000000000003d9e      0x1f3 build/tim.o
 .debug_abbrev  0x0000000000003f91      0x163 build/homework.o
 .debug_abbrev  0x00000000000040f4      0x1d4 build/driver_lcd.o
 .debug_abbrev  0x00000000000042c8      0x20b build/driver_temp.o
 .debug_abbrev  0x00000000000044d3      0x2ba build/driver_brzina.o
 .debug_abbrev  0x000000000000478d      0x168 build/driver_led.o
 .debug_abbrev  0x00000000000048f5       0x12 build/startup_stm32f103x6_init.o

.debug_loc      0x0000000000000000    0x1b816
 .debug_loc     0x0000000000000000       0x66 build/main.o
 .debug_loc     0x0000000000000066       0xa0 build/stm32f1xx_it.o
 .debug_loc     0x0000000000000106       0x4d build/stm32f1xx_hal_msp.o
 .debug_loc     0x0000000000000153     0x56a6 build/stm32f1xx_hal_tim.o
 .debug_loc     0x00000000000057f9     0x20a0 build/stm32f1xx_hal_tim_ex.o
 .debug_loc     0x0000000000007899      0x1e1 build/stm32f1xx_hal.o
 .debug_loc     0x0000000000007a7a      0x7ee build/stm32f1xx_hal_rcc.o
 .debug_loc     0x0000000000008268      0x444 build/stm32f1xx_hal_rcc_ex.o
 .debug_loc     0x00000000000086ac      0x511 build/stm32f1xx_hal_gpio.o
 .debug_loc     0x0000000000008bbd      0x901 build/stm32f1xx_hal_dma.o
 .debug_loc     0x00000000000094be      0x77f build/stm32f1xx_hal_cortex.o
 .debug_loc     0x0000000000009c3d       0xff build/system_stm32f1xx.o
 .debug_loc     0x0000000000009d3c       0x38 build/gpio.o
 .debug_loc     0x0000000000009d74       0x65 build/freertos.o
 .debug_loc     0x0000000000009dd9      0x12c build/adc.o
 .debug_loc     0x0000000000009f05      0x14e build/usart.o
 .debug_loc     0x000000000000a053       0xcd build/stm32f1xx_hal_timebase_tim.o
 .debug_loc     0x000000000000a120      0xe92 build/stm32f1xx_hal_adc.o
 .debug_loc     0x000000000000afb2      0xabd build/stm32f1xx_hal_adc_ex.o
 .debug_loc     0x000000000000ba6f     0x26ad build/stm32f1xx_hal_uart.o
 .debug_loc     0x000000000000e11c       0xe5 build/list.o
 .debug_loc     0x000000000000e201     0x2038 build/queue.o
 .debug_loc     0x0000000000010239     0x2c73 build/tasks.o
 .debug_loc     0x0000000000012eac     0x156b build/timers.o
 .debug_loc     0x0000000000014417     0x6519 build/cmsis_os2.o
 .debug_loc     0x000000000001a930      0x3c1 build/heap_4.o
 .debug_loc     0x000000000001acf1      0x16c build/port.o
 .debug_loc     0x000000000001ae5d      0x10f build/tim.o
 .debug_loc     0x000000000001af6c      0x175 build/homework.o
 .debug_loc     0x000000000001b0e1      0x29e build/driver_lcd.o
 .debug_loc     0x000000000001b37f      0x106 build/driver_temp.o
 .debug_loc     0x000000000001b485      0x2f2 build/driver_brzina.o
 .debug_loc     0x000000000001b777       0x9f build/driver_led.o

.debug_aranges  0x0000000000000000     0x1658
 .debug_aranges
                0x0000000000000000       0x30 build/main.o
 .debug_aranges
                0x0000000000000030       0x70 build/stm32f1xx_it.o
 .debug_aranges
                0x00000000000000a0       0x20 build/stm32f1xx_hal_msp.o
 .debug_aranges
                0x00000000000000c0      0x3d0 build/stm32f1xx_hal_tim.o
 .debug_aranges
                0x0000000000000490      0x168 build/stm32f1xx_hal_tim_ex.o
 .debug_aranges
                0x00000000000005f8       0xe0 build/stm32f1xx_hal.o
 .debug_aranges
                0x00000000000006d8       0x90 build/stm32f1xx_hal_rcc.o
 .debug_aranges
                0x0000000000000768       0x30 build/stm32f1xx_hal_rcc_ex.o
 .debug_aranges
                0x0000000000000798       0x58 build/stm32f1xx_hal_gpio.o
 .debug_aranges
                0x00000000000007f0       0x80 build/stm32f1xx_hal_dma.o
 .debug_aranges
                0x0000000000000870       0x90 build/stm32f1xx_hal_cortex.o
 .debug_aranges
                0x0000000000000900       0x28 build/system_stm32f1xx.o
 .debug_aranges
                0x0000000000000928       0x20 build/gpio.o
 .debug_aranges
                0x0000000000000948       0x28 build/freertos.o
 .debug_aranges
                0x0000000000000970       0x30 build/adc.o
 .debug_aranges
                0x00000000000009a0       0x30 build/usart.o
 .debug_aranges
                0x00000000000009d0       0x30 build/stm32f1xx_hal_timebase_tim.o
 .debug_aranges
                0x0000000000000a00       0xf0 build/stm32f1xx_hal_adc.o
 .debug_aranges
                0x0000000000000af0       0x80 build/stm32f1xx_hal_adc_ex.o
 .debug_aranges
                0x0000000000000b70      0x200 build/stm32f1xx_hal_uart.o
 .debug_aranges
                0x0000000000000d70       0x40 build/list.o
 .debug_aranges
                0x0000000000000db0      0x158 build/queue.o
 .debug_aranges
                0x0000000000000f08      0x1f8 build/tasks.o
 .debug_aranges
                0x0000000000001100       0xe0 build/timers.o
 .debug_aranges
                0x00000000000011e0      0x228 build/cmsis_os2.o
 .debug_aranges
                0x0000000000001408       0x50 build/heap_4.o
 .debug_aranges
                0x0000000000001458       0x78 build/port.o
 .debug_aranges
                0x00000000000014d0       0x30 build/tim.o
 .debug_aranges
                0x0000000000001500       0x28 build/homework.o
 .debug_aranges
                0x0000000000001528       0x48 build/driver_lcd.o
 .debug_aranges
                0x0000000000001570       0x38 build/driver_temp.o
 .debug_aranges
                0x00000000000015a8       0x60 build/driver_brzina.o
 .debug_aranges
                0x0000000000001608       0x28 build/driver_led.o
 .debug_aranges
                0x0000000000001630       0x28 build/startup_stm32f103x6_init.o

.debug_ranges   0x0000000000000000     0x1710
 .debug_ranges  0x0000000000000000       0x20 build/main.o
 .debug_ranges  0x0000000000000020       0x60 build/stm32f1xx_it.o
 .debug_ranges  0x0000000000000080       0x10 build/stm32f1xx_hal_msp.o
 .debug_ranges  0x0000000000000090      0x3c0 build/stm32f1xx_hal_tim.o
 .debug_ranges  0x0000000000000450      0x158 build/stm32f1xx_hal_tim_ex.o
 .debug_ranges  0x00000000000005a8       0xd0 build/stm32f1xx_hal.o
 .debug_ranges  0x0000000000000678       0xa0 build/stm32f1xx_hal_rcc.o
 .debug_ranges  0x0000000000000718       0x38 build/stm32f1xx_hal_rcc_ex.o
 .debug_ranges  0x0000000000000750       0x48 build/stm32f1xx_hal_gpio.o
 .debug_ranges  0x0000000000000798       0x70 build/stm32f1xx_hal_dma.o
 .debug_ranges  0x0000000000000808       0xe0 build/stm32f1xx_hal_cortex.o
 .debug_ranges  0x00000000000008e8       0x18 build/system_stm32f1xx.o
 .debug_ranges  0x0000000000000900       0x10 build/gpio.o
 .debug_ranges  0x0000000000000910       0x18 build/freertos.o
 .debug_ranges  0x0000000000000928       0x20 build/adc.o
 .debug_ranges  0x0000000000000948       0x20 build/usart.o
 .debug_ranges  0x0000000000000968       0x20 build/stm32f1xx_hal_timebase_tim.o
 .debug_ranges  0x0000000000000988       0xe0 build/stm32f1xx_hal_adc.o
 .debug_ranges  0x0000000000000a68       0x70 build/stm32f1xx_hal_adc_ex.o
 .debug_ranges  0x0000000000000ad8      0x1f0 build/stm32f1xx_hal_uart.o
 .debug_ranges  0x0000000000000cc8       0x30 build/list.o
 .debug_ranges  0x0000000000000cf8      0x218 build/queue.o
 .debug_ranges  0x0000000000000f10      0x320 build/tasks.o
 .debug_ranges  0x0000000000001230       0xd0 build/timers.o
 .debug_ranges  0x0000000000001300      0x218 build/cmsis_os2.o
 .debug_ranges  0x0000000000001518       0x40 build/heap_4.o
 .debug_ranges  0x0000000000001558       0x68 build/port.o
 .debug_ranges  0x00000000000015c0       0x20 build/tim.o
 .debug_ranges  0x00000000000015e0       0x30 build/homework.o
 .debug_ranges  0x0000000000001610       0x38 build/driver_lcd.o
 .debug_ranges  0x0000000000001648       0x28 build/driver_temp.o
 .debug_ranges  0x0000000000001670       0x50 build/driver_brzina.o
 .debug_ranges  0x00000000000016c0       0x30 build/driver_led.o
 .debug_ranges  0x00000000000016f0       0x20 build/startup_stm32f103x6_init.o

.debug_line     0x0000000000000000    0x19149
 .debug_line    0x0000000000000000      0x36c build/main.o
 .debug_line    0x000000000000036c      0x356 build/stm32f1xx_it.o
 .debug_line    0x00000000000006c2      0x1d4 build/stm32f1xx_hal_msp.o
 .debug_line    0x0000000000000896     0x4650 build/stm32f1xx_hal_tim.o
 .debug_line    0x0000000000004ee6     0x1b55 build/stm32f1xx_hal_tim_ex.o
 .debug_line    0x0000000000006a3b      0x54c build/stm32f1xx_hal.o
 .debug_line    0x0000000000006f87      0xc47 build/stm32f1xx_hal_rcc.o
 .debug_line    0x0000000000007bce      0x4b9 build/stm32f1xx_hal_rcc_ex.o
 .debug_line    0x0000000000008087      0x5e7 build/stm32f1xx_hal_gpio.o
 .debug_line    0x000000000000866e      0xa6e build/stm32f1xx_hal_dma.o
 .debug_line    0x00000000000090dc      0x654 build/stm32f1xx_hal_cortex.o
 .debug_line    0x0000000000009730      0x25e build/system_stm32f1xx.o
 .debug_line    0x000000000000998e      0x20f build/gpio.o
 .debug_line    0x0000000000009b9d      0x1b9 build/freertos.o
 .debug_line    0x0000000000009d56      0x33e build/adc.o
 .debug_line    0x000000000000a094      0x33c build/usart.o
 .debug_line    0x000000000000a3d0      0x2b9 build/stm32f1xx_hal_timebase_tim.o
 .debug_line    0x000000000000a689      0xf0a build/stm32f1xx_hal_adc.o
 .debug_line    0x000000000000b593      0xbe1 build/stm32f1xx_hal_adc_ex.o
 .debug_line    0x000000000000c174     0x20e7 build/stm32f1xx_hal_uart.o
 .debug_line    0x000000000000e25b      0x38f build/list.o
 .debug_line    0x000000000000e5ea     0x2061 build/queue.o
 .debug_line    0x000000000001064b     0x2c10 build/tasks.o
 .debug_line    0x000000000001325b      0xe2e build/timers.o
 .debug_line    0x0000000000014089     0x2d25 build/cmsis_os2.o
 .debug_line    0x0000000000016dae      0x6a2 build/heap_4.o
 .debug_line    0x0000000000017450      0x5c7 build/port.o
 .debug_line    0x0000000000017a17      0x3a4 build/tim.o
 .debug_line    0x0000000000017dbb      0x48d build/homework.o
 .debug_line    0x0000000000018248      0x315 build/driver_lcd.o
 .debug_line    0x000000000001855d      0x35a build/driver_temp.o
 .debug_line    0x00000000000188b7      0x56e build/driver_brzina.o
 .debug_line    0x0000000000018e25      0x29e build/driver_led.o
 .debug_line    0x00000000000190c3       0x86 build/startup_stm32f103x6_init.o

.debug_str      0x0000000000000000     0x704c
 .debug_str     0x0000000000000000      0x3ef build/main.o
                                        0x43d (size before relaxing)
 .debug_str     0x00000000000003ef      0x83b build/stm32f1xx_it.o
                                        0xa76 (size before relaxing)
 .debug_str     0x0000000000000c2a      0x350 build/stm32f1xx_hal_msp.o
                                        0x4bd (size before relaxing)
 .debug_str     0x0000000000000f7a      0xf31 build/stm32f1xx_hal_tim.o
                                       0x1626 (size before relaxing)
 .debug_str     0x0000000000001eab      0x594 build/stm32f1xx_hal_tim_ex.o
                                        0xe27 (size before relaxing)
 .debug_str     0x000000000000243f      0x318 build/stm32f1xx_hal.o
                                        0x7d8 (size before relaxing)
 .debug_str     0x0000000000002757      0x242 build/stm32f1xx_hal_rcc.o
                                        0x619 (size before relaxing)
 .debug_str     0x0000000000002999       0x9f build/stm32f1xx_hal_rcc_ex.o
                                        0x3c1 (size before relaxing)
 .debug_str     0x0000000000002a38      0x158 build/stm32f1xx_hal_gpio.o
                                        0x3ee (size before relaxing)
 .debug_str     0x0000000000002b90      0x20d build/stm32f1xx_hal_dma.o
                                        0x5eb (size before relaxing)
 .debug_str     0x0000000000002d9d      0x3c5 build/stm32f1xx_hal_cortex.o
                                        0x887 (size before relaxing)
 .debug_str     0x0000000000003162       0x52 build/system_stm32f1xx.o
                                        0x242 (size before relaxing)
 .debug_str     0x00000000000031b4       0x23 build/gpio.o
                                        0x26b (size before relaxing)
 .debug_str     0x00000000000031d7      0x4cc build/freertos.o
                                        0x658 (size before relaxing)
 .debug_str     0x00000000000036a3       0x78 build/adc.o
                                        0x8e4 (size before relaxing)
 .debug_str     0x000000000000371b       0x51 build/usart.o
                                        0x98b (size before relaxing)
 .debug_str     0x000000000000376c       0x4f build/stm32f1xx_hal_timebase_tim.o
                                        0xaa4 (size before relaxing)
 .debug_str     0x00000000000037bb      0x2e5 build/stm32f1xx_hal_adc.o
                                        0x8c1 (size before relaxing)
 .debug_str     0x0000000000003aa0      0x291 build/stm32f1xx_hal_adc_ex.o
                                        0x87a (size before relaxing)
 .debug_str     0x0000000000003d31      0x5d1 build/stm32f1xx_hal_uart.o
                                        0xc7c (size before relaxing)
 .debug_str     0x0000000000004302      0x150 build/list.o
                                        0x2e3 (size before relaxing)
 .debug_str     0x0000000000004452      0x9b5 build/queue.o
                                        0xc61 (size before relaxing)
 .debug_str     0x0000000000004e07      0xc4e build/tasks.o
                                       0x126e (size before relaxing)
 .debug_str     0x0000000000005a55      0x5ac build/timers.o
                                        0xbd4 (size before relaxing)
 .debug_str     0x0000000000006001      0xa48 build/cmsis_os2.o
                                       0x18d9 (size before relaxing)
 .debug_str     0x0000000000006a49      0x1d8 build/heap_4.o
                                        0x3cc (size before relaxing)
 .debug_str     0x0000000000006c21      0x180 build/port.o
                                        0x44f (size before relaxing)
 .debug_str     0x0000000000006da1       0x2b build/tim.o
                                        0xbb4 (size before relaxing)
 .debug_str     0x0000000000006dcc       0xd7 build/homework.o
                                        0x277 (size before relaxing)
 .debug_str     0x0000000000006ea3       0x7c build/driver_lcd.o
                                        0x2dd (size before relaxing)
 .debug_str     0x0000000000006f1f       0x4e build/driver_temp.o
                                        0x5da (size before relaxing)
 .debug_str     0x0000000000006f6d       0x88 build/driver_brzina.o
                                        0xacb (size before relaxing)
 .debug_str     0x0000000000006ff5       0x22 build/driver_led.o
                                        0x243 (size before relaxing)
 .debug_str     0x0000000000007017       0x35 build/startup_stm32f103x6_init.o
                                         0x62 (size before relaxing)

.comment        0x0000000000000000       0x44
 .comment       0x0000000000000000       0x44 build/main.o
                                         0x45 (size before relaxing)
 .comment       0x0000000000000044       0x45 build/stm32f1xx_it.o
 .comment       0x0000000000000044       0x45 build/stm32f1xx_hal_msp.o
 .comment       0x0000000000000044       0x45 build/stm32f1xx_hal_tim.o
 .comment       0x0000000000000044       0x45 build/stm32f1xx_hal_tim_ex.o
 .comment       0x0000000000000044       0x45 build/stm32f1xx_hal.o
 .comment       0x0000000000000044       0x45 build/stm32f1xx_hal_rcc.o
 .comment       0x0000000000000044       0x45 build/stm32f1xx_hal_rcc_ex.o
 .comment       0x0000000000000044       0x45 build/stm32f1xx_hal_gpio.o
 .comment       0x0000000000000044       0x45 build/stm32f1xx_hal_dma.o
 .comment       0x0000000000000044       0x45 build/stm32f1xx_hal_cortex.o
 .comment       0x0000000000000044       0x45 build/system_stm32f1xx.o
 .comment       0x0000000000000044       0x45 build/gpio.o
 .comment       0x0000000000000044       0x45 build/freertos.o
 .comment       0x0000000000000044       0x45 build/adc.o
 .comment       0x0000000000000044       0x45 build/usart.o
 .comment       0x0000000000000044       0x45 build/stm32f1xx_hal_timebase_tim.o
 .comment       0x0000000000000044       0x45 build/stm32f1xx_hal_adc.o
 .comment       0x0000000000000044       0x45 build/stm32f1xx_hal_adc_ex.o
 .comment       0x0000000000000044       0x45 build/stm32f1xx_hal_uart.o
 .comment       0x0000000000000044       0x45 build/list.o
 .comment       0x0000000000000044       0x45 build/queue.o
 .comment       0x0000000000000044       0x45 build/tasks.o
 .comment       0x0000000000000044       0x45 build/timers.o
 .comment       0x0000000000000044       0x45 build/cmsis_os2.o
 .comment       0x0000000000000044       0x45 build/heap_4.o
 .comment       0x0000000000000044       0x45 build/port.o
 .comment       0x0000000000000044       0x45 build/tim.o
 .comment       0x0000000000000044       0x45 build/homework.o
 .comment       0x0000000000000044       0x45 build/driver_lcd.o
 .comment       0x0000000000000044       0x45 build/driver_temp.o
 .comment       0x0000000000000044       0x45 build/driver_brzina.o
 .comment       0x0000000000000044       0x45 build/driver_led.o

.debug_frame    0x0000000000000000     0x40b8
 .debug_frame   0x0000000000000000       0x58 build/main.o
 .debug_frame   0x0000000000000058       0xe8 build/stm32f1xx_it.o
 .debug_frame   0x0000000000000140       0x2c build/stm32f1xx_hal_msp.o
 .debug_frame   0x000000000000016c      0xb30 build/stm32f1xx_hal_tim.o
 .debug_frame   0x0000000000000c9c      0x40c build/stm32f1xx_hal_tim_ex.o
 .debug_frame   0x00000000000010a8      0x1cc build/stm32f1xx_hal.o
 .debug_frame   0x0000000000001274      0x190 build/stm32f1xx_hal_rcc.o
 .debug_frame   0x0000000000001404       0x64 build/stm32f1xx_hal_rcc_ex.o
 .debug_frame   0x0000000000001468       0xe4 build/stm32f1xx_hal_gpio.o
 .debug_frame   0x000000000000154c      0x144 build/stm32f1xx_hal_dma.o
 .debug_frame   0x0000000000001690      0x118 build/stm32f1xx_hal_cortex.o
 .debug_frame   0x00000000000017a8       0x30 build/system_stm32f1xx.o
 .debug_frame   0x00000000000017d8       0x38 build/gpio.o
 .debug_frame   0x0000000000001810       0x40 build/freertos.o
 .debug_frame   0x0000000000001850       0x68 build/adc.o
 .debug_frame   0x00000000000018b8       0x64 build/usart.o
 .debug_frame   0x000000000000191c       0x50 build/stm32f1xx_hal_timebase_tim.o
 .debug_frame   0x000000000000196c      0x2c4 build/stm32f1xx_hal_adc.o
 .debug_frame   0x0000000000001c30      0x19c build/stm32f1xx_hal_adc_ex.o
 .debug_frame   0x0000000000001dcc      0x5dc build/stm32f1xx_hal_uart.o
 .debug_frame   0x00000000000023a8       0x70 build/list.o
 .debug_frame   0x0000000000002418      0x458 build/queue.o
 .debug_frame   0x0000000000002870      0x66c build/tasks.o
 .debug_frame   0x0000000000002edc      0x2cc build/timers.o
 .debug_frame   0x00000000000031a8      0x7bc build/cmsis_os2.o
 .debug_frame   0x0000000000003964       0xb0 build/heap_4.o
 .debug_frame   0x0000000000003a14       0xf0 build/port.o
 .debug_frame   0x0000000000003b04       0x6c build/tim.o
 .debug_frame   0x0000000000003b70       0x4c build/homework.o
 .debug_frame   0x0000000000003bbc       0xb4 build/driver_lcd.o
 .debug_frame   0x0000000000003c70       0x7c build/driver_temp.o
 .debug_frame   0x0000000000003cec       0xfc build/driver_brzina.o
 .debug_frame   0x0000000000003de8       0x48 build/driver_led.o
 .debug_frame   0x0000000000003e30       0x2c d:/faks/4. godina/7.semestar/mips/gnu mcu/arm-none-eabi-gcc-10.2.1-1.1/bin/../lib/gcc/arm-none-eabi/10.2.1/../../../../arm-none-eabi/lib/thumb/v7-m/nofp\libc_nano.a(lib_a-init.o)
 .debug_frame   0x0000000000003e5c       0x38 d:/faks/4. godina/7.semestar/mips/gnu mcu/arm-none-eabi-gcc-10.2.1-1.1/bin/../lib/gcc/arm-none-eabi/10.2.1/../../../../arm-none-eabi/lib/thumb/v7-m/nofp\libc_nano.a(lib_a-itoa.o)
 .debug_frame   0x0000000000003e94       0x28 d:/faks/4. godina/7.semestar/mips/gnu mcu/arm-none-eabi-gcc-10.2.1-1.1/bin/../lib/gcc/arm-none-eabi/10.2.1/../../../../arm-none-eabi/lib/thumb/v7-m/nofp\libc_nano.a(lib_a-memcpy-stub.o)
 .debug_frame   0x0000000000003ebc       0x20 d:/faks/4. godina/7.semestar/mips/gnu mcu/arm-none-eabi-gcc-10.2.1-1.1/bin/../lib/gcc/arm-none-eabi/10.2.1/../../../../arm-none-eabi/lib/thumb/v7-m/nofp\libc_nano.a(lib_a-memset.o)
 .debug_frame   0x0000000000003edc       0x48 d:/faks/4. godina/7.semestar/mips/gnu mcu/arm-none-eabi-gcc-10.2.1-1.1/bin/../lib/gcc/arm-none-eabi/10.2.1/../../../../arm-none-eabi/lib/thumb/v7-m/nofp\libc_nano.a(lib_a-utoa.o)
 .debug_frame   0x0000000000003f24       0x30 d:/faks/4. godina/7.semestar/mips/gnu mcu/arm-none-eabi-gcc-10.2.1-1.1/bin/../lib/gcc/arm-none-eabi/10.2.1/thumb/v7-m/nofp\libgcc.a(_arm_muldf3.o)
 .debug_frame   0x0000000000003f54       0x24 d:/faks/4. godina/7.semestar/mips/gnu mcu/arm-none-eabi-gcc-10.2.1-1.1/bin/../lib/gcc/arm-none-eabi/10.2.1/thumb/v7-m/nofp\libgcc.a(_arm_mulsf3.o)
 .debug_frame   0x0000000000003f78       0xac d:/faks/4. godina/7.semestar/mips/gnu mcu/arm-none-eabi-gcc-10.2.1-1.1/bin/../lib/gcc/arm-none-eabi/10.2.1/thumb/v7-m/nofp\libgcc.a(_arm_addsubdf3.o)
 .debug_frame   0x0000000000004024       0x24 d:/faks/4. godina/7.semestar/mips/gnu mcu/arm-none-eabi-gcc-10.2.1-1.1/bin/../lib/gcc/arm-none-eabi/10.2.1/thumb/v7-m/nofp\libgcc.a(_arm_truncdfsf2.o)
 .debug_frame   0x0000000000004048       0x4c d:/faks/4. godina/7.semestar/mips/gnu mcu/arm-none-eabi-gcc-10.2.1-1.1/bin/../lib/gcc/arm-none-eabi/10.2.1/thumb/v7-m/nofp\libgcc.a(_arm_addsubsf3.o)
 .debug_frame   0x0000000000004094       0x24 d:/faks/4. godina/7.semestar/mips/gnu mcu/arm-none-eabi-gcc-10.2.1-1.1/bin/../lib/gcc/arm-none-eabi/10.2.1/thumb/v7-m/nofp\libgcc.a(_arm_fixunssfsi.o)

Cross Reference Table

Symbol                                            File
ADC1_2_IRQHandler                                 build/stm32f1xx_it.o
ADC_ConversionStop_Disable                        build/stm32f1xx_hal_adc.o
                                                  build/stm32f1xx_hal_adc_ex.o
ADC_DMAConvCplt                                   build/stm32f1xx_hal_adc.o
                                                  build/stm32f1xx_hal_adc_ex.o
ADC_DMAError                                      build/stm32f1xx_hal_adc.o
                                                  build/stm32f1xx_hal_adc_ex.o
ADC_DMAHalfConvCplt                               build/stm32f1xx_hal_adc.o
                                                  build/stm32f1xx_hal_adc_ex.o
ADC_Enable                                        build/stm32f1xx_hal_adc.o
                                                  build/stm32f1xx_hal_adc_ex.o
AHBPrescTable                                     build/system_stm32f1xx.o
                                                  build/stm32f1xx_hal_rcc.o
APBPrescTable                                     build/system_stm32f1xx.o
                                                  build/stm32f1xx_hal_rcc.o
BusFault_Handler                                  build/stm32f1xx_it.o
CAN1_RX1_IRQHandler                               build/startup_stm32f103x6_init.o
CAN1_SCE_IRQHandler                               build/startup_stm32f103x6_init.o
DMA1_Channel1_IRQHandler                          build/startup_stm32f103x6_init.o
DMA1_Channel2_IRQHandler                          build/startup_stm32f103x6_init.o
DMA1_Channel3_IRQHandler                          build/startup_stm32f103x6_init.o
DMA1_Channel4_IRQHandler                          build/startup_stm32f103x6_init.o
DMA1_Channel5_IRQHandler                          build/startup_stm32f103x6_init.o
DMA1_Channel6_IRQHandler                          build/startup_stm32f103x6_init.o
DMA1_Channel7_IRQHandler                          build/startup_stm32f103x6_init.o
DebugMon_Handler                                  build/stm32f1xx_it.o
Default_Handler                                   build/startup_stm32f103x6_init.o
EXTI0_IRQHandler                                  build/startup_stm32f103x6_init.o
EXTI15_10_IRQHandler                              build/startup_stm32f103x6_init.o
EXTI1_IRQHandler                                  build/startup_stm32f103x6_init.o
EXTI2_IRQHandler                                  build/startup_stm32f103x6_init.o
EXTI3_IRQHandler                                  build/startup_stm32f103x6_init.o
EXTI4_IRQHandler                                  build/startup_stm32f103x6_init.o
EXTI9_5_IRQHandler                                build/startup_stm32f103x6_init.o
Error_Handler                                     build/main.o
                                                  build/tim.o
                                                  build/usart.o
                                                  build/adc.o
FLASH_IRQHandler                                  build/startup_stm32f103x6_init.o
FLASH_PageErase                                   build/stm32f1xx_hal_flash_ex.o
                                                  build/stm32f1xx_hal_flash.o
FLASH_WaitForLastOperation                        build/stm32f1xx_hal_flash.o
                                                  build/stm32f1xx_hal_flash_ex.o
HAL_ADCEx_Calibration_Start                       build/stm32f1xx_hal_adc_ex.o
HAL_ADCEx_InjectedConfigChannel                   build/stm32f1xx_hal_adc_ex.o
HAL_ADCEx_InjectedConvCpltCallback                build/stm32f1xx_hal_adc_ex.o
                                                  build/stm32f1xx_hal_adc.o
HAL_ADCEx_InjectedGetValue                        build/stm32f1xx_hal_adc_ex.o
HAL_ADCEx_InjectedPollForConversion               build/stm32f1xx_hal_adc_ex.o
HAL_ADCEx_InjectedStart                           build/stm32f1xx_hal_adc_ex.o
HAL_ADCEx_InjectedStart_IT                        build/stm32f1xx_hal_adc_ex.o
HAL_ADCEx_InjectedStop                            build/stm32f1xx_hal_adc_ex.o
HAL_ADCEx_InjectedStop_IT                         build/stm32f1xx_hal_adc_ex.o
HAL_ADCEx_MultiModeConfigChannel                  build/stm32f1xx_hal_adc_ex.o
HAL_ADCEx_MultiModeGetValue                       build/stm32f1xx_hal_adc_ex.o
HAL_ADCEx_MultiModeStart_DMA                      build/stm32f1xx_hal_adc_ex.o
HAL_ADCEx_MultiModeStop_DMA                       build/stm32f1xx_hal_adc_ex.o
HAL_ADC_AnalogWDGConfig                           build/stm32f1xx_hal_adc.o
HAL_ADC_ConfigChannel                             build/stm32f1xx_hal_adc.o
                                                  build/adc.o
HAL_ADC_ConvCpltCallback                          build/driver_temp.o
                                                  build/stm32f1xx_hal_adc.o
HAL_ADC_ConvHalfCpltCallback                      build/stm32f1xx_hal_adc.o
HAL_ADC_DeInit                                    build/stm32f1xx_hal_adc.o
HAL_ADC_ErrorCallback                             build/stm32f1xx_hal_adc.o
HAL_ADC_GetError                                  build/stm32f1xx_hal_adc.o
HAL_ADC_GetState                                  build/stm32f1xx_hal_adc.o
HAL_ADC_GetValue                                  build/stm32f1xx_hal_adc.o
                                                  build/driver_temp.o
HAL_ADC_IRQHandler                                build/stm32f1xx_hal_adc.o
                                                  build/stm32f1xx_it.o